[2024-03-22T23:43:03.129+0400][gc] Using G1
[2024-03-22T23:43:03.130+0400][gc,init] Version: 17.0.2+8-LTS-86 (release)
[2024-03-22T23:43:03.130+0400][gc,init] CPUs: 8 total, 8 available
[2024-03-22T23:43:03.130+0400][gc,init] Memory: 16384M
[2024-03-22T23:43:03.130+0400][gc,init] Large Page Support: Disabled
[2024-03-22T23:43:03.130+0400][gc,init] NUMA Support: Disabled
[2024-03-22T23:43:03.130+0400][gc,init] Compressed Oops: Enabled (Zero based)
[2024-03-22T23:43:03.130+0400][gc,init] Heap Region Size: 1M
[2024-03-22T23:43:03.130+0400][gc,init] Heap Min Capacity: 1G
[2024-03-22T23:43:03.130+0400][gc,init] Heap Initial Capacity: 1G
[2024-03-22T23:43:03.130+0400][gc,init] Heap Max Capacity: 1G
[2024-03-22T23:43:03.130+0400][gc,init] Pre-touch: Disabled
[2024-03-22T23:43:03.130+0400][gc,init] Parallel Workers: 8
[2024-03-22T23:43:03.130+0400][gc,init] Concurrent Workers: 2
[2024-03-22T23:43:03.130+0400][gc,init] Concurrent Refinement Workers: 8
[2024-03-22T23:43:03.130+0400][gc,init] Periodic GC: Disabled
[2024-03-22T23:43:03.131+0400][gc,metaspace] CDS archive(s) mapped at: [0x0000000800000000-0x0000000800bd8000-0x0000000800bd8000), size 12419072, SharedBaseAddress: 0x0000000800000000, ArchiveRelocationMode: 0.
[2024-03-22T23:43:03.131+0400][gc,metaspace] Compressed class space mapped at: 0x0000000800c00000-0x0000000840c00000, reserved size: 1073741824
[2024-03-22T23:43:03.131+0400][gc,metaspace] Narrow klass base: 0x0000000800000000, Narrow klass shift: 0, Narrow klass range: 0x100000000
[2024-03-22T23:43:03.722+0400][gc,start    ] GC(0) Pause Young (Normal) (G1 Evacuation Pause)
[2024-03-22T23:43:03.722+0400][gc,task     ] GC(0) Using 8 workers of 8 for evacuation
[2024-03-22T23:43:03.725+0400][gc,phases   ] GC(0)   Pre Evacuate Collection Set: 0.1ms
[2024-03-22T23:43:03.725+0400][gc,phases   ] GC(0)   Merge Heap Roots: 0.0ms
[2024-03-22T23:43:03.725+0400][gc,phases   ] GC(0)   Evacuate Collection Set: 2.3ms
[2024-03-22T23:43:03.725+0400][gc,phases   ] GC(0)   Post Evacuate Collection Set: 0.2ms
[2024-03-22T23:43:03.725+0400][gc,phases   ] GC(0)   Other: 0.3ms
[2024-03-22T23:43:03.725+0400][gc,heap     ] GC(0) Eden regions: 51->0(44)
[2024-03-22T23:43:03.725+0400][gc,heap     ] GC(0) Survivor regions: 0->7(7)
[2024-03-22T23:43:03.725+0400][gc,heap     ] GC(0) Old regions: 0->1
[2024-03-22T23:43:03.725+0400][gc,heap     ] GC(0) Archive regions: 2->2
[2024-03-22T23:43:03.725+0400][gc,heap     ] GC(0) Humongous regions: 0->0
[2024-03-22T23:43:03.725+0400][gc,metaspace] GC(0) Metaspace: 18208K(18368K)->18208K(18368K) NonClass: 16033K(16128K)->16033K(16128K) Class: 2175K(2240K)->2175K(2240K)
[2024-03-22T23:43:03.725+0400][gc          ] GC(0) Pause Young (Normal) (G1 Evacuation Pause) 51M->8M(1024M) 2.975ms
[2024-03-22T23:43:03.725+0400][gc,cpu      ] GC(0) User=0.02s Sys=0.00s Real=0.00s
[2024-03-22T23:43:03.828+0400][gc,start    ] GC(1) Pause Young (Concurrent Start) (Metadata GC Threshold)
[2024-03-22T23:43:03.828+0400][gc,task     ] GC(1) Using 8 workers of 8 for evacuation
[2024-03-22T23:43:03.831+0400][gc,phases   ] GC(1)   Pre Evacuate Collection Set: 0.1ms
[2024-03-22T23:43:03.831+0400][gc,phases   ] GC(1)   Merge Heap Roots: 0.0ms
[2024-03-22T23:43:03.831+0400][gc,phases   ] GC(1)   Evacuate Collection Set: 2.2ms
[2024-03-22T23:43:03.831+0400][gc,phases   ] GC(1)   Post Evacuate Collection Set: 0.2ms
[2024-03-22T23:43:03.831+0400][gc,phases   ] GC(1)   Other: 0.1ms
[2024-03-22T23:43:03.831+0400][gc,heap     ] GC(1) Eden regions: 13->0(49)
[2024-03-22T23:43:03.831+0400][gc,heap     ] GC(1) Survivor regions: 7->2(7)
[2024-03-22T23:43:03.831+0400][gc,heap     ] GC(1) Old regions: 1->8
[2024-03-22T23:43:03.831+0400][gc,heap     ] GC(1) Archive regions: 2->2
[2024-03-22T23:43:03.831+0400][gc,heap     ] GC(1) Humongous regions: 0->0
[2024-03-22T23:43:03.831+0400][gc,metaspace] GC(1) Metaspace: 21289K(21504K)->21289K(21504K) NonClass: 18698K(18816K)->18698K(18816K) Class: 2591K(2688K)->2591K(2688K)
[2024-03-22T23:43:03.831+0400][gc          ] GC(1) Pause Young (Concurrent Start) (Metadata GC Threshold) 20M->9M(1024M) 2.705ms
[2024-03-22T23:43:03.831+0400][gc,cpu      ] GC(1) User=0.01s Sys=0.00s Real=0.01s
[2024-03-22T23:43:03.831+0400][gc          ] GC(2) Concurrent Mark Cycle
[2024-03-22T23:43:03.831+0400][gc,marking  ] GC(2) Concurrent Clear Claimed Marks
[2024-03-22T23:43:03.831+0400][gc,marking  ] GC(2) Concurrent Clear Claimed Marks 0.012ms
[2024-03-22T23:43:03.831+0400][gc,marking  ] GC(2) Concurrent Scan Root Regions
[2024-03-22T23:43:03.832+0400][gc,marking  ] GC(2) Concurrent Scan Root Regions 1.354ms
[2024-03-22T23:43:03.832+0400][gc,marking  ] GC(2) Concurrent Mark
[2024-03-22T23:43:03.832+0400][gc,marking  ] GC(2) Concurrent Mark From Roots
[2024-03-22T23:43:03.832+0400][gc,task     ] GC(2) Using 2 workers of 2 for marking
[2024-03-22T23:43:03.833+0400][gc,marking  ] GC(2) Concurrent Mark From Roots 0.724ms
[2024-03-22T23:43:03.833+0400][gc,marking  ] GC(2) Concurrent Preclean
[2024-03-22T23:43:03.833+0400][gc,marking  ] GC(2) Concurrent Preclean 0.012ms
[2024-03-22T23:43:03.833+0400][gc,start    ] GC(2) Pause Remark
[2024-03-22T23:43:03.834+0400][gc          ] GC(2) Pause Remark 10M->10M(1024M) 0.827ms
[2024-03-22T23:43:03.834+0400][gc,cpu      ] GC(2) User=0.00s Sys=0.00s Real=0.00s
[2024-03-22T23:43:03.834+0400][gc,marking  ] GC(2) Concurrent Mark 1.699ms
[2024-03-22T23:43:03.834+0400][gc,marking  ] GC(2) Concurrent Rebuild Remembered Sets
[2024-03-22T23:43:03.836+0400][gc,marking  ] GC(2) Concurrent Rebuild Remembered Sets 1.545ms
[2024-03-22T23:43:03.836+0400][gc,start    ] GC(2) Pause Cleanup
[2024-03-22T23:43:03.836+0400][gc          ] GC(2) Pause Cleanup 10M->10M(1024M) 0.082ms
[2024-03-22T23:43:03.836+0400][gc,cpu      ] GC(2) User=0.01s Sys=0.00s Real=0.00s
[2024-03-22T23:43:03.836+0400][gc,marking  ] GC(2) Concurrent Cleanup for Next Mark
[2024-03-22T23:43:03.837+0400][gc,marking  ] GC(2) Concurrent Cleanup for Next Mark 1.511ms
[2024-03-22T23:43:03.837+0400][gc          ] GC(2) Concurrent Mark Cycle 6.454ms
[2024-03-22T23:43:04.217+0400][gc,start    ] GC(3) Pause Young (Normal) (G1 Evacuation Pause)
[2024-03-22T23:43:04.217+0400][gc,task     ] GC(3) Using 8 workers of 8 for evacuation
[2024-03-22T23:43:04.220+0400][gc,phases   ] GC(3)   Pre Evacuate Collection Set: 0.1ms
[2024-03-22T23:43:04.220+0400][gc,phases   ] GC(3)   Merge Heap Roots: 0.0ms
[2024-03-22T23:43:04.220+0400][gc,phases   ] GC(3)   Evacuate Collection Set: 2.1ms
[2024-03-22T23:43:04.220+0400][gc,phases   ] GC(3)   Post Evacuate Collection Set: 0.2ms
[2024-03-22T23:43:04.220+0400][gc,phases   ] GC(3)   Other: 0.1ms
[2024-03-22T23:43:04.220+0400][gc,heap     ] GC(3) Eden regions: 49->0(45)
[2024-03-22T23:43:04.220+0400][gc,heap     ] GC(3) Survivor regions: 2->6(7)
[2024-03-22T23:43:04.220+0400][gc,heap     ] GC(3) Old regions: 8->8
[2024-03-22T23:43:04.220+0400][gc,heap     ] GC(3) Archive regions: 2->2
[2024-03-22T23:43:04.220+0400][gc,heap     ] GC(3) Humongous regions: 129->129
[2024-03-22T23:43:04.220+0400][gc,metaspace] GC(3) Metaspace: 30353K(30592K)->30353K(30592K) NonClass: 26885K(27008K)->26885K(27008K) Class: 3468K(3584K)->3468K(3584K)
[2024-03-22T23:43:04.220+0400][gc          ] GC(3) Pause Young (Normal) (G1 Evacuation Pause) 187M->143M(1024M) 2.623ms
[2024-03-22T23:43:04.220+0400][gc,cpu      ] GC(3) User=0.02s Sys=0.00s Real=0.01s
[2024-03-22T23:43:04.350+0400][gc,start    ] GC(4) Pause Young (Concurrent Start) (Metadata GC Threshold)
[2024-03-22T23:43:04.350+0400][gc,task     ] GC(4) Using 8 workers of 8 for evacuation
[2024-03-22T23:43:04.353+0400][gc,phases   ] GC(4)   Pre Evacuate Collection Set: 0.1ms
[2024-03-22T23:43:04.353+0400][gc,phases   ] GC(4)   Merge Heap Roots: 0.1ms
[2024-03-22T23:43:04.353+0400][gc,phases   ] GC(4)   Evacuate Collection Set: 2.5ms
[2024-03-22T23:43:04.353+0400][gc,phases   ] GC(4)   Post Evacuate Collection Set: 0.3ms
[2024-03-22T23:43:04.353+0400][gc,phases   ] GC(4)   Other: 0.1ms
[2024-03-22T23:43:04.353+0400][gc,heap     ] GC(4) Eden regions: 22->0(49)
[2024-03-22T23:43:04.353+0400][gc,heap     ] GC(4) Survivor regions: 6->2(7)
[2024-03-22T23:43:04.353+0400][gc,heap     ] GC(4) Old regions: 8->14
[2024-03-22T23:43:04.353+0400][gc,heap     ] GC(4) Archive regions: 2->2
[2024-03-22T23:43:04.353+0400][gc,heap     ] GC(4) Humongous regions: 129->129
[2024-03-22T23:43:04.353+0400][gc,metaspace] GC(4) Metaspace: 35645K(35968K)->35645K(35968K) NonClass: 31594K(31744K)->31594K(31744K) Class: 4051K(4224K)->4051K(4224K)
[2024-03-22T23:43:04.353+0400][gc          ] GC(4) Pause Young (Concurrent Start) (Metadata GC Threshold) 164M->145M(1024M) 3.214ms
[2024-03-22T23:43:04.353+0400][gc,cpu      ] GC(4) User=0.02s Sys=0.00s Real=0.00s
[2024-03-22T23:43:04.353+0400][gc          ] GC(5) Concurrent Mark Cycle
[2024-03-22T23:43:04.353+0400][gc,marking  ] GC(5) Concurrent Clear Claimed Marks
[2024-03-22T23:43:04.353+0400][gc,marking  ] GC(5) Concurrent Clear Claimed Marks 0.018ms
[2024-03-22T23:43:04.353+0400][gc,marking  ] GC(5) Concurrent Scan Root Regions
[2024-03-22T23:43:04.355+0400][gc,marking  ] GC(5) Concurrent Scan Root Regions 1.909ms
[2024-03-22T23:43:04.355+0400][gc,marking  ] GC(5) Concurrent Mark
[2024-03-22T23:43:04.355+0400][gc,marking  ] GC(5) Concurrent Mark From Roots
[2024-03-22T23:43:04.355+0400][gc,task     ] GC(5) Using 2 workers of 2 for marking
[2024-03-22T23:43:04.358+0400][gc,marking  ] GC(5) Concurrent Mark From Roots 2.887ms
[2024-03-22T23:43:04.359+0400][gc,marking  ] GC(5) Concurrent Preclean
[2024-03-22T23:43:04.359+0400][gc,marking  ] GC(5) Concurrent Preclean 0.059ms
[2024-03-22T23:43:04.359+0400][gc,start    ] GC(5) Pause Remark
[2024-03-22T23:43:04.360+0400][gc          ] GC(5) Pause Remark 145M->145M(1024M) 1.365ms
[2024-03-22T23:43:04.361+0400][gc,cpu      ] GC(5) User=0.01s Sys=0.00s Real=0.01s
[2024-03-22T23:43:04.361+0400][gc,marking  ] GC(5) Concurrent Mark 5.679ms
[2024-03-22T23:43:04.361+0400][gc,marking  ] GC(5) Concurrent Rebuild Remembered Sets
[2024-03-22T23:43:04.364+0400][gc,marking  ] GC(5) Concurrent Rebuild Remembered Sets 3.329ms
[2024-03-22T23:43:04.364+0400][gc,start    ] GC(5) Pause Cleanup
[2024-03-22T23:43:04.364+0400][gc          ] GC(5) Pause Cleanup 146M->146M(1024M) 0.091ms
[2024-03-22T23:43:04.364+0400][gc,cpu      ] GC(5) User=0.00s Sys=0.00s Real=0.00s
[2024-03-22T23:43:04.364+0400][gc,marking  ] GC(5) Concurrent Cleanup for Next Mark
[2024-03-22T23:43:04.366+0400][gc,marking  ] GC(5) Concurrent Cleanup for Next Mark 1.362ms
[2024-03-22T23:43:04.366+0400][gc          ] GC(5) Concurrent Mark Cycle 12.775ms
[2024-03-22T23:46:49.147+0400][gc,start    ] GC(6) Pause Young (Normal) (G1 Evacuation Pause)
[2024-03-22T23:46:49.148+0400][gc,task     ] GC(6) Using 8 workers of 8 for evacuation
[2024-03-22T23:46:49.188+0400][gc,mmu      ] GC(6) MMU target violated: 21.0ms (20.0ms/21.0ms)
[2024-03-22T23:46:49.188+0400][gc,phases   ] GC(6)   Pre Evacuate Collection Set: 0.4ms
[2024-03-22T23:46:49.188+0400][gc,phases   ] GC(6)   Merge Heap Roots: 0.1ms
[2024-03-22T23:46:49.188+0400][gc,phases   ] GC(6)   Evacuate Collection Set: 39.0ms
[2024-03-22T23:46:49.188+0400][gc,phases   ] GC(6)   Post Evacuate Collection Set: 0.8ms
[2024-03-22T23:46:49.188+0400][gc,phases   ] GC(6)   Other: 1.3ms
[2024-03-22T23:46:49.188+0400][gc,heap     ] GC(6) Eden regions: 49->0(45)
[2024-03-22T23:46:49.188+0400][gc,heap     ] GC(6) Survivor regions: 2->6(7)
[2024-03-22T23:46:49.188+0400][gc,heap     ] GC(6) Old regions: 14->14
[2024-03-22T23:46:49.188+0400][gc,heap     ] GC(6) Archive regions: 2->2
[2024-03-22T23:46:49.188+0400][gc,heap     ] GC(6) Humongous regions: 141->129
[2024-03-22T23:46:49.188+0400][gc,metaspace] GC(6) Metaspace: 41315K(41920K)->41315K(41920K) NonClass: 36394K(36736K)->36394K(36736K) Class: 4920K(5184K)->4920K(5184K)
[2024-03-22T23:46:49.188+0400][gc          ] GC(6) Pause Young (Normal) (G1 Evacuation Pause) 206M->148M(1024M) 41.522ms
[2024-03-22T23:46:49.188+0400][gc,cpu      ] GC(6) User=0.03s Sys=0.04s Real=0.04s
[2024-03-22T23:55:08.672+0400][gc,start    ] GC(7) Pause Young (Normal) (G1 Evacuation Pause)
[2024-03-22T23:55:08.673+0400][gc,task     ] GC(7) Using 8 workers of 8 for evacuation
[2024-03-22T23:55:08.685+0400][gc,phases   ] GC(7)   Pre Evacuate Collection Set: 0.4ms
[2024-03-22T23:55:08.685+0400][gc,phases   ] GC(7)   Merge Heap Roots: 0.1ms
[2024-03-22T23:55:08.685+0400][gc,phases   ] GC(7)   Evacuate Collection Set: 10.7ms
[2024-03-22T23:55:08.685+0400][gc,phases   ] GC(7)   Post Evacuate Collection Set: 0.8ms
[2024-03-22T23:55:08.685+0400][gc,phases   ] GC(7)   Other: 1.4ms
[2024-03-22T23:55:08.685+0400][gc,heap     ] GC(7) Eden regions: 45->0(48)
[2024-03-22T23:55:08.685+0400][gc,heap     ] GC(7) Survivor regions: 6->3(7)
[2024-03-22T23:55:08.685+0400][gc,heap     ] GC(7) Old regions: 14->17
[2024-03-22T23:55:08.685+0400][gc,heap     ] GC(7) Archive regions: 2->2
[2024-03-22T23:55:08.685+0400][gc,heap     ] GC(7) Humongous regions: 129->129
[2024-03-22T23:55:08.685+0400][gc,metaspace] GC(7) Metaspace: 41729K(42368K)->41729K(42368K) NonClass: 36761K(37120K)->36761K(37120K) Class: 4968K(5248K)->4968K(5248K)
[2024-03-22T23:55:08.685+0400][gc          ] GC(7) Pause Young (Normal) (G1 Evacuation Pause) 193M->148M(1024M) 13.649ms
[2024-03-22T23:55:08.685+0400][gc,cpu      ] GC(7) User=0.03s Sys=0.01s Real=0.01s
[2024-03-23T01:15:11.275+0400][gc,start    ] GC(8) Pause Young (Normal) (G1 Evacuation Pause)
[2024-03-23T01:15:11.276+0400][gc,task     ] GC(8) Using 8 workers of 8 for evacuation
[2024-03-23T01:15:11.291+0400][gc,phases   ] GC(8)   Pre Evacuate Collection Set: 0.9ms
[2024-03-23T01:15:11.291+0400][gc,phases   ] GC(8)   Merge Heap Roots: 0.1ms
[2024-03-23T01:15:11.291+0400][gc,phases   ] GC(8)   Evacuate Collection Set: 13.1ms
[2024-03-23T01:15:11.291+0400][gc,phases   ] GC(8)   Post Evacuate Collection Set: 0.5ms
[2024-03-23T01:15:11.291+0400][gc,phases   ] GC(8)   Other: 1.7ms
[2024-03-23T01:15:11.291+0400][gc,heap     ] GC(8) Eden regions: 48->0(47)
[2024-03-23T01:15:11.291+0400][gc,heap     ] GC(8) Survivor regions: 3->4(7)
[2024-03-23T01:15:11.291+0400][gc,heap     ] GC(8) Old regions: 17->17
[2024-03-23T01:15:11.291+0400][gc,heap     ] GC(8) Archive regions: 2->2
[2024-03-23T01:15:11.291+0400][gc,heap     ] GC(8) Humongous regions: 129->129
[2024-03-23T01:15:11.291+0400][gc,metaspace] GC(8) Metaspace: 41963K(42560K)->41963K(42560K) NonClass: 36986K(37312K)->36986K(37312K) Class: 4977K(5248K)->4977K(5248K)
[2024-03-23T01:15:11.291+0400][gc          ] GC(8) Pause Young (Normal) (G1 Evacuation Pause) 196M->149M(1024M) 16.600ms
[2024-03-23T01:15:11.291+0400][gc,cpu      ] GC(8) User=0.03s Sys=0.03s Real=0.02s
[2024-03-23T09:21:30.154+0400][gc,start    ] GC(9) Pause Young (Normal) (G1 Evacuation Pause)
[2024-03-23T09:21:30.155+0400][gc,task     ] GC(9) Using 8 workers of 8 for evacuation
[2024-03-23T09:21:30.173+0400][gc,phases   ] GC(9)   Pre Evacuate Collection Set: 1.0ms
[2024-03-23T09:21:30.173+0400][gc,phases   ] GC(9)   Merge Heap Roots: 0.4ms
[2024-03-23T09:21:30.173+0400][gc,phases   ] GC(9)   Evacuate Collection Set: 14.7ms
[2024-03-23T09:21:30.173+0400][gc,phases   ] GC(9)   Post Evacuate Collection Set: 1.1ms
[2024-03-23T09:21:30.173+0400][gc,phases   ] GC(9)   Other: 1.8ms
[2024-03-23T09:21:30.173+0400][gc,heap     ] GC(9) Eden regions: 47->0(47)
[2024-03-23T09:21:30.173+0400][gc,heap     ] GC(9) Survivor regions: 4->4(7)
[2024-03-23T09:21:30.173+0400][gc,heap     ] GC(9) Old regions: 17->17
[2024-03-23T09:21:30.173+0400][gc,heap     ] GC(9) Archive regions: 2->2
[2024-03-23T09:21:30.173+0400][gc,heap     ] GC(9) Humongous regions: 129->129
[2024-03-23T09:21:30.174+0400][gc,metaspace] GC(9) Metaspace: 42432K(43008K)->42432K(43008K) NonClass: 37378K(37696K)->37378K(37696K) Class: 5053K(5312K)->5053K(5312K)
[2024-03-23T09:21:30.174+0400][gc          ] GC(9) Pause Young (Normal) (G1 Evacuation Pause) 196M->149M(1024M) 19.617ms
[2024-03-23T09:21:30.174+0400][gc,cpu      ] GC(9) User=0.03s Sys=0.02s Real=0.02s
[2024-03-23T09:54:47.461+0400][gc,start    ] GC(10) Pause Young (Normal) (G1 Evacuation Pause)
[2024-03-23T09:54:47.462+0400][gc,task     ] GC(10) Using 8 workers of 8 for evacuation
[2024-03-23T09:54:47.473+0400][gc,phases   ] GC(10)   Pre Evacuate Collection Set: 0.6ms
[2024-03-23T09:54:47.473+0400][gc,phases   ] GC(10)   Merge Heap Roots: 0.1ms
[2024-03-23T09:54:47.473+0400][gc,phases   ] GC(10)   Evacuate Collection Set: 8.9ms
[2024-03-23T09:54:47.473+0400][gc,phases   ] GC(10)   Post Evacuate Collection Set: 0.7ms
[2024-03-23T09:54:47.473+0400][gc,phases   ] GC(10)   Other: 1.8ms
[2024-03-23T09:54:47.473+0400][gc,heap     ] GC(10) Eden regions: 47->0(47)
[2024-03-23T09:54:47.473+0400][gc,heap     ] GC(10) Survivor regions: 4->4(7)
[2024-03-23T09:54:47.473+0400][gc,heap     ] GC(10) Old regions: 17->17
[2024-03-23T09:54:47.473+0400][gc,heap     ] GC(10) Archive regions: 2->2
[2024-03-23T09:54:47.473+0400][gc,heap     ] GC(10) Humongous regions: 129->129
[2024-03-23T09:54:47.473+0400][gc,metaspace] GC(10) Metaspace: 42484K(43072K)->42484K(43072K) NonClass: 37430K(37760K)->37430K(37760K) Class: 5053K(5312K)->5053K(5312K)
[2024-03-23T09:54:47.473+0400][gc          ] GC(10) Pause Young (Normal) (G1 Evacuation Pause) 196M->149M(1024M) 12.304ms
[2024-03-23T09:54:47.473+0400][gc,cpu      ] GC(10) User=0.02s Sys=0.01s Real=0.01s
[2024-03-23T12:04:20.571+0400][gc,start    ] GC(11) Pause Young (Normal) (G1 Evacuation Pause)
[2024-03-23T12:04:20.573+0400][gc,task     ] GC(11) Using 8 workers of 8 for evacuation
[2024-03-23T12:04:20.591+0400][gc,phases   ] GC(11)   Pre Evacuate Collection Set: 1.1ms
[2024-03-23T12:04:20.591+0400][gc,phases   ] GC(11)   Merge Heap Roots: 0.2ms
[2024-03-23T12:04:20.591+0400][gc,phases   ] GC(11)   Evacuate Collection Set: 15.7ms
[2024-03-23T12:04:20.591+0400][gc,phases   ] GC(11)   Post Evacuate Collection Set: 0.8ms
[2024-03-23T12:04:20.591+0400][gc,phases   ] GC(11)   Other: 2.2ms
[2024-03-23T12:04:20.591+0400][gc,heap     ] GC(11) Eden regions: 47->0(51)
[2024-03-23T12:04:20.591+0400][gc,heap     ] GC(11) Survivor regions: 4->4(7)
[2024-03-23T12:04:20.591+0400][gc,heap     ] GC(11) Old regions: 17->17
[2024-03-23T12:04:20.591+0400][gc,heap     ] GC(11) Archive regions: 2->2
[2024-03-23T12:04:20.591+0400][gc,heap     ] GC(11) Humongous regions: 129->129
[2024-03-23T12:04:20.591+0400][gc,metaspace] GC(11) Metaspace: 42576K(43136K)->42576K(43136K) NonClass: 37521K(37824K)->37521K(37824K) Class: 5054K(5312K)->5054K(5312K)
[2024-03-23T12:04:20.591+0400][gc          ] GC(11) Pause Young (Normal) (G1 Evacuation Pause) 196M->149M(1024M) 20.087ms
[2024-03-23T12:04:20.591+0400][gc,cpu      ] GC(11) User=0.02s Sys=0.02s Real=0.02s
[2024-03-23T14:37:54.397+0400][gc,start    ] GC(12) Pause Young (Normal) (G1 Evacuation Pause)
[2024-03-23T14:37:54.398+0400][gc,task     ] GC(12) Using 8 workers of 8 for evacuation
[2024-03-23T14:37:54.407+0400][gc,phases   ] GC(12)   Pre Evacuate Collection Set: 0.3ms
[2024-03-23T14:37:54.407+0400][gc,phases   ] GC(12)   Merge Heap Roots: 0.1ms
[2024-03-23T14:37:54.407+0400][gc,phases   ] GC(12)   Evacuate Collection Set: 7.8ms
[2024-03-23T14:37:54.407+0400][gc,phases   ] GC(12)   Post Evacuate Collection Set: 0.8ms
[2024-03-23T14:37:54.407+0400][gc,phases   ] GC(12)   Other: 1.5ms
[2024-03-23T14:37:54.408+0400][gc,heap     ] GC(12) Eden regions: 51->0(78)
[2024-03-23T14:37:54.408+0400][gc,heap     ] GC(12) Survivor regions: 4->4(7)
[2024-03-23T14:37:54.408+0400][gc,heap     ] GC(12) Old regions: 17->17
[2024-03-23T14:37:54.408+0400][gc,heap     ] GC(12) Archive regions: 2->2
[2024-03-23T14:37:54.408+0400][gc,heap     ] GC(12) Humongous regions: 129->129
[2024-03-23T14:37:54.408+0400][gc,metaspace] GC(12) Metaspace: 42625K(43200K)->42625K(43200K) NonClass: 37571K(37888K)->37571K(37888K) Class: 5054K(5312K)->5054K(5312K)
[2024-03-23T14:37:54.408+0400][gc          ] GC(12) Pause Young (Normal) (G1 Evacuation Pause) 200M->150M(1024M) 10.943ms
[2024-03-23T14:37:54.408+0400][gc,cpu      ] GC(12) User=0.03s Sys=0.00s Real=0.01s
[2024-03-23T16:30:21.460+0400][gc,start    ] GC(13) Pause Young (Normal) (G1 Evacuation Pause)
[2024-03-23T16:30:21.461+0400][gc,task     ] GC(13) Using 8 workers of 8 for evacuation
[2024-03-23T16:30:21.475+0400][gc,phases   ] GC(13)   Pre Evacuate Collection Set: 0.7ms
[2024-03-23T16:30:21.475+0400][gc,phases   ] GC(13)   Merge Heap Roots: 0.1ms
[2024-03-23T16:30:21.475+0400][gc,phases   ] GC(13)   Evacuate Collection Set: 12.2ms
[2024-03-23T16:30:21.475+0400][gc,phases   ] GC(13)   Post Evacuate Collection Set: 0.7ms
[2024-03-23T16:30:21.476+0400][gc,phases   ] GC(13)   Other: 2.3ms
[2024-03-23T16:30:21.476+0400][gc,heap     ] GC(13) Eden regions: 78->0(110)
[2024-03-23T16:30:21.476+0400][gc,heap     ] GC(13) Survivor regions: 4->5(11)
[2024-03-23T16:30:21.476+0400][gc,heap     ] GC(13) Old regions: 17->17
[2024-03-23T16:30:21.476+0400][gc,heap     ] GC(13) Archive regions: 2->2
[2024-03-23T16:30:21.476+0400][gc,heap     ] GC(13) Humongous regions: 129->129
[2024-03-23T16:30:21.476+0400][gc,metaspace] GC(13) Metaspace: 42761K(43392K)->42761K(43392K) NonClass: 37672K(38016K)->37672K(38016K) Class: 5089K(5376K)->5089K(5376K)
[2024-03-23T16:30:21.476+0400][gc          ] GC(13) Pause Young (Normal) (G1 Evacuation Pause) 228M->151M(1024M) 16.096ms
[2024-03-23T16:30:21.476+0400][gc,cpu      ] GC(13) User=0.03s Sys=0.01s Real=0.01s
[2024-03-23T17:30:41.927+0400][gc,start    ] GC(14) Pause Young (Normal) (G1 Evacuation Pause)
[2024-03-23T17:30:41.928+0400][gc,task     ] GC(14) Using 8 workers of 8 for evacuation
[2024-03-23T17:30:41.943+0400][gc,phases   ] GC(14)   Pre Evacuate Collection Set: 0.6ms
[2024-03-23T17:30:41.943+0400][gc,phases   ] GC(14)   Merge Heap Roots: 0.1ms
[2024-03-23T17:30:41.943+0400][gc,phases   ] GC(14)   Evacuate Collection Set: 13.0ms
[2024-03-23T17:30:41.943+0400][gc,phases   ] GC(14)   Post Evacuate Collection Set: 0.7ms
[2024-03-23T17:30:41.943+0400][gc,phases   ] GC(14)   Other: 1.2ms
[2024-03-23T17:30:41.943+0400][gc,heap     ] GC(14) Eden regions: 110->0(78)
[2024-03-23T17:30:41.943+0400][gc,heap     ] GC(14) Survivor regions: 5->6(15)
[2024-03-23T17:30:41.943+0400][gc,heap     ] GC(14) Old regions: 17->17
[2024-03-23T17:30:41.943+0400][gc,heap     ] GC(14) Archive regions: 2->2
[2024-03-23T17:30:41.943+0400][gc,heap     ] GC(14) Humongous regions: 129->129
[2024-03-23T17:30:41.943+0400][gc,metaspace] GC(14) Metaspace: 42776K(43392K)->42776K(43392K) NonClass: 37687K(38016K)->37687K(38016K) Class: 5089K(5376K)->5089K(5376K)
[2024-03-23T17:30:41.943+0400][gc          ] GC(14) Pause Young (Normal) (G1 Evacuation Pause) 261M->152M(1024M) 15.991ms
[2024-03-23T17:30:41.943+0400][gc,cpu      ] GC(14) User=0.03s Sys=0.02s Real=0.02s
[2024-03-23T17:55:12.532+0400][gc,start    ] GC(15) Pause Young (Normal) (G1 Evacuation Pause)
[2024-03-23T17:55:12.534+0400][gc,task     ] GC(15) Using 8 workers of 8 for evacuation
[2024-03-23T17:55:12.549+0400][gc,phases   ] GC(15)   Pre Evacuate Collection Set: 0.7ms
[2024-03-23T17:55:12.549+0400][gc,phases   ] GC(15)   Merge Heap Roots: 0.2ms
[2024-03-23T17:55:12.549+0400][gc,phases   ] GC(15)   Evacuate Collection Set: 13.2ms
[2024-03-23T17:55:12.549+0400][gc,phases   ] GC(15)   Post Evacuate Collection Set: 0.8ms
[2024-03-23T17:55:12.549+0400][gc,phases   ] GC(15)   Other: 1.8ms
[2024-03-23T17:55:12.549+0400][gc,heap     ] GC(15) Eden regions: 78->0(192)
[2024-03-23T17:55:12.549+0400][gc,heap     ] GC(15) Survivor regions: 6->6(11)
[2024-03-23T17:55:12.549+0400][gc,heap     ] GC(15) Old regions: 17->17
[2024-03-23T17:55:12.549+0400][gc,heap     ] GC(15) Archive regions: 2->2
[2024-03-23T17:55:12.549+0400][gc,heap     ] GC(15) Humongous regions: 129->129
[2024-03-23T17:55:12.549+0400][gc,metaspace] GC(15) Metaspace: 42778K(43392K)->42778K(43392K) NonClass: 37689K(38016K)->37689K(38016K) Class: 5089K(5376K)->5089K(5376K)
[2024-03-23T17:55:12.549+0400][gc          ] GC(15) Pause Young (Normal) (G1 Evacuation Pause) 230M->152M(1024M) 16.863ms
[2024-03-23T17:55:12.549+0400][gc,cpu      ] GC(15) User=0.03s Sys=0.02s Real=0.01s
[2024-03-23T19:08:42.291+0400][gc,start    ] GC(16) Pause Young (Normal) (G1 Evacuation Pause)
[2024-03-23T19:08:42.293+0400][gc,task     ] GC(16) Using 8 workers of 8 for evacuation
[2024-03-23T19:08:42.311+0400][gc,phases   ] GC(16)   Pre Evacuate Collection Set: 0.7ms
[2024-03-23T19:08:42.311+0400][gc,phases   ] GC(16)   Merge Heap Roots: 0.2ms
[2024-03-23T19:08:42.311+0400][gc,phases   ] GC(16)   Evacuate Collection Set: 16.1ms
[2024-03-23T19:08:42.311+0400][gc,phases   ] GC(16)   Post Evacuate Collection Set: 0.9ms
[2024-03-23T19:08:42.311+0400][gc,phases   ] GC(16)   Other: 2.3ms
[2024-03-23T19:08:42.311+0400][gc,heap     ] GC(16) Eden regions: 192->0(608)
[2024-03-23T19:08:42.311+0400][gc,heap     ] GC(16) Survivor regions: 6->6(25)
[2024-03-23T19:08:42.311+0400][gc,heap     ] GC(16) Old regions: 17->17
[2024-03-23T19:08:42.311+0400][gc,heap     ] GC(16) Archive regions: 2->2
[2024-03-23T19:08:42.311+0400][gc,heap     ] GC(16) Humongous regions: 129->129
[2024-03-23T19:08:42.311+0400][gc,metaspace] GC(16) Metaspace: 42794K(43392K)->42794K(43392K) NonClass: 37705K(38016K)->37705K(38016K) Class: 5089K(5376K)->5089K(5376K)
[2024-03-23T19:08:42.311+0400][gc          ] GC(16) Pause Young (Normal) (G1 Evacuation Pause) 344M->151M(1024M) 20.279ms
[2024-03-23T19:08:42.312+0400][gc,cpu      ] GC(16) User=0.04s Sys=0.02s Real=0.02s
[2024-03-23T23:28:34.351+0400][gc,heap,exit] Heap
[2024-03-23T23:28:34.351+0400][gc,heap,exit]  garbage-first heap   total 1048576K, used 454657K [0x00000007c0000000, 0x0000000800000000)
[2024-03-23T23:28:34.351+0400][gc,heap,exit]   region size 1024K, 299 young (306176K), 6 survivors (6144K)
[2024-03-23T23:28:34.351+0400][gc,heap,exit]  Metaspace       used 43634K, committed 44224K, reserved 1089536K
[2024-03-23T23:28:34.351+0400][gc,heap,exit]   class space    used 5260K, committed 5504K, reserved 1048576K
