[2024-03-23T23:29:13.239+0400][gc] Using G1
[2024-03-23T23:29:13.241+0400][gc,init] Version: 17.0.2+8-LTS-86 (release)
[2024-03-23T23:29:13.241+0400][gc,init] CPUs: 8 total, 8 available
[2024-03-23T23:29:13.241+0400][gc,init] Memory: 16384M
[2024-03-23T23:29:13.241+0400][gc,init] Large Page Support: Disabled
[2024-03-23T23:29:13.241+0400][gc,init] NUMA Support: Disabled
[2024-03-23T23:29:13.241+0400][gc,init] Compressed Oops: Enabled (Zero based)
[2024-03-23T23:29:13.241+0400][gc,init] Heap Region Size: 1M
[2024-03-23T23:29:13.241+0400][gc,init] Heap Min Capacity: 1G
[2024-03-23T23:29:13.241+0400][gc,init] Heap Initial Capacity: 1G
[2024-03-23T23:29:13.241+0400][gc,init] Heap Max Capacity: 1G
[2024-03-23T23:29:13.241+0400][gc,init] Pre-touch: Disabled
[2024-03-23T23:29:13.241+0400][gc,init] Parallel Workers: 8
[2024-03-23T23:29:13.241+0400][gc,init] Concurrent Workers: 2
[2024-03-23T23:29:13.241+0400][gc,init] Concurrent Refinement Workers: 8
[2024-03-23T23:29:13.241+0400][gc,init] Periodic GC: Disabled
[2024-03-23T23:29:13.241+0400][gc,metaspace] CDS archive(s) mapped at: [0x0000000800000000-0x0000000800bd8000-0x0000000800bd8000), size 12419072, SharedBaseAddress: 0x0000000800000000, ArchiveRelocationMode: 0.
[2024-03-23T23:29:13.241+0400][gc,metaspace] Compressed class space mapped at: 0x0000000800c00000-0x0000000840c00000, reserved size: 1073741824
[2024-03-23T23:29:13.241+0400][gc,metaspace] Narrow klass base: 0x0000000800000000, Narrow klass shift: 0, Narrow klass range: 0x100000000
[2024-03-23T23:29:13.873+0400][gc,start    ] GC(0) Pause Young (Normal) (G1 Evacuation Pause)
[2024-03-23T23:29:13.873+0400][gc,task     ] GC(0) Using 8 workers of 8 for evacuation
[2024-03-23T23:29:13.876+0400][gc,phases   ] GC(0)   Pre Evacuate Collection Set: 0.1ms
[2024-03-23T23:29:13.876+0400][gc,phases   ] GC(0)   Merge Heap Roots: 0.0ms
[2024-03-23T23:29:13.876+0400][gc,phases   ] GC(0)   Evacuate Collection Set: 2.2ms
[2024-03-23T23:29:13.876+0400][gc,phases   ] GC(0)   Post Evacuate Collection Set: 0.2ms
[2024-03-23T23:29:13.876+0400][gc,phases   ] GC(0)   Other: 0.3ms
[2024-03-23T23:29:13.876+0400][gc,heap     ] GC(0) Eden regions: 51->0(44)
[2024-03-23T23:29:13.876+0400][gc,heap     ] GC(0) Survivor regions: 0->7(7)
[2024-03-23T23:29:13.876+0400][gc,heap     ] GC(0) Old regions: 0->2
[2024-03-23T23:29:13.876+0400][gc,heap     ] GC(0) Archive regions: 2->2
[2024-03-23T23:29:13.876+0400][gc,heap     ] GC(0) Humongous regions: 0->0
[2024-03-23T23:29:13.876+0400][gc,metaspace] GC(0) Metaspace: 18232K(18432K)->18232K(18432K) NonClass: 16057K(16192K)->16057K(16192K) Class: 2174K(2240K)->2174K(2240K)
[2024-03-23T23:29:13.876+0400][gc          ] GC(0) Pause Young (Normal) (G1 Evacuation Pause) 51M->9M(1024M) 2.801ms
[2024-03-23T23:29:13.876+0400][gc,cpu      ] GC(0) User=0.01s Sys=0.01s Real=0.00s
[2024-03-23T23:29:13.973+0400][gc,start    ] GC(1) Pause Young (Concurrent Start) (Metadata GC Threshold)
[2024-03-23T23:29:13.973+0400][gc,task     ] GC(1) Using 8 workers of 8 for evacuation
[2024-03-23T23:29:13.976+0400][gc,phases   ] GC(1)   Pre Evacuate Collection Set: 0.1ms
[2024-03-23T23:29:13.976+0400][gc,phases   ] GC(1)   Merge Heap Roots: 0.0ms
[2024-03-23T23:29:13.976+0400][gc,phases   ] GC(1)   Evacuate Collection Set: 2.2ms
[2024-03-23T23:29:13.976+0400][gc,phases   ] GC(1)   Post Evacuate Collection Set: 0.2ms
[2024-03-23T23:29:13.976+0400][gc,phases   ] GC(1)   Other: 0.1ms
[2024-03-23T23:29:13.976+0400][gc,heap     ] GC(1) Eden regions: 13->0(50)
[2024-03-23T23:29:13.976+0400][gc,heap     ] GC(1) Survivor regions: 7->1(7)
[2024-03-23T23:29:13.976+0400][gc,heap     ] GC(1) Old regions: 2->8
[2024-03-23T23:29:13.976+0400][gc,heap     ] GC(1) Archive regions: 2->2
[2024-03-23T23:29:13.976+0400][gc,heap     ] GC(1) Humongous regions: 0->0
[2024-03-23T23:29:13.976+0400][gc,metaspace] GC(1) Metaspace: 21303K(21504K)->21303K(21504K) NonClass: 18709K(18816K)->18709K(18816K) Class: 2593K(2688K)->2593K(2688K)
[2024-03-23T23:29:13.976+0400][gc          ] GC(1) Pause Young (Concurrent Start) (Metadata GC Threshold) 21M->9M(1024M) 2.620ms
[2024-03-23T23:29:13.976+0400][gc,cpu      ] GC(1) User=0.01s Sys=0.00s Real=0.00s
[2024-03-23T23:29:13.976+0400][gc          ] GC(2) Concurrent Mark Cycle
[2024-03-23T23:29:13.976+0400][gc,marking  ] GC(2) Concurrent Clear Claimed Marks
[2024-03-23T23:29:13.976+0400][gc,marking  ] GC(2) Concurrent Clear Claimed Marks 0.010ms
[2024-03-23T23:29:13.976+0400][gc,marking  ] GC(2) Concurrent Scan Root Regions
[2024-03-23T23:29:13.977+0400][gc,marking  ] GC(2) Concurrent Scan Root Regions 1.131ms
[2024-03-23T23:29:13.977+0400][gc,marking  ] GC(2) Concurrent Mark
[2024-03-23T23:29:13.977+0400][gc,marking  ] GC(2) Concurrent Mark From Roots
[2024-03-23T23:29:13.977+0400][gc,task     ] GC(2) Using 2 workers of 2 for marking
[2024-03-23T23:29:13.978+0400][gc,marking  ] GC(2) Concurrent Mark From Roots 0.911ms
[2024-03-23T23:29:13.978+0400][gc,marking  ] GC(2) Concurrent Preclean
[2024-03-23T23:29:13.978+0400][gc,marking  ] GC(2) Concurrent Preclean 0.012ms
[2024-03-23T23:29:13.978+0400][gc,start    ] GC(2) Pause Remark
[2024-03-23T23:29:13.979+0400][gc          ] GC(2) Pause Remark 10M->10M(1024M) 0.823ms
[2024-03-23T23:29:13.979+0400][gc,cpu      ] GC(2) User=0.00s Sys=0.00s Real=0.00s
[2024-03-23T23:29:13.979+0400][gc,marking  ] GC(2) Concurrent Mark 1.868ms
[2024-03-23T23:29:13.979+0400][gc,marking  ] GC(2) Concurrent Rebuild Remembered Sets
[2024-03-23T23:29:13.979+0400][gc,marking  ] GC(2) Concurrent Rebuild Remembered Sets 0.003ms
[2024-03-23T23:29:13.979+0400][gc,start    ] GC(2) Pause Cleanup
[2024-03-23T23:29:13.979+0400][gc          ] GC(2) Pause Cleanup 10M->10M(1024M) 0.005ms
[2024-03-23T23:29:13.979+0400][gc,cpu      ] GC(2) User=0.00s Sys=0.00s Real=0.00s
[2024-03-23T23:29:13.979+0400][gc,marking  ] GC(2) Concurrent Cleanup for Next Mark
[2024-03-23T23:29:13.980+0400][gc,marking  ] GC(2) Concurrent Cleanup for Next Mark 1.237ms
[2024-03-23T23:29:13.980+0400][gc          ] GC(2) Concurrent Mark Cycle 4.408ms
[2024-03-23T23:29:14.341+0400][gc,start    ] GC(3) Pause Young (Normal) (G1 Evacuation Pause)
[2024-03-23T23:29:14.341+0400][gc,task     ] GC(3) Using 8 workers of 8 for evacuation
[2024-03-23T23:29:14.343+0400][gc,phases   ] GC(3)   Pre Evacuate Collection Set: 0.1ms
[2024-03-23T23:29:14.343+0400][gc,phases   ] GC(3)   Merge Heap Roots: 0.0ms
[2024-03-23T23:29:14.343+0400][gc,phases   ] GC(3)   Evacuate Collection Set: 1.8ms
[2024-03-23T23:29:14.343+0400][gc,phases   ] GC(3)   Post Evacuate Collection Set: 0.2ms
[2024-03-23T23:29:14.343+0400][gc,phases   ] GC(3)   Other: 0.1ms
[2024-03-23T23:29:14.343+0400][gc,heap     ] GC(3) Eden regions: 50->0(45)
[2024-03-23T23:29:14.343+0400][gc,heap     ] GC(3) Survivor regions: 1->6(7)
[2024-03-23T23:29:14.343+0400][gc,heap     ] GC(3) Old regions: 8->8
[2024-03-23T23:29:14.343+0400][gc,heap     ] GC(3) Archive regions: 2->2
[2024-03-23T23:29:14.343+0400][gc,heap     ] GC(3) Humongous regions: 129->129
[2024-03-23T23:29:14.343+0400][gc,metaspace] GC(3) Metaspace: 30577K(30784K)->30577K(30784K) NonClass: 27082K(27200K)->27082K(27200K) Class: 3494K(3584K)->3494K(3584K)
[2024-03-23T23:29:14.343+0400][gc          ] GC(3) Pause Young (Normal) (G1 Evacuation Pause) 188M->143M(1024M) 2.234ms
[2024-03-23T23:29:14.343+0400][gc,cpu      ] GC(3) User=0.02s Sys=0.00s Real=0.00s
[2024-03-23T23:29:14.447+0400][gc,start    ] GC(4) Pause Young (Concurrent Start) (Metadata GC Threshold)
[2024-03-23T23:29:14.447+0400][gc,task     ] GC(4) Using 8 workers of 8 for evacuation
[2024-03-23T23:29:14.450+0400][gc,phases   ] GC(4)   Pre Evacuate Collection Set: 0.1ms
[2024-03-23T23:29:14.450+0400][gc,phases   ] GC(4)   Merge Heap Roots: 0.0ms
[2024-03-23T23:29:14.450+0400][gc,phases   ] GC(4)   Evacuate Collection Set: 2.5ms
[2024-03-23T23:29:14.450+0400][gc,phases   ] GC(4)   Post Evacuate Collection Set: 0.2ms
[2024-03-23T23:29:14.450+0400][gc,phases   ] GC(4)   Other: 0.1ms
[2024-03-23T23:29:14.450+0400][gc,heap     ] GC(4) Eden regions: 22->0(49)
[2024-03-23T23:29:14.450+0400][gc,heap     ] GC(4) Survivor regions: 6->2(7)
[2024-03-23T23:29:14.450+0400][gc,heap     ] GC(4) Old regions: 8->14
[2024-03-23T23:29:14.450+0400][gc,heap     ] GC(4) Archive regions: 2->2
[2024-03-23T23:29:14.450+0400][gc,heap     ] GC(4) Humongous regions: 129->129
[2024-03-23T23:29:14.450+0400][gc,metaspace] GC(4) Metaspace: 35655K(35968K)->35655K(35968K) NonClass: 31601K(31744K)->31601K(31744K) Class: 4053K(4224K)->4053K(4224K)
[2024-03-23T23:29:14.450+0400][gc          ] GC(4) Pause Young (Concurrent Start) (Metadata GC Threshold) 164M->145M(1024M) 3.005ms
[2024-03-23T23:29:14.450+0400][gc,cpu      ] GC(4) User=0.02s Sys=0.01s Real=0.01s
[2024-03-23T23:29:14.450+0400][gc          ] GC(5) Concurrent Mark Cycle
[2024-03-23T23:29:14.450+0400][gc,marking  ] GC(5) Concurrent Clear Claimed Marks
[2024-03-23T23:29:14.450+0400][gc,marking  ] GC(5) Concurrent Clear Claimed Marks 0.019ms
[2024-03-23T23:29:14.450+0400][gc,marking  ] GC(5) Concurrent Scan Root Regions
[2024-03-23T23:29:14.451+0400][gc,marking  ] GC(5) Concurrent Scan Root Regions 1.628ms
[2024-03-23T23:29:14.451+0400][gc,marking  ] GC(5) Concurrent Mark
[2024-03-23T23:29:14.451+0400][gc,marking  ] GC(5) Concurrent Mark From Roots
[2024-03-23T23:29:14.451+0400][gc,task     ] GC(5) Using 2 workers of 2 for marking
[2024-03-23T23:29:14.454+0400][gc,marking  ] GC(5) Concurrent Mark From Roots 2.618ms
[2024-03-23T23:29:14.456+0400][gc,marking  ] GC(5) Concurrent Preclean
[2024-03-23T23:29:14.456+0400][gc,marking  ] GC(5) Concurrent Preclean 0.033ms
[2024-03-23T23:29:14.456+0400][gc,start    ] GC(5) Pause Remark
[2024-03-23T23:29:14.457+0400][gc          ] GC(5) Pause Remark 145M->145M(1024M) 0.964ms
[2024-03-23T23:29:14.457+0400][gc,cpu      ] GC(5) User=0.01s Sys=0.00s Real=0.00s
[2024-03-23T23:29:14.457+0400][gc,marking  ] GC(5) Concurrent Mark 5.577ms
[2024-03-23T23:29:14.457+0400][gc,marking  ] GC(5) Concurrent Rebuild Remembered Sets
[2024-03-23T23:29:14.460+0400][gc,marking  ] GC(5) Concurrent Rebuild Remembered Sets 3.040ms
[2024-03-23T23:29:14.460+0400][gc,start    ] GC(5) Pause Cleanup
[2024-03-23T23:29:14.460+0400][gc          ] GC(5) Pause Cleanup 146M->146M(1024M) 0.079ms
[2024-03-23T23:29:14.460+0400][gc,cpu      ] GC(5) User=0.00s Sys=0.00s Real=0.00s
[2024-03-23T23:29:14.460+0400][gc,marking  ] GC(5) Concurrent Cleanup for Next Mark
[2024-03-23T23:29:14.462+0400][gc,marking  ] GC(5) Concurrent Cleanup for Next Mark 1.795ms
[2024-03-23T23:29:14.462+0400][gc          ] GC(5) Concurrent Mark Cycle 12.410ms
[2024-03-23T23:37:42.717+0400][gc,start    ] GC(6) Pause Young (Prepare Mixed) (G1 Evacuation Pause)
[2024-03-23T23:37:42.719+0400][gc,task     ] GC(6) Using 8 workers of 8 for evacuation
[2024-03-23T23:37:42.736+0400][gc,phases   ] GC(6)   Pre Evacuate Collection Set: 0.8ms
[2024-03-23T23:37:42.736+0400][gc,phases   ] GC(6)   Merge Heap Roots: 0.2ms
[2024-03-23T23:37:42.736+0400][gc,phases   ] GC(6)   Evacuate Collection Set: 15.5ms
[2024-03-23T23:37:42.736+0400][gc,phases   ] GC(6)   Post Evacuate Collection Set: 0.8ms
[2024-03-23T23:37:42.736+0400][gc,phases   ] GC(6)   Other: 1.8ms
[2024-03-23T23:37:42.736+0400][gc,heap     ] GC(6) Eden regions: 49->0(46)
[2024-03-23T23:37:42.736+0400][gc,heap     ] GC(6) Survivor regions: 2->5(7)
[2024-03-23T23:37:42.736+0400][gc,heap     ] GC(6) Old regions: 14->14
[2024-03-23T23:37:42.736+0400][gc,heap     ] GC(6) Archive regions: 2->2
[2024-03-23T23:37:42.736+0400][gc,heap     ] GC(6) Humongous regions: 147->129
[2024-03-23T23:37:42.736+0400][gc,metaspace] GC(6) Metaspace: 41153K(41728K)->41153K(41728K) NonClass: 36228K(36544K)->36228K(36544K) Class: 4925K(5184K)->4925K(5184K)
[2024-03-23T23:37:42.736+0400][gc          ] GC(6) Pause Young (Prepare Mixed) (G1 Evacuation Pause) 212M->147M(1024M) 19.307ms
[2024-03-23T23:37:42.736+0400][gc,cpu      ] GC(6) User=0.03s Sys=0.03s Real=0.02s
[2024-03-23T23:50:15.114+0400][gc,start    ] GC(7) Pause Young (Mixed) (G1 Evacuation Pause)
[2024-03-23T23:50:15.114+0400][gc,task     ] GC(7) Using 8 workers of 8 for evacuation
[2024-03-23T23:50:15.126+0400][gc,phases   ] GC(7)   Pre Evacuate Collection Set: 0.3ms
[2024-03-23T23:50:15.126+0400][gc,phases   ] GC(7)   Merge Heap Roots: 0.1ms
[2024-03-23T23:50:15.126+0400][gc,phases   ] GC(7)   Evacuate Collection Set: 10.4ms
[2024-03-23T23:50:15.126+0400][gc,phases   ] GC(7)   Post Evacuate Collection Set: 1.0ms
[2024-03-23T23:50:15.126+0400][gc,phases   ] GC(7)   Other: 0.6ms
[2024-03-23T23:50:15.126+0400][gc,heap     ] GC(7) Eden regions: 46->0(46)
[2024-03-23T23:50:15.126+0400][gc,heap     ] GC(7) Survivor regions: 5->5(7)
[2024-03-23T23:50:15.126+0400][gc,heap     ] GC(7) Old regions: 14->15
[2024-03-23T23:50:15.126+0400][gc,heap     ] GC(7) Archive regions: 2->2
[2024-03-23T23:50:15.126+0400][gc,heap     ] GC(7) Humongous regions: 129->129
[2024-03-23T23:50:15.126+0400][gc,metaspace] GC(7) Metaspace: 41716K(42240K)->41716K(42240K) NonClass: 36756K(37056K)->36756K(37056K) Class: 4959K(5184K)->4959K(5184K)
[2024-03-23T23:50:15.126+0400][gc          ] GC(7) Pause Young (Mixed) (G1 Evacuation Pause) 193M->149M(1024M) 12.640ms
[2024-03-23T23:50:15.126+0400][gc,cpu      ] GC(7) User=0.03s Sys=0.01s Real=0.01s
[2024-03-23T23:58:45.307+0400][gc,start    ] GC(8) Pause Young (Normal) (G1 Evacuation Pause)
[2024-03-23T23:58:45.309+0400][gc,task     ] GC(8) Using 8 workers of 8 for evacuation
[2024-03-23T23:58:45.323+0400][gc,phases   ] GC(8)   Pre Evacuate Collection Set: 0.6ms
[2024-03-23T23:58:45.323+0400][gc,phases   ] GC(8)   Merge Heap Roots: 0.1ms
[2024-03-23T23:58:45.323+0400][gc,phases   ] GC(8)   Evacuate Collection Set: 12.2ms
[2024-03-23T23:58:45.323+0400][gc,phases   ] GC(8)   Post Evacuate Collection Set: 0.8ms
[2024-03-23T23:58:45.323+0400][gc,phases   ] GC(8)   Other: 2.1ms
[2024-03-23T23:58:45.323+0400][gc,heap     ] GC(8) Eden regions: 46->0(48)
[2024-03-23T23:58:45.323+0400][gc,heap     ] GC(8) Survivor regions: 5->3(7)
[2024-03-23T23:58:45.323+0400][gc,heap     ] GC(8) Old regions: 15->17
[2024-03-23T23:58:45.323+0400][gc,heap     ] GC(8) Archive regions: 2->2
[2024-03-23T23:58:45.323+0400][gc,heap     ] GC(8) Humongous regions: 129->129
[2024-03-23T23:58:45.323+0400][gc,metaspace] GC(8) Metaspace: 41906K(42560K)->41906K(42560K) NonClass: 36910K(37312K)->36910K(37312K) Class: 4996K(5248K)->4996K(5248K)
[2024-03-23T23:58:45.323+0400][gc          ] GC(8) Pause Young (Normal) (G1 Evacuation Pause) 195M->149M(1024M) 16.125ms
[2024-03-23T23:58:45.324+0400][gc,cpu      ] GC(8) User=0.03s Sys=0.01s Real=0.02s
[2024-03-24T00:05:40.917+0400][gc,start    ] GC(9) Pause Young (Normal) (G1 Evacuation Pause)
[2024-03-24T00:05:40.919+0400][gc,task     ] GC(9) Using 8 workers of 8 for evacuation
[2024-03-24T00:05:40.926+0400][gc,phases   ] GC(9)   Pre Evacuate Collection Set: 0.7ms
[2024-03-24T00:05:40.926+0400][gc,phases   ] GC(9)   Merge Heap Roots: 0.1ms
[2024-03-24T00:05:40.926+0400][gc,phases   ] GC(9)   Evacuate Collection Set: 5.9ms
[2024-03-24T00:05:40.926+0400][gc,phases   ] GC(9)   Post Evacuate Collection Set: 0.6ms
[2024-03-24T00:05:40.926+0400][gc,phases   ] GC(9)   Other: 1.6ms
[2024-03-24T00:05:40.926+0400][gc,heap     ] GC(9) Eden regions: 48->0(52)
[2024-03-24T00:05:40.926+0400][gc,heap     ] GC(9) Survivor regions: 3->3(7)
[2024-03-24T00:05:40.926+0400][gc,heap     ] GC(9) Old regions: 17->17
[2024-03-24T00:05:40.926+0400][gc,heap     ] GC(9) Archive regions: 2->2
[2024-03-24T00:05:40.926+0400][gc,heap     ] GC(9) Humongous regions: 129->129
[2024-03-24T00:05:40.926+0400][gc,metaspace] GC(9) Metaspace: 41977K(42560K)->41977K(42560K) NonClass: 36980K(37312K)->36980K(37312K) Class: 4997K(5248K)->4997K(5248K)
[2024-03-24T00:05:40.927+0400][gc          ] GC(9) Pause Young (Normal) (G1 Evacuation Pause) 197M->149M(1024M) 9.297ms
[2024-03-24T00:05:40.927+0400][gc,cpu      ] GC(9) User=0.02s Sys=0.01s Real=0.01s
[2024-03-24T00:22:14.739+0400][gc,start    ] GC(10) Pause Young (Normal) (G1 Evacuation Pause)
[2024-03-24T00:22:14.741+0400][gc,task     ] GC(10) Using 8 workers of 8 for evacuation
[2024-03-24T00:22:14.750+0400][gc,phases   ] GC(10)   Pre Evacuate Collection Set: 0.9ms
[2024-03-24T00:22:14.750+0400][gc,phases   ] GC(10)   Merge Heap Roots: 0.3ms
[2024-03-24T00:22:14.750+0400][gc,phases   ] GC(10)   Evacuate Collection Set: 7.3ms
[2024-03-24T00:22:14.750+0400][gc,phases   ] GC(10)   Post Evacuate Collection Set: 0.6ms
[2024-03-24T00:22:14.750+0400][gc,phases   ] GC(10)   Other: 1.6ms
[2024-03-24T00:22:14.750+0400][gc,heap     ] GC(10) Eden regions: 52->0(133)
[2024-03-24T00:22:14.750+0400][gc,heap     ] GC(10) Survivor regions: 3->3(7)
[2024-03-24T00:22:14.750+0400][gc,heap     ] GC(10) Old regions: 17->17
[2024-03-24T00:22:14.750+0400][gc,heap     ] GC(10) Archive regions: 2->2
[2024-03-24T00:22:14.750+0400][gc,heap     ] GC(10) Humongous regions: 129->129
[2024-03-24T00:22:14.750+0400][gc,metaspace] GC(10) Metaspace: 42084K(42688K)->42084K(42688K) NonClass: 37087K(37440K)->37087K(37440K) Class: 4997K(5248K)->4997K(5248K)
[2024-03-24T00:22:14.750+0400][gc          ] GC(10) Pause Young (Normal) (G1 Evacuation Pause) 201M->149M(1024M) 10.919ms
[2024-03-24T00:22:14.750+0400][gc,cpu      ] GC(10) User=0.02s Sys=0.01s Real=0.02s
[2024-03-24T01:04:37.659+0400][gc,start    ] GC(11) Pause Young (Normal) (G1 Evacuation Pause)
[2024-03-24T01:04:37.661+0400][gc,task     ] GC(11) Using 8 workers of 8 for evacuation
[2024-03-24T01:04:37.675+0400][gc,phases   ] GC(11)   Pre Evacuate Collection Set: 0.8ms
[2024-03-24T01:04:37.675+0400][gc,phases   ] GC(11)   Merge Heap Roots: 0.3ms
[2024-03-24T01:04:37.675+0400][gc,phases   ] GC(11)   Evacuate Collection Set: 11.6ms
[2024-03-24T01:04:37.675+0400][gc,phases   ] GC(11)   Post Evacuate Collection Set: 0.9ms
[2024-03-24T01:04:37.675+0400][gc,phases   ] GC(11)   Other: 2.4ms
[2024-03-24T01:04:37.675+0400][gc,heap     ] GC(11) Eden regions: 133->0(168)
[2024-03-24T01:04:37.675+0400][gc,heap     ] GC(11) Survivor regions: 3->4(17)
[2024-03-24T01:04:37.675+0400][gc,heap     ] GC(11) Old regions: 17->17
[2024-03-24T01:04:37.675+0400][gc,heap     ] GC(11) Archive regions: 2->2
[2024-03-24T01:04:37.675+0400][gc,heap     ] GC(11) Humongous regions: 129->129
[2024-03-24T01:04:37.675+0400][gc,metaspace] GC(11) Metaspace: 42155K(42752K)->42155K(42752K) NonClass: 37152K(37504K)->37152K(37504K) Class: 5002K(5248K)->5002K(5248K)
[2024-03-24T01:04:37.675+0400][gc          ] GC(11) Pause Young (Normal) (G1 Evacuation Pause) 282M->150M(1024M) 16.206ms
[2024-03-24T01:04:37.675+0400][gc,cpu      ] GC(11) User=0.02s Sys=0.02s Real=0.02s
[2024-03-24T12:08:26.540+0400][gc,start    ] GC(12) Pause Young (Normal) (G1 Evacuation Pause)
[2024-03-24T12:08:26.541+0400][gc,task     ] GC(12) Using 8 workers of 8 for evacuation
[2024-03-24T12:08:26.556+0400][gc,phases   ] GC(12)   Pre Evacuate Collection Set: 1.0ms
[2024-03-24T12:08:26.556+0400][gc,phases   ] GC(12)   Merge Heap Roots: 0.5ms
[2024-03-24T12:08:26.556+0400][gc,phases   ] GC(12)   Evacuate Collection Set: 12.3ms
[2024-03-24T12:08:26.556+0400][gc,phases   ] GC(12)   Post Evacuate Collection Set: 0.7ms
[2024-03-24T12:08:26.556+0400][gc,phases   ] GC(12)   Other: 3.2ms
[2024-03-24T12:08:26.556+0400][gc,heap     ] GC(12) Eden regions: 168->0(283)
[2024-03-24T12:08:26.556+0400][gc,heap     ] GC(12) Survivor regions: 4->5(22)
[2024-03-24T12:08:26.556+0400][gc,heap     ] GC(12) Old regions: 17->17
[2024-03-24T12:08:26.556+0400][gc,heap     ] GC(12) Archive regions: 2->2
[2024-03-24T12:08:26.556+0400][gc,heap     ] GC(12) Humongous regions: 129->129
[2024-03-24T12:08:26.556+0400][gc,metaspace] GC(12) Metaspace: 42232K(42816K)->42232K(42816K) NonClass: 37223K(37568K)->37223K(37568K) Class: 5008K(5248K)->5008K(5248K)
[2024-03-24T12:08:26.556+0400][gc          ] GC(12) Pause Young (Normal) (G1 Evacuation Pause) 318M->151M(1024M) 17.857ms
[2024-03-24T12:08:26.556+0400][gc,cpu      ] GC(12) User=0.02s Sys=0.02s Real=0.02s
[2024-03-24T12:25:52.389+0400][gc,heap,exit] Heap
[2024-03-24T12:25:52.390+0400][gc,heap,exit]  garbage-first heap   total 1048576K, used 175332K [0x00000007c0000000, 0x0000000800000000)
[2024-03-24T12:25:52.390+0400][gc,heap,exit]   region size 1024K, 26 young (26624K), 5 survivors (5120K)
[2024-03-24T12:25:52.390+0400][gc,heap,exit]  Metaspace       used 43135K, committed 43776K, reserved 1089536K
[2024-03-24T12:25:52.390+0400][gc,heap,exit]   class space    used 5196K, committed 5440K, reserved 1048576K
