[2024-03-24T19:08:58.408+0400][gc] Using G1
[2024-03-24T19:08:58.409+0400][gc,init] Version: 17.0.2+8-LTS-86 (release)
[2024-03-24T19:08:58.409+0400][gc,init] CPUs: 8 total, 8 available
[2024-03-24T19:08:58.409+0400][gc,init] Memory: 16384M
[2024-03-24T19:08:58.409+0400][gc,init] Large Page Support: Disabled
[2024-03-24T19:08:58.409+0400][gc,init] NUMA Support: Disabled
[2024-03-24T19:08:58.409+0400][gc,init] Compressed Oops: Enabled (Zero based)
[2024-03-24T19:08:58.409+0400][gc,init] Heap Region Size: 1M
[2024-03-24T19:08:58.409+0400][gc,init] Heap Min Capacity: 1G
[2024-03-24T19:08:58.409+0400][gc,init] Heap Initial Capacity: 1G
[2024-03-24T19:08:58.409+0400][gc,init] Heap Max Capacity: 1G
[2024-03-24T19:08:58.409+0400][gc,init] Pre-touch: Disabled
[2024-03-24T19:08:58.409+0400][gc,init] Parallel Workers: 8
[2024-03-24T19:08:58.409+0400][gc,init] Concurrent Workers: 2
[2024-03-24T19:08:58.409+0400][gc,init] Concurrent Refinement Workers: 8
[2024-03-24T19:08:58.409+0400][gc,init] Periodic GC: Disabled
[2024-03-24T19:08:58.409+0400][gc,metaspace] CDS archive(s) mapped at: [0x0000000800000000-0x0000000800bd8000-0x0000000800bd8000), size 12419072, SharedBaseAddress: 0x0000000800000000, ArchiveRelocationMode: 0.
[2024-03-24T19:08:58.409+0400][gc,metaspace] Compressed class space mapped at: 0x0000000800c00000-0x0000000840c00000, reserved size: 1073741824
[2024-03-24T19:08:58.409+0400][gc,metaspace] Narrow klass base: 0x0000000800000000, Narrow klass shift: 0, Narrow klass range: 0x100000000
[2024-03-24T19:08:59.023+0400][gc,start    ] GC(0) Pause Young (Normal) (G1 Evacuation Pause)
[2024-03-24T19:08:59.023+0400][gc,task     ] GC(0) Using 8 workers of 8 for evacuation
[2024-03-24T19:08:59.026+0400][gc,phases   ] GC(0)   Pre Evacuate Collection Set: 0.1ms
[2024-03-24T19:08:59.026+0400][gc,phases   ] GC(0)   Merge Heap Roots: 0.0ms
[2024-03-24T19:08:59.026+0400][gc,phases   ] GC(0)   Evacuate Collection Set: 2.4ms
[2024-03-24T19:08:59.026+0400][gc,phases   ] GC(0)   Post Evacuate Collection Set: 0.2ms
[2024-03-24T19:08:59.026+0400][gc,phases   ] GC(0)   Other: 0.2ms
[2024-03-24T19:08:59.026+0400][gc,heap     ] GC(0) Eden regions: 51->0(44)
[2024-03-24T19:08:59.026+0400][gc,heap     ] GC(0) Survivor regions: 0->7(7)
[2024-03-24T19:08:59.026+0400][gc,heap     ] GC(0) Old regions: 0->1
[2024-03-24T19:08:59.026+0400][gc,heap     ] GC(0) Archive regions: 2->2
[2024-03-24T19:08:59.026+0400][gc,heap     ] GC(0) Humongous regions: 0->0
[2024-03-24T19:08:59.026+0400][gc,metaspace] GC(0) Metaspace: 17966K(18176K)->17966K(18176K) NonClass: 15823K(15936K)->15823K(15936K) Class: 2143K(2240K)->2143K(2240K)
[2024-03-24T19:08:59.026+0400][gc          ] GC(0) Pause Young (Normal) (G1 Evacuation Pause) 51M->8M(1024M) 3.169ms
[2024-03-24T19:08:59.026+0400][gc,cpu      ] GC(0) User=0.01s Sys=0.01s Real=0.00s
[2024-03-24T19:08:59.171+0400][gc,start    ] GC(1) Pause Young (Concurrent Start) (Metadata GC Threshold)
[2024-03-24T19:08:59.171+0400][gc,task     ] GC(1) Using 8 workers of 8 for evacuation
[2024-03-24T19:08:59.174+0400][gc,phases   ] GC(1)   Pre Evacuate Collection Set: 0.1ms
[2024-03-24T19:08:59.174+0400][gc,phases   ] GC(1)   Merge Heap Roots: 0.1ms
[2024-03-24T19:08:59.174+0400][gc,phases   ] GC(1)   Evacuate Collection Set: 2.7ms
[2024-03-24T19:08:59.174+0400][gc,phases   ] GC(1)   Post Evacuate Collection Set: 0.2ms
[2024-03-24T19:08:59.174+0400][gc,phases   ] GC(1)   Other: 0.1ms
[2024-03-24T19:08:59.174+0400][gc,heap     ] GC(1) Eden regions: 15->0(49)
[2024-03-24T19:08:59.174+0400][gc,heap     ] GC(1) Survivor regions: 7->2(7)
[2024-03-24T19:08:59.174+0400][gc,heap     ] GC(1) Old regions: 1->8
[2024-03-24T19:08:59.174+0400][gc,heap     ] GC(1) Archive regions: 2->2
[2024-03-24T19:08:59.174+0400][gc,heap     ] GC(1) Humongous regions: 129->129
[2024-03-24T19:08:59.174+0400][gc,metaspace] GC(1) Metaspace: 21290K(21504K)->21290K(21504K) NonClass: 18716K(18816K)->18716K(18816K) Class: 2573K(2688K)->2573K(2688K)
[2024-03-24T19:08:59.174+0400][gc          ] GC(1) Pause Young (Concurrent Start) (Metadata GC Threshold) 151M->139M(1024M) 3.260ms
[2024-03-24T19:08:59.174+0400][gc,cpu      ] GC(1) User=0.01s Sys=0.00s Real=0.00s
[2024-03-24T19:08:59.174+0400][gc          ] GC(2) Concurrent Mark Cycle
[2024-03-24T19:08:59.174+0400][gc,marking  ] GC(2) Concurrent Clear Claimed Marks
[2024-03-24T19:08:59.174+0400][gc,marking  ] GC(2) Concurrent Clear Claimed Marks 0.010ms
[2024-03-24T19:08:59.174+0400][gc,marking  ] GC(2) Concurrent Scan Root Regions
[2024-03-24T19:08:59.176+0400][gc,marking  ] GC(2) Concurrent Scan Root Regions 1.886ms
[2024-03-24T19:08:59.176+0400][gc,marking  ] GC(2) Concurrent Mark
[2024-03-24T19:08:59.176+0400][gc,marking  ] GC(2) Concurrent Mark From Roots
[2024-03-24T19:08:59.176+0400][gc,task     ] GC(2) Using 2 workers of 2 for marking
[2024-03-24T19:08:59.178+0400][gc,marking  ] GC(2) Concurrent Mark From Roots 1.306ms
[2024-03-24T19:08:59.178+0400][gc,marking  ] GC(2) Concurrent Preclean
[2024-03-24T19:08:59.178+0400][gc,marking  ] GC(2) Concurrent Preclean 0.015ms
[2024-03-24T19:08:59.178+0400][gc,start    ] GC(2) Pause Remark
[2024-03-24T19:08:59.179+0400][gc          ] GC(2) Pause Remark 140M->140M(1024M) 0.992ms
[2024-03-24T19:08:59.179+0400][gc,cpu      ] GC(2) User=0.01s Sys=0.00s Real=0.00s
[2024-03-24T19:08:59.179+0400][gc,marking  ] GC(2) Concurrent Mark 2.499ms
[2024-03-24T19:08:59.179+0400][gc,marking  ] GC(2) Concurrent Rebuild Remembered Sets
[2024-03-24T19:08:59.179+0400][gc,marking  ] GC(2) Concurrent Rebuild Remembered Sets 0.005ms
[2024-03-24T19:08:59.179+0400][gc,start    ] GC(2) Pause Cleanup
[2024-03-24T19:08:59.179+0400][gc          ] GC(2) Pause Cleanup 140M->140M(1024M) 0.011ms
[2024-03-24T19:08:59.179+0400][gc,cpu      ] GC(2) User=0.00s Sys=0.00s Real=0.00s
[2024-03-24T19:08:59.179+0400][gc,marking  ] GC(2) Concurrent Cleanup for Next Mark
[2024-03-24T19:08:59.181+0400][gc,marking  ] GC(2) Concurrent Cleanup for Next Mark 1.759ms
[2024-03-24T19:08:59.181+0400][gc          ] GC(2) Concurrent Mark Cycle 6.464ms
[2024-03-24T19:08:59.451+0400][gc,start    ] GC(3) Pause Young (Normal) (G1 Evacuation Pause)
[2024-03-24T19:08:59.451+0400][gc,task     ] GC(3) Using 8 workers of 8 for evacuation
[2024-03-24T19:08:59.454+0400][gc,phases   ] GC(3)   Pre Evacuate Collection Set: 0.1ms
[2024-03-24T19:08:59.454+0400][gc,phases   ] GC(3)   Merge Heap Roots: 0.1ms
[2024-03-24T19:08:59.454+0400][gc,phases   ] GC(3)   Evacuate Collection Set: 2.8ms
[2024-03-24T19:08:59.454+0400][gc,phases   ] GC(3)   Post Evacuate Collection Set: 0.2ms
[2024-03-24T19:08:59.454+0400][gc,phases   ] GC(3)   Other: 0.1ms
[2024-03-24T19:08:59.454+0400][gc,heap     ] GC(3) Eden regions: 49->0(44)
[2024-03-24T19:08:59.454+0400][gc,heap     ] GC(3) Survivor regions: 2->7(7)
[2024-03-24T19:08:59.454+0400][gc,heap     ] GC(3) Old regions: 8->8
[2024-03-24T19:08:59.454+0400][gc,heap     ] GC(3) Archive regions: 2->2
[2024-03-24T19:08:59.454+0400][gc,heap     ] GC(3) Humongous regions: 129->129
[2024-03-24T19:08:59.454+0400][gc,metaspace] GC(3) Metaspace: 32710K(32896K)->32710K(32896K) NonClass: 29075K(29184K)->29075K(29184K) Class: 3635K(3712K)->3635K(3712K)
[2024-03-24T19:08:59.454+0400][gc          ] GC(3) Pause Young (Normal) (G1 Evacuation Pause) 188M->144M(1024M) 3.383ms
[2024-03-24T19:08:59.454+0400][gc,cpu      ] GC(3) User=0.02s Sys=0.00s Real=0.00s
[2024-03-24T19:12:41.452+0400][gc,start    ] GC(4) Pause Young (Concurrent Start) (Metadata GC Threshold)
[2024-03-24T19:12:41.452+0400][gc,task     ] GC(4) Using 8 workers of 8 for evacuation
[2024-03-24T19:12:41.456+0400][gc,phases   ] GC(4)   Pre Evacuate Collection Set: 0.2ms
[2024-03-24T19:12:41.457+0400][gc,phases   ] GC(4)   Merge Heap Roots: 0.0ms
[2024-03-24T19:12:41.457+0400][gc,phases   ] GC(4)   Evacuate Collection Set: 2.7ms
[2024-03-24T19:12:41.457+0400][gc,phases   ] GC(4)   Post Evacuate Collection Set: 0.2ms
[2024-03-24T19:12:41.457+0400][gc,phases   ] GC(4)   Other: 0.2ms
[2024-03-24T19:12:41.457+0400][gc,heap     ] GC(4) Eden regions: 17->0(49)
[2024-03-24T19:12:41.457+0400][gc,heap     ] GC(4) Survivor regions: 7->2(7)
[2024-03-24T19:12:41.457+0400][gc,heap     ] GC(4) Old regions: 8->14
[2024-03-24T19:12:41.457+0400][gc,heap     ] GC(4) Archive regions: 2->2
[2024-03-24T19:12:41.457+0400][gc,heap     ] GC(4) Humongous regions: 129->129
[2024-03-24T19:12:41.457+0400][gc,metaspace] GC(4) Metaspace: 35837K(36160K)->35837K(36160K) NonClass: 31717K(31872K)->31717K(31872K) Class: 4119K(4288K)->4119K(4288K)
[2024-03-24T19:12:41.457+0400][gc          ] GC(4) Pause Young (Concurrent Start) (Metadata GC Threshold) 160M->145M(1024M) 4.419ms
[2024-03-24T19:12:41.457+0400][gc,cpu      ] GC(4) User=0.01s Sys=0.00s Real=0.00s
[2024-03-24T19:12:41.457+0400][gc          ] GC(5) Concurrent Mark Cycle
[2024-03-24T19:12:41.457+0400][gc,marking  ] GC(5) Concurrent Clear Claimed Marks
[2024-03-24T19:12:41.457+0400][gc,marking  ] GC(5) Concurrent Clear Claimed Marks 0.015ms
[2024-03-24T19:12:41.457+0400][gc,marking  ] GC(5) Concurrent Scan Root Regions
[2024-03-24T19:12:41.459+0400][gc,marking  ] GC(5) Concurrent Scan Root Regions 2.579ms
[2024-03-24T19:12:41.459+0400][gc,marking  ] GC(5) Concurrent Mark
[2024-03-24T19:12:41.459+0400][gc,marking  ] GC(5) Concurrent Mark From Roots
[2024-03-24T19:12:41.459+0400][gc,task     ] GC(5) Using 2 workers of 2 for marking
[2024-03-24T19:12:41.462+0400][gc,marking  ] GC(5) Concurrent Mark From Roots 2.760ms
[2024-03-24T19:12:41.462+0400][gc,marking  ] GC(5) Concurrent Preclean
[2024-03-24T19:12:41.462+0400][gc,marking  ] GC(5) Concurrent Preclean 0.036ms
[2024-03-24T19:12:41.462+0400][gc,start    ] GC(5) Pause Remark
[2024-03-24T19:12:41.464+0400][gc          ] GC(5) Pause Remark 146M->146M(1024M) 1.506ms
[2024-03-24T19:12:41.464+0400][gc,cpu      ] GC(5) User=0.00s Sys=0.01s Real=0.00s
[2024-03-24T19:12:41.464+0400][gc,marking  ] GC(5) Concurrent Mark 4.579ms
[2024-03-24T19:12:41.464+0400][gc,marking  ] GC(5) Concurrent Rebuild Remembered Sets
[2024-03-24T19:12:41.467+0400][gc,marking  ] GC(5) Concurrent Rebuild Remembered Sets 2.928ms
[2024-03-24T19:12:41.467+0400][gc,start    ] GC(5) Pause Cleanup
[2024-03-24T19:12:41.467+0400][gc          ] GC(5) Pause Cleanup 146M->146M(1024M) 0.100ms
[2024-03-24T19:12:41.467+0400][gc,cpu      ] GC(5) User=0.00s Sys=0.00s Real=0.00s
[2024-03-24T19:12:41.467+0400][gc,marking  ] GC(5) Concurrent Cleanup for Next Mark
[2024-03-24T19:12:41.469+0400][gc,marking  ] GC(5) Concurrent Cleanup for Next Mark 1.958ms
[2024-03-24T19:12:41.469+0400][gc          ] GC(5) Concurrent Mark Cycle 12.498ms
[2024-03-24T19:13:51.300+0400][gc,start    ] GC(6) Pause Young (Prepare Mixed) (G1 Evacuation Pause)
[2024-03-24T19:13:51.301+0400][gc,task     ] GC(6) Using 8 workers of 8 for evacuation
[2024-03-24T19:13:51.309+0400][gc,phases   ] GC(6)   Pre Evacuate Collection Set: 0.3ms
[2024-03-24T19:13:51.309+0400][gc,phases   ] GC(6)   Merge Heap Roots: 0.1ms
[2024-03-24T19:13:51.309+0400][gc,phases   ] GC(6)   Evacuate Collection Set: 6.5ms
[2024-03-24T19:13:51.309+0400][gc,phases   ] GC(6)   Post Evacuate Collection Set: 0.7ms
[2024-03-24T19:13:51.309+0400][gc,phases   ] GC(6)   Other: 1.5ms
[2024-03-24T19:13:51.309+0400][gc,heap     ] GC(6) Eden regions: 49->0(46)
[2024-03-24T19:13:51.309+0400][gc,heap     ] GC(6) Survivor regions: 2->5(7)
[2024-03-24T19:13:51.309+0400][gc,heap     ] GC(6) Old regions: 14->14
[2024-03-24T19:13:51.309+0400][gc,heap     ] GC(6) Archive regions: 2->2
[2024-03-24T19:13:51.309+0400][gc,heap     ] GC(6) Humongous regions: 129->129
[2024-03-24T19:13:51.309+0400][gc,metaspace] GC(6) Metaspace: 41889K(42496K)->41889K(42496K) NonClass: 36786K(37120K)->36786K(37120K) Class: 5102K(5376K)->5102K(5376K)
[2024-03-24T19:13:51.309+0400][gc          ] GC(6) Pause Young (Prepare Mixed) (G1 Evacuation Pause) 194M->148M(1024M) 9.257ms
[2024-03-24T19:13:51.309+0400][gc,cpu      ] GC(6) User=0.03s Sys=0.00s Real=0.00s
[2024-03-24T19:21:26.605+0400][gc,start    ] GC(7) Pause Young (Mixed) (G1 Evacuation Pause)
[2024-03-24T19:21:26.606+0400][gc,task     ] GC(7) Using 8 workers of 8 for evacuation
[2024-03-24T19:21:26.616+0400][gc,phases   ] GC(7)   Pre Evacuate Collection Set: 0.3ms
[2024-03-24T19:21:26.616+0400][gc,phases   ] GC(7)   Merge Heap Roots: 0.1ms
[2024-03-24T19:21:26.616+0400][gc,phases   ] GC(7)   Evacuate Collection Set: 8.4ms
[2024-03-24T19:21:26.616+0400][gc,phases   ] GC(7)   Post Evacuate Collection Set: 0.6ms
[2024-03-24T19:21:26.616+0400][gc,phases   ] GC(7)   Other: 1.5ms
[2024-03-24T19:21:26.616+0400][gc,heap     ] GC(7) Eden regions: 46->0(46)
[2024-03-24T19:21:26.616+0400][gc,heap     ] GC(7) Survivor regions: 5->5(7)
[2024-03-24T19:21:26.616+0400][gc,heap     ] GC(7) Old regions: 14->15
[2024-03-24T19:21:26.616+0400][gc,heap     ] GC(7) Archive regions: 2->2
[2024-03-24T19:21:26.616+0400][gc,heap     ] GC(7) Humongous regions: 129->129
[2024-03-24T19:21:26.616+0400][gc,metaspace] GC(7) Metaspace: 42404K(43072K)->42404K(43072K) NonClass: 37249K(37632K)->37249K(37632K) Class: 5154K(5440K)->5154K(5440K)
[2024-03-24T19:21:26.616+0400][gc          ] GC(7) Pause Young (Mixed) (G1 Evacuation Pause) 194M->148M(1024M) 11.063ms
[2024-03-24T19:21:26.616+0400][gc,cpu      ] GC(7) User=0.02s Sys=0.01s Real=0.01s
[2024-03-24T19:29:59.657+0400][gc,start    ] GC(8) Pause Young (Normal) (G1 Evacuation Pause)
[2024-03-24T19:29:59.658+0400][gc,task     ] GC(8) Using 8 workers of 8 for evacuation
[2024-03-24T19:29:59.668+0400][gc,phases   ] GC(8)   Pre Evacuate Collection Set: 0.3ms
[2024-03-24T19:29:59.668+0400][gc,phases   ] GC(8)   Merge Heap Roots: 0.1ms
[2024-03-24T19:29:59.668+0400][gc,phases   ] GC(8)   Evacuate Collection Set: 9.1ms
[2024-03-24T19:29:59.668+0400][gc,phases   ] GC(8)   Post Evacuate Collection Set: 0.4ms
[2024-03-24T19:29:59.668+0400][gc,phases   ] GC(8)   Other: 1.1ms
[2024-03-24T19:29:59.668+0400][gc,heap     ] GC(8) Eden regions: 46->0(52)
[2024-03-24T19:29:59.668+0400][gc,heap     ] GC(8) Survivor regions: 5->3(7)
[2024-03-24T19:29:59.668+0400][gc,heap     ] GC(8) Old regions: 15->18
[2024-03-24T19:29:59.668+0400][gc,heap     ] GC(8) Archive regions: 2->2
[2024-03-24T19:29:59.668+0400][gc,heap     ] GC(8) Humongous regions: 129->129
[2024-03-24T19:29:59.668+0400][gc,metaspace] GC(8) Metaspace: 42531K(43200K)->42531K(43200K) NonClass: 37371K(37760K)->37371K(37760K) Class: 5159K(5440K)->5159K(5440K)
[2024-03-24T19:29:59.668+0400][gc          ] GC(8) Pause Young (Normal) (G1 Evacuation Pause) 194M->149M(1024M) 11.353ms
[2024-03-24T19:29:59.669+0400][gc,cpu      ] GC(8) User=0.04s Sys=0.01s Real=0.01s
[2024-03-24T19:43:33.157+0400][gc,start    ] GC(9) Pause Young (Normal) (G1 Evacuation Pause)
[2024-03-24T19:43:33.158+0400][gc,task     ] GC(9) Using 8 workers of 8 for evacuation
[2024-03-24T19:43:33.163+0400][gc,phases   ] GC(9)   Pre Evacuate Collection Set: 0.3ms
[2024-03-24T19:43:33.163+0400][gc,phases   ] GC(9)   Merge Heap Roots: 0.1ms
[2024-03-24T19:43:33.163+0400][gc,phases   ] GC(9)   Evacuate Collection Set: 4.1ms
[2024-03-24T19:43:33.163+0400][gc,phases   ] GC(9)   Post Evacuate Collection Set: 0.5ms
[2024-03-24T19:43:33.163+0400][gc,phases   ] GC(9)   Other: 1.4ms
[2024-03-24T19:43:33.163+0400][gc,heap     ] GC(9) Eden regions: 52->0(142)
[2024-03-24T19:43:33.163+0400][gc,heap     ] GC(9) Survivor regions: 3->3(7)
[2024-03-24T19:43:33.163+0400][gc,heap     ] GC(9) Old regions: 18->18
[2024-03-24T19:43:33.163+0400][gc,heap     ] GC(9) Archive regions: 2->2
[2024-03-24T19:43:33.163+0400][gc,heap     ] GC(9) Humongous regions: 129->129
[2024-03-24T19:43:33.163+0400][gc,metaspace] GC(9) Metaspace: 42585K(43200K)->42585K(43200K) NonClass: 37426K(37760K)->37426K(37760K) Class: 5159K(5440K)->5159K(5440K)
[2024-03-24T19:43:33.163+0400][gc          ] GC(9) Pause Young (Normal) (G1 Evacuation Pause) 201M->149M(1024M) 6.529ms
[2024-03-24T19:43:33.163+0400][gc,cpu      ] GC(9) User=0.02s Sys=0.00s Real=0.01s
[2024-03-24T20:12:19.512+0400][gc,start    ] GC(10) Pause Young (Normal) (G1 Evacuation Pause)
[2024-03-24T20:12:19.514+0400][gc,task     ] GC(10) Using 8 workers of 8 for evacuation
[2024-03-24T20:12:19.521+0400][gc,phases   ] GC(10)   Pre Evacuate Collection Set: 0.6ms
[2024-03-24T20:12:19.521+0400][gc,phases   ] GC(10)   Merge Heap Roots: 0.1ms
[2024-03-24T20:12:19.521+0400][gc,phases   ] GC(10)   Evacuate Collection Set: 6.1ms
[2024-03-24T20:12:19.522+0400][gc,phases   ] GC(10)   Post Evacuate Collection Set: 0.5ms
[2024-03-24T20:12:19.522+0400][gc,phases   ] GC(10)   Other: 1.8ms
[2024-03-24T20:12:19.522+0400][gc,heap     ] GC(10) Eden regions: 142->0(232)
[2024-03-24T20:12:19.522+0400][gc,heap     ] GC(10) Survivor regions: 3->4(19)
[2024-03-24T20:12:19.522+0400][gc,heap     ] GC(10) Old regions: 18->18
[2024-03-24T20:12:19.522+0400][gc,heap     ] GC(10) Archive regions: 2->2
[2024-03-24T20:12:19.522+0400][gc,heap     ] GC(10) Humongous regions: 129->129
[2024-03-24T20:12:19.522+0400][gc,metaspace] GC(10) Metaspace: 42769K(43456K)->42769K(43456K) NonClass: 37605K(38016K)->37605K(38016K) Class: 5163K(5440K)->5163K(5440K)
[2024-03-24T20:12:19.522+0400][gc          ] GC(10) Pause Young (Normal) (G1 Evacuation Pause) 291M->150M(1024M) 9.381ms
[2024-03-24T20:12:19.522+0400][gc,cpu      ] GC(10) User=0.02s Sys=0.01s Real=0.01s
[2024-03-24T21:28:58.126+0400][gc,start    ] GC(11) Pause Young (Normal) (G1 Evacuation Pause)
[2024-03-24T21:28:58.127+0400][gc,task     ] GC(11) Using 8 workers of 8 for evacuation
[2024-03-24T21:28:58.139+0400][gc,phases   ] GC(11)   Pre Evacuate Collection Set: 0.7ms
[2024-03-24T21:28:58.139+0400][gc,phases   ] GC(11)   Merge Heap Roots: 0.2ms
[2024-03-24T21:28:58.139+0400][gc,phases   ] GC(11)   Evacuate Collection Set: 9.9ms
[2024-03-24T21:28:58.139+0400][gc,phases   ] GC(11)   Post Evacuate Collection Set: 1.4ms
[2024-03-24T21:28:58.139+0400][gc,phases   ] GC(11)   Other: 0.9ms
[2024-03-24T21:28:58.139+0400][gc,heap     ] GC(11) Eden regions: 232->0(230)
[2024-03-24T21:28:58.139+0400][gc,heap     ] GC(11) Survivor regions: 4->5(30)
[2024-03-24T21:28:58.139+0400][gc,heap     ] GC(11) Old regions: 18->18
[2024-03-24T21:28:58.139+0400][gc,heap     ] GC(11) Archive regions: 2->2
[2024-03-24T21:28:58.139+0400][gc,heap     ] GC(11) Humongous regions: 129->129
[2024-03-24T21:28:58.139+0400][gc,metaspace] GC(11) Metaspace: 42914K(43584K)->42914K(43584K) NonClass: 37748K(38144K)->37748K(38144K) Class: 5166K(5440K)->5166K(5440K)
[2024-03-24T21:28:58.139+0400][gc          ] GC(11) Pause Young (Normal) (G1 Evacuation Pause) 382M->151M(1024M) 13.290ms
[2024-03-24T21:28:58.139+0400][gc,cpu      ] GC(11) User=0.02s Sys=0.02s Real=0.01s
[2024-03-24T22:19:24.092+0400][gc,start    ] GC(12) Pause Young (Normal) (G1 Evacuation Pause)
[2024-03-24T22:19:24.093+0400][gc,task     ] GC(12) Using 8 workers of 8 for evacuation
[2024-03-24T22:19:24.107+0400][gc,phases   ] GC(12)   Pre Evacuate Collection Set: 0.5ms
[2024-03-24T22:19:24.107+0400][gc,phases   ] GC(12)   Merge Heap Roots: 0.3ms
[2024-03-24T22:19:24.108+0400][gc,phases   ] GC(12)   Evacuate Collection Set: 12.1ms
[2024-03-24T22:19:24.108+0400][gc,phases   ] GC(12)   Post Evacuate Collection Set: 0.8ms
[2024-03-24T22:19:24.108+0400][gc,phases   ] GC(12)   Other: 1.4ms
[2024-03-24T22:19:24.108+0400][gc,heap     ] GC(12) Eden regions: 230->0(232)
[2024-03-24T22:19:24.108+0400][gc,heap     ] GC(12) Survivor regions: 5->5(30)
[2024-03-24T22:19:24.108+0400][gc,heap     ] GC(12) Old regions: 18->18
[2024-03-24T22:19:24.108+0400][gc,heap     ] GC(12) Archive regions: 2->2
[2024-03-24T22:19:24.108+0400][gc,heap     ] GC(12) Humongous regions: 129->129
[2024-03-24T22:19:24.108+0400][gc,metaspace] GC(12) Metaspace: 42991K(43648K)->42991K(43648K) NonClass: 37825K(38208K)->37825K(38208K) Class: 5166K(5440K)->5166K(5440K)
[2024-03-24T22:19:24.108+0400][gc          ] GC(12) Pause Young (Normal) (G1 Evacuation Pause) 381M->152M(1024M) 15.484ms
[2024-03-24T22:19:24.108+0400][gc,cpu      ] GC(12) User=0.03s Sys=0.02s Real=0.01s
[2024-03-24T23:10:23.228+0400][gc,start    ] GC(13) Pause Young (Normal) (G1 Evacuation Pause)
[2024-03-24T23:10:23.229+0400][gc,task     ] GC(13) Using 8 workers of 8 for evacuation
[2024-03-24T23:10:23.245+0400][gc,phases   ] GC(13)   Pre Evacuate Collection Set: 0.6ms
[2024-03-24T23:10:23.245+0400][gc,phases   ] GC(13)   Merge Heap Roots: 0.2ms
[2024-03-24T23:10:23.245+0400][gc,phases   ] GC(13)   Evacuate Collection Set: 14.0ms
[2024-03-24T23:10:23.245+0400][gc,phases   ] GC(13)   Post Evacuate Collection Set: 0.7ms
[2024-03-24T23:10:23.245+0400][gc,phases   ] GC(13)   Other: 1.4ms
[2024-03-24T23:10:23.245+0400][gc,heap     ] GC(13) Eden regions: 232->0(155)
[2024-03-24T23:10:23.245+0400][gc,heap     ] GC(13) Survivor regions: 5->6(30)
[2024-03-24T23:10:23.245+0400][gc,heap     ] GC(13) Old regions: 18->18
[2024-03-24T23:10:23.245+0400][gc,heap     ] GC(13) Archive regions: 2->2
[2024-03-24T23:10:23.245+0400][gc,heap     ] GC(13) Humongous regions: 129->129
[2024-03-24T23:10:23.245+0400][gc,metaspace] GC(13) Metaspace: 43165K(43776K)->43165K(43776K) NonClass: 37996K(38336K)->37996K(38336K) Class: 5168K(5440K)->5168K(5440K)
[2024-03-24T23:10:23.245+0400][gc          ] GC(13) Pause Young (Normal) (G1 Evacuation Pause) 384M->152M(1024M) 17.081ms
[2024-03-24T23:10:23.245+0400][gc,cpu      ] GC(13) User=0.03s Sys=0.02s Real=0.02s
[2024-03-25T00:30:03.186+0400][gc,start    ] GC(14) Pause Young (Normal) (G1 Evacuation Pause)
[2024-03-25T00:30:03.187+0400][gc,task     ] GC(14) Using 8 workers of 8 for evacuation
[2024-03-25T00:30:03.204+0400][gc,phases   ] GC(14)   Pre Evacuate Collection Set: 0.6ms
[2024-03-25T00:30:03.204+0400][gc,phases   ] GC(14)   Merge Heap Roots: 0.3ms
[2024-03-25T00:30:03.204+0400][gc,phases   ] GC(14)   Evacuate Collection Set: 15.3ms
[2024-03-25T00:30:03.204+0400][gc,phases   ] GC(14)   Post Evacuate Collection Set: 0.9ms
[2024-03-25T00:30:03.204+0400][gc,phases   ] GC(14)   Other: 0.9ms
[2024-03-25T00:30:03.204+0400][gc,heap     ] GC(14) Eden regions: 155->0(130)
[2024-03-25T00:30:03.204+0400][gc,heap     ] GC(14) Survivor regions: 6->6(21)
[2024-03-25T00:30:03.204+0400][gc,heap     ] GC(14) Old regions: 18->18
[2024-03-25T00:30:03.204+0400][gc,heap     ] GC(14) Archive regions: 2->2
[2024-03-25T00:30:03.204+0400][gc,heap     ] GC(14) Humongous regions: 129->129
[2024-03-25T00:30:03.204+0400][gc,metaspace] GC(14) Metaspace: 43213K(43840K)->43213K(43840K) NonClass: 38040K(38400K)->38040K(38400K) Class: 5172K(5440K)->5172K(5440K)
[2024-03-25T00:30:03.204+0400][gc          ] GC(14) Pause Young (Normal) (G1 Evacuation Pause) 307M->152M(1024M) 18.086ms
[2024-03-25T00:30:03.204+0400][gc,cpu      ] GC(14) User=0.03s Sys=0.02s Real=0.02s
[2024-03-25T00:48:15.017+0400][gc,heap,exit] Heap
[2024-03-25T00:48:15.017+0400][gc,heap,exit]  garbage-first heap   total 1048576K, used 226389K [0x00000007c0000000, 0x0000000800000000)
[2024-03-25T00:48:15.017+0400][gc,heap,exit]   region size 1024K, 75 young (76800K), 6 survivors (6144K)
[2024-03-25T00:48:15.017+0400][gc,heap,exit]  Metaspace       used 44110K, committed 44736K, reserved 1089536K
[2024-03-25T00:48:15.017+0400][gc,heap,exit]   class space    used 5354K, committed 5632K, reserved 1048576K
