[2024-03-22T20:45:46.793+0400][gc] Using G1
[2024-03-22T20:45:46.794+0400][gc,init] Version: 17.0.2+8-LTS-86 (release)
[2024-03-22T20:45:46.794+0400][gc,init] CPUs: 8 total, 8 available
[2024-03-22T20:45:46.794+0400][gc,init] Memory: 16384M
[2024-03-22T20:45:46.794+0400][gc,init] Large Page Support: Disabled
[2024-03-22T20:45:46.794+0400][gc,init] NUMA Support: Disabled
[2024-03-22T20:45:46.794+0400][gc,init] Compressed Oops: Enabled (Zero based)
[2024-03-22T20:45:46.794+0400][gc,init] Heap Region Size: 1M
[2024-03-22T20:45:46.794+0400][gc,init] Heap Min Capacity: 1G
[2024-03-22T20:45:46.794+0400][gc,init] Heap Initial Capacity: 1G
[2024-03-22T20:45:46.794+0400][gc,init] Heap Max Capacity: 1G
[2024-03-22T20:45:46.794+0400][gc,init] Pre-touch: Disabled
[2024-03-22T20:45:46.794+0400][gc,init] Parallel Workers: 8
[2024-03-22T20:45:46.794+0400][gc,init] Concurrent Workers: 2
[2024-03-22T20:45:46.794+0400][gc,init] Concurrent Refinement Workers: 8
[2024-03-22T20:45:46.794+0400][gc,init] Periodic GC: Disabled
[2024-03-22T20:45:46.794+0400][gc,metaspace] CDS archive(s) mapped at: [0x0000000800000000-0x0000000800bd8000-0x0000000800bd8000), size 12419072, SharedBaseAddress: 0x0000000800000000, ArchiveRelocationMode: 0.
[2024-03-22T20:45:46.794+0400][gc,metaspace] Compressed class space mapped at: 0x0000000800c00000-0x0000000840c00000, reserved size: 1073741824
[2024-03-22T20:45:46.794+0400][gc,metaspace] Narrow klass base: 0x0000000800000000, Narrow klass shift: 0, Narrow klass range: 0x100000000
[2024-03-22T20:45:47.383+0400][gc,start    ] GC(0) Pause Young (Normal) (G1 Evacuation Pause)
[2024-03-22T20:45:47.383+0400][gc,task     ] GC(0) Using 8 workers of 8 for evacuation
[2024-03-22T20:45:47.386+0400][gc,phases   ] GC(0)   Pre Evacuate Collection Set: 0.1ms
[2024-03-22T20:45:47.386+0400][gc,phases   ] GC(0)   Merge Heap Roots: 0.0ms
[2024-03-22T20:45:47.386+0400][gc,phases   ] GC(0)   Evacuate Collection Set: 2.3ms
[2024-03-22T20:45:47.386+0400][gc,phases   ] GC(0)   Post Evacuate Collection Set: 0.2ms
[2024-03-22T20:45:47.386+0400][gc,phases   ] GC(0)   Other: 0.2ms
[2024-03-22T20:45:47.386+0400][gc,heap     ] GC(0) Eden regions: 51->0(44)
[2024-03-22T20:45:47.386+0400][gc,heap     ] GC(0) Survivor regions: 0->7(7)
[2024-03-22T20:45:47.386+0400][gc,heap     ] GC(0) Old regions: 0->2
[2024-03-22T20:45:47.386+0400][gc,heap     ] GC(0) Archive regions: 2->2
[2024-03-22T20:45:47.386+0400][gc,heap     ] GC(0) Humongous regions: 0->0
[2024-03-22T20:45:47.386+0400][gc,metaspace] GC(0) Metaspace: 18210K(18368K)->18210K(18368K) NonClass: 16035K(16128K)->16035K(16128K) Class: 2174K(2240K)->2174K(2240K)
[2024-03-22T20:45:47.386+0400][gc          ] GC(0) Pause Young (Normal) (G1 Evacuation Pause) 51M->9M(1024M) 2.954ms
[2024-03-22T20:45:47.386+0400][gc,cpu      ] GC(0) User=0.02s Sys=0.00s Real=0.00s
[2024-03-22T20:45:47.488+0400][gc,start    ] GC(1) Pause Young (Concurrent Start) (Metadata GC Threshold)
[2024-03-22T20:45:47.488+0400][gc,task     ] GC(1) Using 8 workers of 8 for evacuation
[2024-03-22T20:45:47.490+0400][gc,phases   ] GC(1)   Pre Evacuate Collection Set: 0.1ms
[2024-03-22T20:45:47.490+0400][gc,phases   ] GC(1)   Merge Heap Roots: 0.0ms
[2024-03-22T20:45:47.490+0400][gc,phases   ] GC(1)   Evacuate Collection Set: 1.9ms
[2024-03-22T20:45:47.490+0400][gc,phases   ] GC(1)   Post Evacuate Collection Set: 0.2ms
[2024-03-22T20:45:47.490+0400][gc,phases   ] GC(1)   Other: 0.1ms
[2024-03-22T20:45:47.490+0400][gc,heap     ] GC(1) Eden regions: 13->0(49)
[2024-03-22T20:45:47.490+0400][gc,heap     ] GC(1) Survivor regions: 7->2(7)
[2024-03-22T20:45:47.490+0400][gc,heap     ] GC(1) Old regions: 2->8
[2024-03-22T20:45:47.490+0400][gc,heap     ] GC(1) Archive regions: 2->2
[2024-03-22T20:45:47.490+0400][gc,heap     ] GC(1) Humongous regions: 129->129
[2024-03-22T20:45:47.490+0400][gc,metaspace] GC(1) Metaspace: 21289K(21504K)->21289K(21504K) NonClass: 18709K(18816K)->18709K(18816K) Class: 2580K(2688K)->2580K(2688K)
[2024-03-22T20:45:47.490+0400][gc          ] GC(1) Pause Young (Concurrent Start) (Metadata GC Threshold) 151M->139M(1024M) 2.449ms
[2024-03-22T20:45:47.490+0400][gc,cpu      ] GC(1) User=0.01s Sys=0.00s Real=0.01s
[2024-03-22T20:45:47.490+0400][gc          ] GC(2) Concurrent Mark Cycle
[2024-03-22T20:45:47.490+0400][gc,marking  ] GC(2) Concurrent Clear Claimed Marks
[2024-03-22T20:45:47.490+0400][gc,marking  ] GC(2) Concurrent Clear Claimed Marks 0.007ms
[2024-03-22T20:45:47.490+0400][gc,marking  ] GC(2) Concurrent Scan Root Regions
[2024-03-22T20:45:47.491+0400][gc,marking  ] GC(2) Concurrent Scan Root Regions 1.191ms
[2024-03-22T20:45:47.491+0400][gc,marking  ] GC(2) Concurrent Mark
[2024-03-22T20:45:47.491+0400][gc,marking  ] GC(2) Concurrent Mark From Roots
[2024-03-22T20:45:47.491+0400][gc,task     ] GC(2) Using 2 workers of 2 for marking
[2024-03-22T20:45:47.492+0400][gc,marking  ] GC(2) Concurrent Mark From Roots 0.960ms
[2024-03-22T20:45:47.492+0400][gc,marking  ] GC(2) Concurrent Preclean
[2024-03-22T20:45:47.492+0400][gc,marking  ] GC(2) Concurrent Preclean 0.013ms
[2024-03-22T20:45:47.492+0400][gc,start    ] GC(2) Pause Remark
[2024-03-22T20:45:47.493+0400][gc          ] GC(2) Pause Remark 139M->139M(1024M) 0.757ms
[2024-03-22T20:45:47.493+0400][gc,cpu      ] GC(2) User=0.00s Sys=0.00s Real=0.00s
[2024-03-22T20:45:47.493+0400][gc,marking  ] GC(2) Concurrent Mark 1.893ms
[2024-03-22T20:45:47.493+0400][gc,marking  ] GC(2) Concurrent Rebuild Remembered Sets
[2024-03-22T20:45:47.493+0400][gc,marking  ] GC(2) Concurrent Rebuild Remembered Sets 0.005ms
[2024-03-22T20:45:47.493+0400][gc,start    ] GC(2) Pause Cleanup
[2024-03-22T20:45:47.493+0400][gc          ] GC(2) Pause Cleanup 139M->139M(1024M) 0.007ms
[2024-03-22T20:45:47.493+0400][gc,cpu      ] GC(2) User=0.00s Sys=0.00s Real=0.00s
[2024-03-22T20:45:47.493+0400][gc,marking  ] GC(2) Concurrent Cleanup for Next Mark
[2024-03-22T20:45:47.495+0400][gc,marking  ] GC(2) Concurrent Cleanup for Next Mark 1.259ms
[2024-03-22T20:45:47.495+0400][gc          ] GC(2) Concurrent Mark Cycle 4.474ms
[2024-03-22T20:45:47.759+0400][gc,start    ] GC(3) Pause Young (Normal) (G1 Evacuation Pause)
[2024-03-22T20:45:47.759+0400][gc,task     ] GC(3) Using 8 workers of 8 for evacuation
[2024-03-22T20:45:47.762+0400][gc,phases   ] GC(3)   Pre Evacuate Collection Set: 0.1ms
[2024-03-22T20:45:47.762+0400][gc,phases   ] GC(3)   Merge Heap Roots: 0.0ms
[2024-03-22T20:45:47.762+0400][gc,phases   ] GC(3)   Evacuate Collection Set: 2.1ms
[2024-03-22T20:45:47.762+0400][gc,phases   ] GC(3)   Post Evacuate Collection Set: 0.2ms
[2024-03-22T20:45:47.762+0400][gc,phases   ] GC(3)   Other: 0.1ms
[2024-03-22T20:45:47.762+0400][gc,heap     ] GC(3) Eden regions: 49->0(45)
[2024-03-22T20:45:47.762+0400][gc,heap     ] GC(3) Survivor regions: 2->6(7)
[2024-03-22T20:45:47.762+0400][gc,heap     ] GC(3) Old regions: 8->8
[2024-03-22T20:45:47.762+0400][gc,heap     ] GC(3) Archive regions: 2->2
[2024-03-22T20:45:47.762+0400][gc,heap     ] GC(3) Humongous regions: 129->129
[2024-03-22T20:45:47.762+0400][gc,metaspace] GC(3) Metaspace: 32512K(32768K)->32512K(32768K) NonClass: 28853K(28992K)->28853K(28992K) Class: 3659K(3776K)->3659K(3776K)
[2024-03-22T20:45:47.762+0400][gc          ] GC(3) Pause Young (Normal) (G1 Evacuation Pause) 188M->143M(1024M) 2.513ms
[2024-03-22T20:45:47.762+0400][gc,cpu      ] GC(3) User=0.02s Sys=0.00s Real=0.01s
[2024-03-22T20:45:47.920+0400][gc,start    ] GC(4) Pause Young (Concurrent Start) (Metadata GC Threshold)
[2024-03-22T20:45:47.920+0400][gc,task     ] GC(4) Using 8 workers of 8 for evacuation
[2024-03-22T20:45:47.923+0400][gc,phases   ] GC(4)   Pre Evacuate Collection Set: 0.1ms
[2024-03-22T20:45:47.923+0400][gc,phases   ] GC(4)   Merge Heap Roots: 0.0ms
[2024-03-22T20:45:47.923+0400][gc,phases   ] GC(4)   Evacuate Collection Set: 2.3ms
[2024-03-22T20:45:47.923+0400][gc,phases   ] GC(4)   Post Evacuate Collection Set: 0.2ms
[2024-03-22T20:45:47.923+0400][gc,phases   ] GC(4)   Other: 0.1ms
[2024-03-22T20:45:47.923+0400][gc,heap     ] GC(4) Eden regions: 15->0(49)
[2024-03-22T20:45:47.923+0400][gc,heap     ] GC(4) Survivor regions: 6->2(7)
[2024-03-22T20:45:47.923+0400][gc,heap     ] GC(4) Old regions: 8->14
[2024-03-22T20:45:47.923+0400][gc,heap     ] GC(4) Archive regions: 2->2
[2024-03-22T20:45:47.923+0400][gc,heap     ] GC(4) Humongous regions: 129->129
[2024-03-22T20:45:47.923+0400][gc,metaspace] GC(4) Metaspace: 35803K(36096K)->35803K(36096K) NonClass: 31655K(31808K)->31655K(31808K) Class: 4148K(4288K)->4148K(4288K)
[2024-03-22T20:45:47.923+0400][gc          ] GC(4) Pause Young (Concurrent Start) (Metadata GC Threshold) 158M->144M(1024M) 2.779ms
[2024-03-22T20:45:47.923+0400][gc,cpu      ] GC(4) User=0.02s Sys=0.00s Real=0.00s
[2024-03-22T20:45:47.923+0400][gc          ] GC(5) Concurrent Mark Cycle
[2024-03-22T20:45:47.923+0400][gc,marking  ] GC(5) Concurrent Clear Claimed Marks
[2024-03-22T20:45:47.923+0400][gc,marking  ] GC(5) Concurrent Clear Claimed Marks 0.017ms
[2024-03-22T20:45:47.923+0400][gc,marking  ] GC(5) Concurrent Scan Root Regions
[2024-03-22T20:45:47.925+0400][gc,marking  ] GC(5) Concurrent Scan Root Regions 1.574ms
[2024-03-22T20:45:47.925+0400][gc,marking  ] GC(5) Concurrent Mark
[2024-03-22T20:45:47.925+0400][gc,marking  ] GC(5) Concurrent Mark From Roots
[2024-03-22T20:45:47.925+0400][gc,task     ] GC(5) Using 2 workers of 2 for marking
[2024-03-22T20:45:47.927+0400][gc,marking  ] GC(5) Concurrent Mark From Roots 2.738ms
[2024-03-22T20:45:47.927+0400][gc,marking  ] GC(5) Concurrent Preclean
[2024-03-22T20:45:47.928+0400][gc,marking  ] GC(5) Concurrent Preclean 0.031ms
[2024-03-22T20:45:47.928+0400][gc,start    ] GC(5) Pause Remark
[2024-03-22T20:45:47.929+0400][gc          ] GC(5) Pause Remark 145M->145M(1024M) 0.868ms
[2024-03-22T20:45:47.929+0400][gc,cpu      ] GC(5) User=0.00s Sys=0.00s Real=0.00s
[2024-03-22T20:45:47.929+0400][gc,marking  ] GC(5) Concurrent Mark 4.072ms
[2024-03-22T20:45:47.929+0400][gc,marking  ] GC(5) Concurrent Rebuild Remembered Sets
[2024-03-22T20:45:47.931+0400][gc,marking  ] GC(5) Concurrent Rebuild Remembered Sets 2.562ms
[2024-03-22T20:45:47.931+0400][gc,start    ] GC(5) Pause Cleanup
[2024-03-22T20:45:47.932+0400][gc          ] GC(5) Pause Cleanup 145M->145M(1024M) 0.070ms
[2024-03-22T20:45:47.932+0400][gc,cpu      ] GC(5) User=0.00s Sys=0.00s Real=0.00s
[2024-03-22T20:45:47.932+0400][gc,marking  ] GC(5) Concurrent Cleanup for Next Mark
[2024-03-22T20:45:47.933+0400][gc,marking  ] GC(5) Concurrent Cleanup for Next Mark 1.318ms
[2024-03-22T20:45:47.933+0400][gc          ] GC(5) Concurrent Mark Cycle 9.803ms
[2024-03-22T21:05:12.460+0400][gc,start    ] GC(6) Pause Young (Prepare Mixed) (G1 Evacuation Pause)
[2024-03-22T21:05:12.462+0400][gc,task     ] GC(6) Using 8 workers of 8 for evacuation
[2024-03-22T21:05:12.475+0400][gc,phases   ] GC(6)   Pre Evacuate Collection Set: 0.7ms
[2024-03-22T21:05:12.475+0400][gc,phases   ] GC(6)   Merge Heap Roots: 0.2ms
[2024-03-22T21:05:12.475+0400][gc,phases   ] GC(6)   Evacuate Collection Set: 11.6ms
[2024-03-22T21:05:12.475+0400][gc,phases   ] GC(6)   Post Evacuate Collection Set: 0.9ms
[2024-03-22T21:05:12.475+0400][gc,phases   ] GC(6)   Other: 1.6ms
[2024-03-22T21:05:12.476+0400][gc,heap     ] GC(6) Eden regions: 49->0(47)
[2024-03-22T21:05:12.476+0400][gc,heap     ] GC(6) Survivor regions: 2->4(7)
[2024-03-22T21:05:12.476+0400][gc,heap     ] GC(6) Old regions: 14->14
[2024-03-22T21:05:12.476+0400][gc,heap     ] GC(6) Archive regions: 2->2
[2024-03-22T21:05:12.476+0400][gc,heap     ] GC(6) Humongous regions: 129->129
[2024-03-22T21:05:12.476+0400][gc,metaspace] GC(6) Metaspace: 41006K(41536K)->41006K(41536K) NonClass: 36046K(36352K)->36046K(36352K) Class: 4959K(5184K)->4959K(5184K)
[2024-03-22T21:05:12.476+0400][gc          ] GC(6) Pause Young (Prepare Mixed) (G1 Evacuation Pause) 193M->147M(1024M) 15.208ms
[2024-03-22T21:05:12.476+0400][gc,cpu      ] GC(6) User=0.03s Sys=0.01s Real=0.01s
[2024-03-22T21:21:39.522+0400][gc,start    ] GC(7) Pause Young (Mixed) (G1 Evacuation Pause)
[2024-03-22T21:21:39.523+0400][gc,task     ] GC(7) Using 8 workers of 8 for evacuation
[2024-03-22T21:21:39.537+0400][gc,phases   ] GC(7)   Pre Evacuate Collection Set: 0.5ms
[2024-03-22T21:21:39.537+0400][gc,phases   ] GC(7)   Merge Heap Roots: 0.1ms
[2024-03-22T21:21:39.537+0400][gc,phases   ] GC(7)   Evacuate Collection Set: 12.7ms
[2024-03-22T21:21:39.537+0400][gc,phases   ] GC(7)   Post Evacuate Collection Set: 0.7ms
[2024-03-22T21:21:39.537+0400][gc,phases   ] GC(7)   Other: 1.5ms
[2024-03-22T21:21:39.537+0400][gc,heap     ] GC(7) Eden regions: 47->0(45)
[2024-03-22T21:21:39.537+0400][gc,heap     ] GC(7) Survivor regions: 4->6(7)
[2024-03-22T21:21:39.537+0400][gc,heap     ] GC(7) Old regions: 14->15
[2024-03-22T21:21:39.537+0400][gc,heap     ] GC(7) Archive regions: 2->2
[2024-03-22T21:21:39.537+0400][gc,heap     ] GC(7) Humongous regions: 129->129
[2024-03-22T21:21:39.537+0400][gc,metaspace] GC(7) Metaspace: 41927K(42496K)->41927K(42496K) NonClass: 36907K(37248K)->36907K(37248K) Class: 5019K(5248K)->5019K(5248K)
[2024-03-22T21:21:39.538+0400][gc          ] GC(7) Pause Young (Mixed) (G1 Evacuation Pause) 194M->149M(1024M) 15.655ms
[2024-03-22T21:21:39.538+0400][gc,cpu      ] GC(7) User=0.04s Sys=0.02s Real=0.01s
[2024-03-22T21:29:44.026+0400][gc,start    ] GC(8) Pause Young (Normal) (G1 Evacuation Pause)
[2024-03-22T21:29:44.028+0400][gc,task     ] GC(8) Using 8 workers of 8 for evacuation
[2024-03-22T21:29:44.039+0400][gc,phases   ] GC(8)   Pre Evacuate Collection Set: 0.5ms
[2024-03-22T21:29:44.040+0400][gc,phases   ] GC(8)   Merge Heap Roots: 0.2ms
[2024-03-22T21:29:44.040+0400][gc,phases   ] GC(8)   Evacuate Collection Set: 10.5ms
[2024-03-22T21:29:44.040+0400][gc,phases   ] GC(8)   Post Evacuate Collection Set: 0.5ms
[2024-03-22T21:29:44.040+0400][gc,phases   ] GC(8)   Other: 1.4ms
[2024-03-22T21:29:44.040+0400][gc,heap     ] GC(8) Eden regions: 45->0(48)
[2024-03-22T21:29:44.040+0400][gc,heap     ] GC(8) Survivor regions: 6->3(7)
[2024-03-22T21:29:44.040+0400][gc,heap     ] GC(8) Old regions: 15->17
[2024-03-22T21:29:44.040+0400][gc,heap     ] GC(8) Archive regions: 2->2
[2024-03-22T21:29:44.040+0400][gc,heap     ] GC(8) Humongous regions: 129->129
[2024-03-22T21:29:44.040+0400][gc,metaspace] GC(8) Metaspace: 41991K(42496K)->41991K(42496K) NonClass: 36970K(37248K)->36970K(37248K) Class: 5020K(5248K)->5020K(5248K)
[2024-03-22T21:29:44.040+0400][gc          ] GC(8) Pause Young (Normal) (G1 Evacuation Pause) 194M->149M(1024M) 13.389ms
[2024-03-22T21:29:44.040+0400][gc,cpu      ] GC(8) User=0.03s Sys=0.01s Real=0.02s
[2024-03-22T21:39:10.744+0400][gc,start    ] GC(9) Pause Young (Normal) (G1 Evacuation Pause)
[2024-03-22T21:39:10.746+0400][gc,task     ] GC(9) Using 8 workers of 8 for evacuation
[2024-03-22T21:39:10.755+0400][gc,phases   ] GC(9)   Pre Evacuate Collection Set: 0.5ms
[2024-03-22T21:39:10.755+0400][gc,phases   ] GC(9)   Merge Heap Roots: 0.2ms
[2024-03-22T21:39:10.755+0400][gc,phases   ] GC(9)   Evacuate Collection Set: 7.3ms
[2024-03-22T21:39:10.755+0400][gc,phases   ] GC(9)   Post Evacuate Collection Set: 0.6ms
[2024-03-22T21:39:10.755+0400][gc,phases   ] GC(9)   Other: 1.7ms
[2024-03-22T21:39:10.755+0400][gc,heap     ] GC(9) Eden regions: 48->0(47)
[2024-03-22T21:39:10.755+0400][gc,heap     ] GC(9) Survivor regions: 3->4(7)
[2024-03-22T21:39:10.755+0400][gc,heap     ] GC(9) Old regions: 17->17
[2024-03-22T21:39:10.755+0400][gc,heap     ] GC(9) Archive regions: 2->2
[2024-03-22T21:39:10.755+0400][gc,heap     ] GC(9) Humongous regions: 129->129
[2024-03-22T21:39:10.755+0400][gc,metaspace] GC(9) Metaspace: 42031K(42624K)->42031K(42624K) NonClass: 37011K(37376K)->37011K(37376K) Class: 5020K(5248K)->5020K(5248K)
[2024-03-22T21:39:10.755+0400][gc          ] GC(9) Pause Young (Normal) (G1 Evacuation Pause) 197M->150M(1024M) 10.495ms
[2024-03-22T21:39:10.755+0400][gc,cpu      ] GC(9) User=0.02s Sys=0.01s Real=0.01s
[2024-03-22T21:53:58.365+0400][gc,start    ] GC(10) Pause Young (Normal) (G1 Evacuation Pause)
[2024-03-22T21:53:58.366+0400][gc,task     ] GC(10) Using 8 workers of 8 for evacuation
[2024-03-22T21:53:58.375+0400][gc,phases   ] GC(10)   Pre Evacuate Collection Set: 0.3ms
[2024-03-22T21:53:58.375+0400][gc,phases   ] GC(10)   Merge Heap Roots: 0.2ms
[2024-03-22T21:53:58.375+0400][gc,phases   ] GC(10)   Evacuate Collection Set: 8.2ms
[2024-03-22T21:53:58.375+0400][gc,phases   ] GC(10)   Post Evacuate Collection Set: 0.8ms
[2024-03-22T21:53:58.375+0400][gc,phases   ] GC(10)   Other: 1.3ms
[2024-03-22T21:53:58.375+0400][gc,heap     ] GC(10) Eden regions: 47->0(60)
[2024-03-22T21:53:58.375+0400][gc,heap     ] GC(10) Survivor regions: 4->4(7)
[2024-03-22T21:53:58.375+0400][gc,heap     ] GC(10) Old regions: 17->17
[2024-03-22T21:53:58.375+0400][gc,heap     ] GC(10) Archive regions: 2->2
[2024-03-22T21:53:58.376+0400][gc,heap     ] GC(10) Humongous regions: 129->129
[2024-03-22T21:53:58.376+0400][gc,metaspace] GC(10) Metaspace: 42150K(42688K)->42150K(42688K) NonClass: 37125K(37440K)->37125K(37440K) Class: 5024K(5248K)->5024K(5248K)
[2024-03-22T21:53:58.376+0400][gc          ] GC(10) Pause Young (Normal) (G1 Evacuation Pause) 197M->150M(1024M) 11.019ms
[2024-03-22T21:53:58.376+0400][gc,cpu      ] GC(10) User=0.02s Sys=0.01s Real=0.01s
[2024-03-22T22:18:46.736+0400][gc,start    ] GC(11) Pause Young (Normal) (G1 Evacuation Pause)
[2024-03-22T22:18:46.737+0400][gc,task     ] GC(11) Using 8 workers of 8 for evacuation
[2024-03-22T22:18:46.745+0400][gc,phases   ] GC(11)   Pre Evacuate Collection Set: 0.6ms
[2024-03-22T22:18:46.745+0400][gc,phases   ] GC(11)   Merge Heap Roots: 0.2ms
[2024-03-22T22:18:46.745+0400][gc,phases   ] GC(11)   Evacuate Collection Set: 6.2ms
[2024-03-22T22:18:46.745+0400][gc,phases   ] GC(11)   Post Evacuate Collection Set: 0.5ms
[2024-03-22T22:18:46.745+0400][gc,phases   ] GC(11)   Other: 1.6ms
[2024-03-22T22:18:46.745+0400][gc,heap     ] GC(11) Eden regions: 60->0(145)
[2024-03-22T22:18:46.745+0400][gc,heap     ] GC(11) Survivor regions: 4->4(8)
[2024-03-22T22:18:46.745+0400][gc,heap     ] GC(11) Old regions: 17->17
[2024-03-22T22:18:46.745+0400][gc,heap     ] GC(11) Archive regions: 2->2
[2024-03-22T22:18:46.745+0400][gc,heap     ] GC(11) Humongous regions: 129->129
[2024-03-22T22:18:46.745+0400][gc,metaspace] GC(11) Metaspace: 42222K(42752K)->42222K(42752K) NonClass: 37193K(37504K)->37193K(37504K) Class: 5028K(5248K)->5028K(5248K)
[2024-03-22T22:18:46.745+0400][gc          ] GC(11) Pause Young (Normal) (G1 Evacuation Pause) 210M->150M(1024M) 9.135ms
[2024-03-22T22:18:46.745+0400][gc,cpu      ] GC(11) User=0.01s Sys=0.01s Real=0.01s
[2024-03-22T22:32:38.267+0400][gc,heap,exit] Heap
[2024-03-22T22:32:38.267+0400][gc,heap,exit]  garbage-first heap   total 1048576K, used 232596K [0x00000007c0000000, 0x0000000800000000)
[2024-03-22T22:32:38.267+0400][gc,heap,exit]   region size 1024K, 81 young (82944K), 4 survivors (4096K)
[2024-03-22T22:32:38.267+0400][gc,heap,exit]  Metaspace       used 43124K, committed 43712K, reserved 1089536K
[2024-03-22T22:32:38.267+0400][gc,heap,exit]   class space    used 5213K, committed 5440K, reserved 1048576K
