[2024-03-22T22:38:59.955+0400][gc] Using G1
[2024-03-22T22:38:59.956+0400][gc,init] Version: 17.0.2+8-LTS-86 (release)
[2024-03-22T22:38:59.956+0400][gc,init] CPUs: 8 total, 8 available
[2024-03-22T22:38:59.956+0400][gc,init] Memory: 16384M
[2024-03-22T22:38:59.956+0400][gc,init] Large Page Support: Disabled
[2024-03-22T22:38:59.956+0400][gc,init] NUMA Support: Disabled
[2024-03-22T22:38:59.956+0400][gc,init] Compressed Oops: Enabled (Zero based)
[2024-03-22T22:38:59.956+0400][gc,init] Heap Region Size: 1M
[2024-03-22T22:38:59.956+0400][gc,init] Heap Min Capacity: 1G
[2024-03-22T22:38:59.956+0400][gc,init] Heap Initial Capacity: 1G
[2024-03-22T22:38:59.956+0400][gc,init] Heap Max Capacity: 1G
[2024-03-22T22:38:59.956+0400][gc,init] Pre-touch: Disabled
[2024-03-22T22:38:59.956+0400][gc,init] Parallel Workers: 8
[2024-03-22T22:38:59.956+0400][gc,init] Concurrent Workers: 2
[2024-03-22T22:38:59.956+0400][gc,init] Concurrent Refinement Workers: 8
[2024-03-22T22:38:59.956+0400][gc,init] Periodic GC: Disabled
[2024-03-22T22:38:59.956+0400][gc,metaspace] CDS archive(s) mapped at: [0x0000000800000000-0x0000000800bd8000-0x0000000800bd8000), size 12419072, SharedBaseAddress: 0x0000000800000000, ArchiveRelocationMode: 0.
[2024-03-22T22:38:59.956+0400][gc,metaspace] Compressed class space mapped at: 0x0000000800c00000-0x0000000840c00000, reserved size: 1073741824
[2024-03-22T22:38:59.956+0400][gc,metaspace] Narrow klass base: 0x0000000800000000, Narrow klass shift: 0, Narrow klass range: 0x100000000
[2024-03-22T22:39:00.482+0400][gc,start    ] GC(0) Pause Young (Normal) (G1 Evacuation Pause)
[2024-03-22T22:39:00.483+0400][gc,task     ] GC(0) Using 8 workers of 8 for evacuation
[2024-03-22T22:39:00.486+0400][gc,phases   ] GC(0)   Pre Evacuate Collection Set: 0.1ms
[2024-03-22T22:39:00.486+0400][gc,phases   ] GC(0)   Merge Heap Roots: 0.0ms
[2024-03-22T22:39:00.486+0400][gc,phases   ] GC(0)   Evacuate Collection Set: 2.6ms
[2024-03-22T22:39:00.486+0400][gc,phases   ] GC(0)   Post Evacuate Collection Set: 0.2ms
[2024-03-22T22:39:00.486+0400][gc,phases   ] GC(0)   Other: 0.3ms
[2024-03-22T22:39:00.486+0400][gc,heap     ] GC(0) Eden regions: 51->0(44)
[2024-03-22T22:39:00.486+0400][gc,heap     ] GC(0) Survivor regions: 0->7(7)
[2024-03-22T22:39:00.486+0400][gc,heap     ] GC(0) Old regions: 0->1
[2024-03-22T22:39:00.486+0400][gc,heap     ] GC(0) Archive regions: 2->2
[2024-03-22T22:39:00.486+0400][gc,heap     ] GC(0) Humongous regions: 0->0
[2024-03-22T22:39:00.486+0400][gc,metaspace] GC(0) Metaspace: 17914K(18048K)->17914K(18048K) NonClass: 15778K(15872K)->15778K(15872K) Class: 2135K(2176K)->2135K(2176K)
[2024-03-22T22:39:00.486+0400][gc          ] GC(0) Pause Young (Normal) (G1 Evacuation Pause) 51M->8M(1024M) 3.321ms
[2024-03-22T22:39:00.486+0400][gc,cpu      ] GC(0) User=0.02s Sys=0.00s Real=0.00s
[2024-03-22T22:39:00.580+0400][gc,start    ] GC(1) Pause Young (Concurrent Start) (Metadata GC Threshold)
[2024-03-22T22:39:00.580+0400][gc,task     ] GC(1) Using 8 workers of 8 for evacuation
[2024-03-22T22:39:00.583+0400][gc,phases   ] GC(1)   Pre Evacuate Collection Set: 0.1ms
[2024-03-22T22:39:00.583+0400][gc,phases   ] GC(1)   Merge Heap Roots: 0.0ms
[2024-03-22T22:39:00.583+0400][gc,phases   ] GC(1)   Evacuate Collection Set: 2.5ms
[2024-03-22T22:39:00.583+0400][gc,phases   ] GC(1)   Post Evacuate Collection Set: 0.3ms
[2024-03-22T22:39:00.583+0400][gc,phases   ] GC(1)   Other: 0.1ms
[2024-03-22T22:39:00.583+0400][gc,heap     ] GC(1) Eden regions: 14->0(49)
[2024-03-22T22:39:00.583+0400][gc,heap     ] GC(1) Survivor regions: 7->2(7)
[2024-03-22T22:39:00.583+0400][gc,heap     ] GC(1) Old regions: 1->9
[2024-03-22T22:39:00.583+0400][gc,heap     ] GC(1) Archive regions: 2->2
[2024-03-22T22:39:00.583+0400][gc,heap     ] GC(1) Humongous regions: 0->0
[2024-03-22T22:39:00.583+0400][gc,metaspace] GC(1) Metaspace: 21308K(21504K)->21308K(21504K) NonClass: 18715K(18816K)->18715K(18816K) Class: 2592K(2688K)->2592K(2688K)
[2024-03-22T22:39:00.583+0400][gc          ] GC(1) Pause Young (Concurrent Start) (Metadata GC Threshold) 22M->10M(1024M) 3.290ms
[2024-03-22T22:39:00.583+0400][gc,cpu      ] GC(1) User=0.02s Sys=0.00s Real=0.00s
[2024-03-22T22:39:00.583+0400][gc          ] GC(2) Concurrent Mark Cycle
[2024-03-22T22:39:00.583+0400][gc,marking  ] GC(2) Concurrent Clear Claimed Marks
[2024-03-22T22:39:00.583+0400][gc,marking  ] GC(2) Concurrent Clear Claimed Marks 0.017ms
[2024-03-22T22:39:00.583+0400][gc,marking  ] GC(2) Concurrent Scan Root Regions
[2024-03-22T22:39:00.585+0400][gc,marking  ] GC(2) Concurrent Scan Root Regions 1.551ms
[2024-03-22T22:39:00.585+0400][gc,marking  ] GC(2) Concurrent Mark
[2024-03-22T22:39:00.585+0400][gc,marking  ] GC(2) Concurrent Mark From Roots
[2024-03-22T22:39:00.585+0400][gc,task     ] GC(2) Using 2 workers of 2 for marking
[2024-03-22T22:39:00.586+0400][gc,marking  ] GC(2) Concurrent Mark From Roots 1.414ms
[2024-03-22T22:39:00.586+0400][gc,marking  ] GC(2) Concurrent Preclean
[2024-03-22T22:39:00.586+0400][gc,marking  ] GC(2) Concurrent Preclean 0.022ms
[2024-03-22T22:39:00.586+0400][gc,start    ] GC(2) Pause Remark
[2024-03-22T22:39:00.587+0400][gc          ] GC(2) Pause Remark 10M->10M(1024M) 0.946ms
[2024-03-22T22:39:00.587+0400][gc,cpu      ] GC(2) User=0.00s Sys=0.00s Real=0.00s
[2024-03-22T22:39:00.587+0400][gc,marking  ] GC(2) Concurrent Mark 2.584ms
[2024-03-22T22:39:00.587+0400][gc,marking  ] GC(2) Concurrent Rebuild Remembered Sets
[2024-03-22T22:39:00.589+0400][gc,marking  ] GC(2) Concurrent Rebuild Remembered Sets 1.380ms
[2024-03-22T22:39:00.589+0400][gc,start    ] GC(2) Pause Cleanup
[2024-03-22T22:39:00.589+0400][gc          ] GC(2) Pause Cleanup 10M->10M(1024M) 0.071ms
[2024-03-22T22:39:00.589+0400][gc,cpu      ] GC(2) User=0.00s Sys=0.00s Real=0.00s
[2024-03-22T22:39:00.589+0400][gc,marking  ] GC(2) Concurrent Cleanup for Next Mark
[2024-03-22T22:39:00.590+0400][gc,marking  ] GC(2) Concurrent Cleanup for Next Mark 1.346ms
[2024-03-22T22:39:00.590+0400][gc          ] GC(2) Concurrent Mark Cycle 7.115ms
[2024-03-22T22:39:00.983+0400][gc,start    ] GC(3) Pause Young (Normal) (G1 Evacuation Pause)
[2024-03-22T22:39:00.983+0400][gc,task     ] GC(3) Using 8 workers of 8 for evacuation
[2024-03-22T22:39:00.986+0400][gc,phases   ] GC(3)   Pre Evacuate Collection Set: 0.1ms
[2024-03-22T22:39:00.986+0400][gc,phases   ] GC(3)   Merge Heap Roots: 0.1ms
[2024-03-22T22:39:00.986+0400][gc,phases   ] GC(3)   Evacuate Collection Set: 3.1ms
[2024-03-22T22:39:00.986+0400][gc,phases   ] GC(3)   Post Evacuate Collection Set: 0.2ms
[2024-03-22T22:39:00.986+0400][gc,phases   ] GC(3)   Other: 0.1ms
[2024-03-22T22:39:00.986+0400][gc,heap     ] GC(3) Eden regions: 49->0(45)
[2024-03-22T22:39:00.986+0400][gc,heap     ] GC(3) Survivor regions: 2->6(7)
[2024-03-22T22:39:00.986+0400][gc,heap     ] GC(3) Old regions: 9->9
[2024-03-22T22:39:00.986+0400][gc,heap     ] GC(3) Archive regions: 2->2
[2024-03-22T22:39:00.986+0400][gc,heap     ] GC(3) Humongous regions: 129->129
[2024-03-22T22:39:00.986+0400][gc,metaspace] GC(3) Metaspace: 30360K(30656K)->30360K(30656K) NonClass: 26886K(27072K)->26886K(27072K) Class: 3473K(3584K)->3473K(3584K)
[2024-03-22T22:39:00.986+0400][gc          ] GC(3) Pause Young (Normal) (G1 Evacuation Pause) 188M->143M(1024M) 3.664ms
[2024-03-22T22:39:00.986+0400][gc,cpu      ] GC(3) User=0.02s Sys=0.00s Real=0.00s
[2024-03-22T22:39:01.109+0400][gc,start    ] GC(4) Pause Young (Concurrent Start) (Metadata GC Threshold)
[2024-03-22T22:39:01.109+0400][gc,task     ] GC(4) Using 8 workers of 8 for evacuation
[2024-03-22T22:39:01.112+0400][gc,phases   ] GC(4)   Pre Evacuate Collection Set: 0.2ms
[2024-03-22T22:39:01.112+0400][gc,phases   ] GC(4)   Merge Heap Roots: 0.1ms
[2024-03-22T22:39:01.112+0400][gc,phases   ] GC(4)   Evacuate Collection Set: 2.3ms
[2024-03-22T22:39:01.112+0400][gc,phases   ] GC(4)   Post Evacuate Collection Set: 0.2ms
[2024-03-22T22:39:01.112+0400][gc,phases   ] GC(4)   Other: 0.1ms
[2024-03-22T22:39:01.112+0400][gc,heap     ] GC(4) Eden regions: 22->0(49)
[2024-03-22T22:39:01.112+0400][gc,heap     ] GC(4) Survivor regions: 6->2(7)
[2024-03-22T22:39:01.112+0400][gc,heap     ] GC(4) Old regions: 9->14
[2024-03-22T22:39:01.112+0400][gc,heap     ] GC(4) Archive regions: 2->2
[2024-03-22T22:39:01.112+0400][gc,heap     ] GC(4) Humongous regions: 129->129
[2024-03-22T22:39:01.112+0400][gc,metaspace] GC(4) Metaspace: 35637K(35968K)->35637K(35968K) NonClass: 31585K(31744K)->31585K(31744K) Class: 4052K(4224K)->4052K(4224K)
[2024-03-22T22:39:01.112+0400][gc          ] GC(4) Pause Young (Concurrent Start) (Metadata GC Threshold) 165M->145M(1024M) 2.936ms
[2024-03-22T22:39:01.112+0400][gc,cpu      ] GC(4) User=0.02s Sys=0.00s Real=0.01s
[2024-03-22T22:39:01.112+0400][gc          ] GC(5) Concurrent Mark Cycle
[2024-03-22T22:39:01.112+0400][gc,marking  ] GC(5) Concurrent Clear Claimed Marks
[2024-03-22T22:39:01.112+0400][gc,marking  ] GC(5) Concurrent Clear Claimed Marks 0.016ms
[2024-03-22T22:39:01.112+0400][gc,marking  ] GC(5) Concurrent Scan Root Regions
[2024-03-22T22:39:01.114+0400][gc,marking  ] GC(5) Concurrent Scan Root Regions 2.227ms
[2024-03-22T22:39:01.118+0400][gc,marking  ] GC(5) Concurrent Mark
[2024-03-22T22:39:01.118+0400][gc,marking  ] GC(5) Concurrent Mark From Roots
[2024-03-22T22:39:01.118+0400][gc,task     ] GC(5) Using 2 workers of 2 for marking
[2024-03-22T22:39:01.121+0400][gc,marking  ] GC(5) Concurrent Mark From Roots 2.970ms
[2024-03-22T22:39:01.121+0400][gc,marking  ] GC(5) Concurrent Preclean
[2024-03-22T22:39:01.121+0400][gc,marking  ] GC(5) Concurrent Preclean 0.032ms
[2024-03-22T22:39:01.121+0400][gc,start    ] GC(5) Pause Remark
[2024-03-22T22:39:01.122+0400][gc          ] GC(5) Pause Remark 146M->146M(1024M) 0.888ms
[2024-03-22T22:39:01.122+0400][gc,cpu      ] GC(5) User=0.01s Sys=0.00s Real=0.00s
[2024-03-22T22:39:01.122+0400][gc,marking  ] GC(5) Concurrent Mark 4.053ms
[2024-03-22T22:39:01.122+0400][gc,marking  ] GC(5) Concurrent Rebuild Remembered Sets
[2024-03-22T22:39:01.125+0400][gc,marking  ] GC(5) Concurrent Rebuild Remembered Sets 3.643ms
[2024-03-22T22:39:01.126+0400][gc,start    ] GC(5) Pause Cleanup
[2024-03-22T22:39:01.126+0400][gc          ] GC(5) Pause Cleanup 146M->146M(1024M) 0.168ms
[2024-03-22T22:39:01.126+0400][gc,cpu      ] GC(5) User=0.00s Sys=0.00s Real=0.00s
[2024-03-22T22:39:01.126+0400][gc,marking  ] GC(5) Concurrent Cleanup for Next Mark
[2024-03-22T22:39:01.131+0400][gc,marking  ] GC(5) Concurrent Cleanup for Next Mark 4.822ms
[2024-03-22T22:39:01.131+0400][gc          ] GC(5) Concurrent Mark Cycle 18.750ms
[2024-03-22T22:42:46.425+0400][gc,start    ] GC(6) Pause Young (Normal) (G1 Evacuation Pause)
[2024-03-22T22:42:46.426+0400][gc,task     ] GC(6) Using 8 workers of 8 for evacuation
[2024-03-22T22:42:46.436+0400][gc,phases   ] GC(6)   Pre Evacuate Collection Set: 0.2ms
[2024-03-22T22:42:46.436+0400][gc,phases   ] GC(6)   Merge Heap Roots: 0.1ms
[2024-03-22T22:42:46.436+0400][gc,phases   ] GC(6)   Evacuate Collection Set: 8.1ms
[2024-03-22T22:42:46.436+0400][gc,phases   ] GC(6)   Post Evacuate Collection Set: 0.9ms
[2024-03-22T22:42:46.436+0400][gc,phases   ] GC(6)   Other: 1.3ms
[2024-03-22T22:42:46.436+0400][gc,heap     ] GC(6) Eden regions: 49->0(45)
[2024-03-22T22:42:46.436+0400][gc,heap     ] GC(6) Survivor regions: 2->6(7)
[2024-03-22T22:42:46.436+0400][gc,heap     ] GC(6) Old regions: 14->14
[2024-03-22T22:42:46.436+0400][gc,heap     ] GC(6) Archive regions: 2->2
[2024-03-22T22:42:46.436+0400][gc,heap     ] GC(6) Humongous regions: 141->129
[2024-03-22T22:42:46.436+0400][gc,metaspace] GC(6) Metaspace: 41119K(41664K)->41119K(41664K) NonClass: 36243K(36544K)->36243K(36544K) Class: 4876K(5120K)->4876K(5120K)
[2024-03-22T22:42:46.436+0400][gc          ] GC(6) Pause Young (Normal) (G1 Evacuation Pause) 206M->149M(1024M) 10.805ms
[2024-03-22T22:42:46.436+0400][gc,cpu      ] GC(6) User=0.03s Sys=0.00s Real=0.01s
[2024-03-22T22:50:28.457+0400][gc,start    ] GC(7) Pause Young (Normal) (G1 Evacuation Pause)
[2024-03-22T22:50:28.459+0400][gc,task     ] GC(7) Using 8 workers of 8 for evacuation
[2024-03-22T22:50:28.471+0400][gc,phases   ] GC(7)   Pre Evacuate Collection Set: 0.5ms
[2024-03-22T22:50:28.471+0400][gc,phases   ] GC(7)   Merge Heap Roots: 0.1ms
[2024-03-22T22:50:28.471+0400][gc,phases   ] GC(7)   Evacuate Collection Set: 10.3ms
[2024-03-22T22:50:28.471+0400][gc,phases   ] GC(7)   Post Evacuate Collection Set: 0.6ms
[2024-03-22T22:50:28.471+0400][gc,phases   ] GC(7)   Other: 1.7ms
[2024-03-22T22:50:28.471+0400][gc,heap     ] GC(7) Eden regions: 45->0(48)
[2024-03-22T22:50:28.471+0400][gc,heap     ] GC(7) Survivor regions: 6->3(7)
[2024-03-22T22:50:28.471+0400][gc,heap     ] GC(7) Old regions: 14->17
[2024-03-22T22:50:28.471+0400][gc,heap     ] GC(7) Archive regions: 2->2
[2024-03-22T22:50:28.471+0400][gc,heap     ] GC(7) Humongous regions: 129->129
[2024-03-22T22:50:28.471+0400][gc,metaspace] GC(7) Metaspace: 41361K(41920K)->41361K(41920K) NonClass: 36458K(36800K)->36458K(36800K) Class: 4902K(5120K)->4902K(5120K)
[2024-03-22T22:50:28.471+0400][gc          ] GC(7) Pause Young (Normal) (G1 Evacuation Pause) 194M->149M(1024M) 13.423ms
[2024-03-22T22:50:28.471+0400][gc,cpu      ] GC(7) User=0.04s Sys=0.01s Real=0.02s
[2024-03-22T23:03:49.874+0400][gc,start    ] GC(8) Pause Young (Normal) (G1 Evacuation Pause)
[2024-03-22T23:03:49.875+0400][gc,task     ] GC(8) Using 8 workers of 8 for evacuation
[2024-03-22T23:03:49.885+0400][gc,phases   ] GC(8)   Pre Evacuate Collection Set: 0.3ms
[2024-03-22T23:03:49.885+0400][gc,phases   ] GC(8)   Merge Heap Roots: 0.1ms
[2024-03-22T23:03:49.885+0400][gc,phases   ] GC(8)   Evacuate Collection Set: 9.3ms
[2024-03-22T23:03:49.885+0400][gc,phases   ] GC(8)   Post Evacuate Collection Set: 0.4ms
[2024-03-22T23:03:49.885+0400][gc,phases   ] GC(8)   Other: 1.1ms
[2024-03-22T23:03:49.885+0400][gc,heap     ] GC(8) Eden regions: 48->0(45)
[2024-03-22T23:03:49.885+0400][gc,heap     ] GC(8) Survivor regions: 3->6(7)
[2024-03-22T23:03:49.885+0400][gc,heap     ] GC(8) Old regions: 17->17
[2024-03-22T23:03:49.885+0400][gc,heap     ] GC(8) Archive regions: 2->2
[2024-03-22T23:03:49.885+0400][gc,heap     ] GC(8) Humongous regions: 129->129
[2024-03-22T23:03:49.885+0400][gc,metaspace] GC(8) Metaspace: 41450K(41984K)->41450K(41984K) NonClass: 36547K(36864K)->36547K(36864K) Class: 4902K(5120K)->4902K(5120K)
[2024-03-22T23:03:49.885+0400][gc          ] GC(8) Pause Young (Normal) (G1 Evacuation Pause) 197M->152M(1024M) 11.289ms
[2024-03-22T23:03:49.885+0400][gc,cpu      ] GC(8) User=0.03s Sys=0.01s Real=0.01s
[2024-03-22T23:12:58.669+0400][gc,start    ] GC(9) Pause Young (Normal) (G1 Evacuation Pause)
[2024-03-22T23:12:58.670+0400][gc,task     ] GC(9) Using 8 workers of 8 for evacuation
[2024-03-22T23:12:58.685+0400][gc,phases   ] GC(9)   Pre Evacuate Collection Set: 0.4ms
[2024-03-22T23:12:58.685+0400][gc,phases   ] GC(9)   Merge Heap Roots: 0.1ms
[2024-03-22T23:12:58.685+0400][gc,phases   ] GC(9)   Evacuate Collection Set: 12.9ms
[2024-03-22T23:12:58.685+0400][gc,phases   ] GC(9)   Post Evacuate Collection Set: 0.8ms
[2024-03-22T23:12:58.685+0400][gc,phases   ] GC(9)   Other: 1.2ms
[2024-03-22T23:12:58.685+0400][gc,heap     ] GC(9) Eden regions: 45->0(47)
[2024-03-22T23:12:58.685+0400][gc,heap     ] GC(9) Survivor regions: 6->4(7)
[2024-03-22T23:12:58.685+0400][gc,heap     ] GC(9) Old regions: 17->22
[2024-03-22T23:12:58.685+0400][gc,heap     ] GC(9) Archive regions: 2->2
[2024-03-22T23:12:58.685+0400][gc,heap     ] GC(9) Humongous regions: 129->129
[2024-03-22T23:12:58.685+0400][gc,metaspace] GC(9) Metaspace: 41488K(42048K)->41488K(42048K) NonClass: 36585K(36928K)->36585K(36928K) Class: 4902K(5120K)->4902K(5120K)
[2024-03-22T23:12:58.685+0400][gc          ] GC(9) Pause Young (Normal) (G1 Evacuation Pause) 197M->154M(1024M) 15.538ms
[2024-03-22T23:12:58.685+0400][gc,cpu      ] GC(9) User=0.03s Sys=0.01s Real=0.02s
[2024-03-22T23:22:56.292+0400][gc,start    ] GC(10) Pause Young (Normal) (G1 Evacuation Pause)
[2024-03-22T23:22:56.293+0400][gc,task     ] GC(10) Using 8 workers of 8 for evacuation
[2024-03-22T23:22:56.311+0400][gc,phases   ] GC(10)   Pre Evacuate Collection Set: 0.5ms
[2024-03-22T23:22:56.311+0400][gc,phases   ] GC(10)   Merge Heap Roots: 0.3ms
[2024-03-22T23:22:56.311+0400][gc,phases   ] GC(10)   Evacuate Collection Set: 16.9ms
[2024-03-22T23:22:56.311+0400][gc,phases   ] GC(10)   Post Evacuate Collection Set: 0.4ms
[2024-03-22T23:22:56.311+0400][gc,phases   ] GC(10)   Other: 1.2ms
[2024-03-22T23:22:56.311+0400][gc,heap     ] GC(10) Eden regions: 47->0(44)
[2024-03-22T23:22:56.311+0400][gc,heap     ] GC(10) Survivor regions: 4->7(7)
[2024-03-22T23:22:56.311+0400][gc,heap     ] GC(10) Old regions: 22->22
[2024-03-22T23:22:56.311+0400][gc,heap     ] GC(10) Archive regions: 2->2
[2024-03-22T23:22:56.311+0400][gc,heap     ] GC(10) Humongous regions: 129->129
[2024-03-22T23:22:56.311+0400][gc,metaspace] GC(10) Metaspace: 41556K(42112K)->41556K(42112K) NonClass: 36653K(36992K)->36653K(36992K) Class: 4902K(5120K)->4902K(5120K)
[2024-03-22T23:22:56.311+0400][gc          ] GC(10) Pause Young (Normal) (G1 Evacuation Pause) 201M->158M(1024M) 19.347ms
[2024-03-22T23:22:56.311+0400][gc,cpu      ] GC(10) User=0.04s Sys=0.01s Real=0.02s
[2024-03-22T23:32:10.302+0400][gc,start    ] GC(11) Pause Young (Normal) (G1 Evacuation Pause)
[2024-03-22T23:32:10.303+0400][gc,task     ] GC(11) Using 8 workers of 8 for evacuation
[2024-03-22T23:32:10.324+0400][gc,mmu      ] GC(11) MMU target violated: 21.0ms (20.0ms/21.0ms)
[2024-03-22T23:32:10.324+0400][gc,phases   ] GC(11)   Pre Evacuate Collection Set: 0.6ms
[2024-03-22T23:32:10.324+0400][gc,phases   ] GC(11)   Merge Heap Roots: 0.2ms
[2024-03-22T23:32:10.324+0400][gc,phases   ] GC(11)   Evacuate Collection Set: 19.9ms
[2024-03-22T23:32:10.324+0400][gc,phases   ] GC(11)   Post Evacuate Collection Set: 0.4ms
[2024-03-22T23:32:10.324+0400][gc,phases   ] GC(11)   Other: 1.4ms
[2024-03-22T23:32:10.324+0400][gc,heap     ] GC(11) Eden regions: 44->0(46)
[2024-03-22T23:32:10.324+0400][gc,heap     ] GC(11) Survivor regions: 7->5(7)
[2024-03-22T23:32:10.324+0400][gc,heap     ] GC(11) Old regions: 22->29
[2024-03-22T23:32:10.324+0400][gc,heap     ] GC(11) Archive regions: 2->2
[2024-03-22T23:32:10.324+0400][gc,heap     ] GC(11) Humongous regions: 129->129
[2024-03-22T23:32:10.324+0400][gc,metaspace] GC(11) Metaspace: 41610K(42112K)->41610K(42112K) NonClass: 36708K(36992K)->36708K(36992K) Class: 4902K(5120K)->4902K(5120K)
[2024-03-22T23:32:10.324+0400][gc          ] GC(11) Pause Young (Normal) (G1 Evacuation Pause) 202M->163M(1024M) 22.726ms
[2024-03-22T23:32:10.324+0400][gc,cpu      ] GC(11) User=0.05s Sys=0.02s Real=0.02s
[2024-03-22T23:36:25.480+0400][gc,heap,exit] Heap
[2024-03-22T23:36:25.480+0400][gc,heap,exit]  garbage-first heap   total 1048576K, used 198886K [0x00000007c0000000, 0x0000000800000000)
[2024-03-22T23:36:25.481+0400][gc,heap,exit]   region size 1024K, 37 young (37888K), 5 survivors (5120K)
[2024-03-22T23:36:25.481+0400][gc,heap,exit]  Metaspace       used 42518K, committed 43072K, reserved 1089536K
[2024-03-22T23:36:25.481+0400][gc,heap,exit]   class space    used 5088K, committed 5312K, reserved 1048576K
