[2024-03-22T22:32:41.599+0400][gc] Using G1
[2024-03-22T22:32:41.601+0400][gc,init] Version: 17.0.2+8-LTS-86 (release)
[2024-03-22T22:32:41.601+0400][gc,init] CPUs: 8 total, 8 available
[2024-03-22T22:32:41.601+0400][gc,init] Memory: 16384M
[2024-03-22T22:32:41.601+0400][gc,init] Large Page Support: Disabled
[2024-03-22T22:32:41.601+0400][gc,init] NUMA Support: Disabled
[2024-03-22T22:32:41.601+0400][gc,init] Compressed Oops: Enabled (Zero based)
[2024-03-22T22:32:41.601+0400][gc,init] Heap Region Size: 1M
[2024-03-22T22:32:41.601+0400][gc,init] Heap Min Capacity: 1G
[2024-03-22T22:32:41.601+0400][gc,init] Heap Initial Capacity: 1G
[2024-03-22T22:32:41.601+0400][gc,init] Heap Max Capacity: 1G
[2024-03-22T22:32:41.601+0400][gc,init] Pre-touch: Disabled
[2024-03-22T22:32:41.601+0400][gc,init] Parallel Workers: 8
[2024-03-22T22:32:41.601+0400][gc,init] Concurrent Workers: 2
[2024-03-22T22:32:41.601+0400][gc,init] Concurrent Refinement Workers: 8
[2024-03-22T22:32:41.601+0400][gc,init] Periodic GC: Disabled
[2024-03-22T22:32:41.601+0400][gc,metaspace] CDS archive(s) mapped at: [0x0000000800000000-0x0000000800bd8000-0x0000000800bd8000), size 12419072, SharedBaseAddress: 0x0000000800000000, ArchiveRelocationMode: 0.
[2024-03-22T22:32:41.601+0400][gc,metaspace] Compressed class space mapped at: 0x0000000800c00000-0x0000000840c00000, reserved size: 1073741824
[2024-03-22T22:32:41.601+0400][gc,metaspace] Narrow klass base: 0x0000000800000000, Narrow klass shift: 0, Narrow klass range: 0x100000000
[2024-03-22T22:32:42.129+0400][gc,start    ] GC(0) Pause Young (Normal) (G1 Evacuation Pause)
[2024-03-22T22:32:42.129+0400][gc,task     ] GC(0) Using 8 workers of 8 for evacuation
[2024-03-22T22:32:42.132+0400][gc,phases   ] GC(0)   Pre Evacuate Collection Set: 0.1ms
[2024-03-22T22:32:42.132+0400][gc,phases   ] GC(0)   Merge Heap Roots: 0.0ms
[2024-03-22T22:32:42.132+0400][gc,phases   ] GC(0)   Evacuate Collection Set: 2.3ms
[2024-03-22T22:32:42.132+0400][gc,phases   ] GC(0)   Post Evacuate Collection Set: 0.2ms
[2024-03-22T22:32:42.132+0400][gc,phases   ] GC(0)   Other: 0.2ms
[2024-03-22T22:32:42.132+0400][gc,heap     ] GC(0) Eden regions: 51->0(44)
[2024-03-22T22:32:42.132+0400][gc,heap     ] GC(0) Survivor regions: 0->7(7)
[2024-03-22T22:32:42.132+0400][gc,heap     ] GC(0) Old regions: 0->1
[2024-03-22T22:32:42.132+0400][gc,heap     ] GC(0) Archive regions: 2->2
[2024-03-22T22:32:42.132+0400][gc,heap     ] GC(0) Humongous regions: 0->0
[2024-03-22T22:32:42.132+0400][gc,metaspace] GC(0) Metaspace: 17933K(18112K)->17933K(18112K) NonClass: 15794K(15872K)->15794K(15872K) Class: 2139K(2240K)->2139K(2240K)
[2024-03-22T22:32:42.132+0400][gc          ] GC(0) Pause Young (Normal) (G1 Evacuation Pause) 51M->8M(1024M) 3.004ms
[2024-03-22T22:32:42.132+0400][gc,cpu      ] GC(0) User=0.02s Sys=0.01s Real=0.01s
[2024-03-22T22:32:42.227+0400][gc,start    ] GC(1) Pause Young (Concurrent Start) (Metadata GC Threshold)
[2024-03-22T22:32:42.227+0400][gc,task     ] GC(1) Using 8 workers of 8 for evacuation
[2024-03-22T22:32:42.230+0400][gc,phases   ] GC(1)   Pre Evacuate Collection Set: 0.1ms
[2024-03-22T22:32:42.230+0400][gc,phases   ] GC(1)   Merge Heap Roots: 0.0ms
[2024-03-22T22:32:42.230+0400][gc,phases   ] GC(1)   Evacuate Collection Set: 2.9ms
[2024-03-22T22:32:42.230+0400][gc,phases   ] GC(1)   Post Evacuate Collection Set: 0.2ms
[2024-03-22T22:32:42.230+0400][gc,phases   ] GC(1)   Other: 0.2ms
[2024-03-22T22:32:42.230+0400][gc,heap     ] GC(1) Eden regions: 14->0(49)
[2024-03-22T22:32:42.230+0400][gc,heap     ] GC(1) Survivor regions: 7->2(7)
[2024-03-22T22:32:42.230+0400][gc,heap     ] GC(1) Old regions: 1->8
[2024-03-22T22:32:42.230+0400][gc,heap     ] GC(1) Archive regions: 2->2
[2024-03-22T22:32:42.231+0400][gc,heap     ] GC(1) Humongous regions: 0->0
[2024-03-22T22:32:42.231+0400][gc,metaspace] GC(1) Metaspace: 21316K(21504K)->21316K(21504K) NonClass: 18723K(18816K)->18723K(18816K) Class: 2592K(2688K)->2592K(2688K)
[2024-03-22T22:32:42.231+0400][gc          ] GC(1) Pause Young (Concurrent Start) (Metadata GC Threshold) 21M->10M(1024M) 3.515ms
[2024-03-22T22:32:42.231+0400][gc,cpu      ] GC(1) User=0.02s Sys=0.00s Real=0.01s
[2024-03-22T22:32:42.231+0400][gc          ] GC(2) Concurrent Mark Cycle
[2024-03-22T22:32:42.231+0400][gc,marking  ] GC(2) Concurrent Clear Claimed Marks
[2024-03-22T22:32:42.231+0400][gc,marking  ] GC(2) Concurrent Clear Claimed Marks 0.011ms
[2024-03-22T22:32:42.231+0400][gc,marking  ] GC(2) Concurrent Scan Root Regions
[2024-03-22T22:32:42.232+0400][gc,marking  ] GC(2) Concurrent Scan Root Regions 1.518ms
[2024-03-22T22:32:42.232+0400][gc,marking  ] GC(2) Concurrent Mark
[2024-03-22T22:32:42.232+0400][gc,marking  ] GC(2) Concurrent Mark From Roots
[2024-03-22T22:32:42.232+0400][gc,task     ] GC(2) Using 2 workers of 2 for marking
[2024-03-22T22:32:42.233+0400][gc,marking  ] GC(2) Concurrent Mark From Roots 0.646ms
[2024-03-22T22:32:42.233+0400][gc,marking  ] GC(2) Concurrent Preclean
[2024-03-22T22:32:42.233+0400][gc,marking  ] GC(2) Concurrent Preclean 0.015ms
[2024-03-22T22:32:42.233+0400][gc,start    ] GC(2) Pause Remark
[2024-03-22T22:32:42.234+0400][gc          ] GC(2) Pause Remark 10M->10M(1024M) 0.840ms
[2024-03-22T22:32:42.234+0400][gc,cpu      ] GC(2) User=0.00s Sys=0.00s Real=0.00s
[2024-03-22T22:32:42.234+0400][gc,marking  ] GC(2) Concurrent Mark 1.632ms
[2024-03-22T22:32:42.234+0400][gc,marking  ] GC(2) Concurrent Rebuild Remembered Sets
[2024-03-22T22:32:42.234+0400][gc,marking  ] GC(2) Concurrent Rebuild Remembered Sets 0.004ms
[2024-03-22T22:32:42.234+0400][gc,start    ] GC(2) Pause Cleanup
[2024-03-22T22:32:42.234+0400][gc          ] GC(2) Pause Cleanup 10M->10M(1024M) 0.012ms
[2024-03-22T22:32:42.234+0400][gc,cpu      ] GC(2) User=0.00s Sys=0.00s Real=0.00s
[2024-03-22T22:32:42.234+0400][gc,marking  ] GC(2) Concurrent Cleanup for Next Mark
[2024-03-22T22:32:42.235+0400][gc,marking  ] GC(2) Concurrent Cleanup for Next Mark 1.540ms
[2024-03-22T22:32:42.235+0400][gc          ] GC(2) Concurrent Mark Cycle 4.893ms
[2024-03-22T22:32:42.567+0400][gc,start    ] GC(3) Pause Young (Normal) (G1 Evacuation Pause)
[2024-03-22T22:32:42.567+0400][gc,task     ] GC(3) Using 8 workers of 8 for evacuation
[2024-03-22T22:32:42.570+0400][gc,phases   ] GC(3)   Pre Evacuate Collection Set: 0.1ms
[2024-03-22T22:32:42.570+0400][gc,phases   ] GC(3)   Merge Heap Roots: 0.0ms
[2024-03-22T22:32:42.570+0400][gc,phases   ] GC(3)   Evacuate Collection Set: 2.6ms
[2024-03-22T22:32:42.570+0400][gc,phases   ] GC(3)   Post Evacuate Collection Set: 0.2ms
[2024-03-22T22:32:42.570+0400][gc,phases   ] GC(3)   Other: 0.1ms
[2024-03-22T22:32:42.570+0400][gc,heap     ] GC(3) Eden regions: 49->0(45)
[2024-03-22T22:32:42.570+0400][gc,heap     ] GC(3) Survivor regions: 2->6(7)
[2024-03-22T22:32:42.570+0400][gc,heap     ] GC(3) Old regions: 8->8
[2024-03-22T22:32:42.570+0400][gc,heap     ] GC(3) Archive regions: 2->2
[2024-03-22T22:32:42.570+0400][gc,heap     ] GC(3) Humongous regions: 129->129
[2024-03-22T22:32:42.570+0400][gc,metaspace] GC(3) Metaspace: 30359K(30656K)->30359K(30656K) NonClass: 26886K(27072K)->26886K(27072K) Class: 3472K(3584K)->3472K(3584K)
[2024-03-22T22:32:42.570+0400][gc          ] GC(3) Pause Young (Normal) (G1 Evacuation Pause) 188M->143M(1024M) 3.178ms
[2024-03-22T22:32:42.570+0400][gc,cpu      ] GC(3) User=0.02s Sys=0.00s Real=0.01s
[2024-03-22T22:32:42.690+0400][gc,start    ] GC(4) Pause Young (Concurrent Start) (Metadata GC Threshold)
[2024-03-22T22:32:42.690+0400][gc,task     ] GC(4) Using 8 workers of 8 for evacuation
[2024-03-22T22:32:42.694+0400][gc,phases   ] GC(4)   Pre Evacuate Collection Set: 0.2ms
[2024-03-22T22:32:42.694+0400][gc,phases   ] GC(4)   Merge Heap Roots: 0.0ms
[2024-03-22T22:32:42.694+0400][gc,phases   ] GC(4)   Evacuate Collection Set: 3.8ms
[2024-03-22T22:32:42.694+0400][gc,phases   ] GC(4)   Post Evacuate Collection Set: 0.3ms
[2024-03-22T22:32:42.694+0400][gc,phases   ] GC(4)   Other: 0.2ms
[2024-03-22T22:32:42.694+0400][gc,heap     ] GC(4) Eden regions: 22->0(49)
[2024-03-22T22:32:42.694+0400][gc,heap     ] GC(4) Survivor regions: 6->2(7)
[2024-03-22T22:32:42.694+0400][gc,heap     ] GC(4) Old regions: 8->14
[2024-03-22T22:32:42.694+0400][gc,heap     ] GC(4) Archive regions: 2->2
[2024-03-22T22:32:42.694+0400][gc,heap     ] GC(4) Humongous regions: 129->129
[2024-03-22T22:32:42.694+0400][gc,metaspace] GC(4) Metaspace: 35621K(35968K)->35621K(35968K) NonClass: 31572K(31744K)->31572K(31744K) Class: 4049K(4224K)->4049K(4224K)
[2024-03-22T22:32:42.694+0400][gc          ] GC(4) Pause Young (Concurrent Start) (Metadata GC Threshold) 165M->145M(1024M) 4.597ms
[2024-03-22T22:32:42.694+0400][gc,cpu      ] GC(4) User=0.02s Sys=0.00s Real=0.00s
[2024-03-22T22:32:42.694+0400][gc          ] GC(5) Concurrent Mark Cycle
[2024-03-22T22:32:42.694+0400][gc,marking  ] GC(5) Concurrent Clear Claimed Marks
[2024-03-22T22:32:42.694+0400][gc,marking  ] GC(5) Concurrent Clear Claimed Marks 0.026ms
[2024-03-22T22:32:42.694+0400][gc,marking  ] GC(5) Concurrent Scan Root Regions
[2024-03-22T22:32:42.697+0400][gc,marking  ] GC(5) Concurrent Scan Root Regions 2.398ms
[2024-03-22T22:32:42.697+0400][gc,marking  ] GC(5) Concurrent Mark
[2024-03-22T22:32:42.697+0400][gc,marking  ] GC(5) Concurrent Mark From Roots
[2024-03-22T22:32:42.697+0400][gc,task     ] GC(5) Using 2 workers of 2 for marking
[2024-03-22T22:32:42.700+0400][gc,marking  ] GC(5) Concurrent Mark From Roots 3.100ms
[2024-03-22T22:32:42.702+0400][gc,marking  ] GC(5) Concurrent Preclean
[2024-03-22T22:32:42.702+0400][gc,marking  ] GC(5) Concurrent Preclean 0.102ms
[2024-03-22T22:32:42.702+0400][gc,start    ] GC(5) Pause Remark
[2024-03-22T22:32:42.704+0400][gc          ] GC(5) Pause Remark 145M->145M(1024M) 2.562ms
[2024-03-22T22:32:42.705+0400][gc,cpu      ] GC(5) User=0.01s Sys=0.00s Real=0.00s
[2024-03-22T22:32:42.705+0400][gc,marking  ] GC(5) Concurrent Mark 7.857ms
[2024-03-22T22:32:42.705+0400][gc,marking  ] GC(5) Concurrent Rebuild Remembered Sets
[2024-03-22T22:32:42.709+0400][gc,marking  ] GC(5) Concurrent Rebuild Remembered Sets 4.657ms
[2024-03-22T22:32:42.709+0400][gc,start    ] GC(5) Pause Cleanup
[2024-03-22T22:32:42.710+0400][gc          ] GC(5) Pause Cleanup 145M->145M(1024M) 0.159ms
[2024-03-22T22:32:42.710+0400][gc,cpu      ] GC(5) User=0.00s Sys=0.00s Real=0.01s
[2024-03-22T22:32:42.710+0400][gc,marking  ] GC(5) Concurrent Cleanup for Next Mark
[2024-03-22T22:32:42.712+0400][gc,marking  ] GC(5) Concurrent Cleanup for Next Mark 2.057ms
[2024-03-22T22:32:42.712+0400][gc          ] GC(5) Concurrent Mark Cycle 17.454ms
[2024-03-22T22:36:31.170+0400][gc,start    ] GC(6) Pause Young (Prepare Mixed) (G1 Evacuation Pause)
[2024-03-22T22:36:31.170+0400][gc,task     ] GC(6) Using 8 workers of 8 for evacuation
[2024-03-22T22:36:31.185+0400][gc,phases   ] GC(6)   Pre Evacuate Collection Set: 2.3ms
[2024-03-22T22:36:31.185+0400][gc,phases   ] GC(6)   Merge Heap Roots: 0.8ms
[2024-03-22T22:36:31.185+0400][gc,phases   ] GC(6)   Evacuate Collection Set: 11.0ms
[2024-03-22T22:36:31.185+0400][gc,phases   ] GC(6)   Post Evacuate Collection Set: 0.4ms
[2024-03-22T22:36:31.185+0400][gc,phases   ] GC(6)   Other: 1.4ms
[2024-03-22T22:36:31.185+0400][gc,heap     ] GC(6) Eden regions: 49->0(45)
[2024-03-22T22:36:31.185+0400][gc,heap     ] GC(6) Survivor regions: 2->6(7)
[2024-03-22T22:36:31.185+0400][gc,heap     ] GC(6) Old regions: 14->14
[2024-03-22T22:36:31.185+0400][gc,heap     ] GC(6) Archive regions: 2->2
[2024-03-22T22:36:31.185+0400][gc,heap     ] GC(6) Humongous regions: 141->129
[2024-03-22T22:36:31.186+0400][gc,metaspace] GC(6) Metaspace: 41132K(41664K)->41132K(41664K) NonClass: 36261K(36544K)->36261K(36544K) Class: 4870K(5120K)->4870K(5120K)
[2024-03-22T22:36:31.186+0400][gc          ] GC(6) Pause Young (Prepare Mixed) (G1 Evacuation Pause) 206M->148M(1024M) 15.861ms
[2024-03-22T22:36:31.186+0400][gc,cpu      ] GC(6) User=0.03s Sys=0.00s Real=0.01s
[2024-03-22T22:38:57.755+0400][gc,heap,exit] Heap
[2024-03-22T22:38:57.755+0400][gc,heap,exit]  garbage-first heap   total 1048576K, used 179193K [0x00000007c0000000, 0x0000000800000000)
[2024-03-22T22:38:57.755+0400][gc,heap,exit]   region size 1024K, 33 young (33792K), 6 survivors (6144K)
[2024-03-22T22:38:57.755+0400][gc,heap,exit]  Metaspace       used 42116K, committed 42688K, reserved 1089536K
[2024-03-22T22:38:57.755+0400][gc,heap,exit]   class space    used 5063K, committed 5312K, reserved 1048576K
