[2024-03-22T23:36:28.852+0400][gc] Using G1
[2024-03-22T23:36:28.853+0400][gc,init] Version: 17.0.2+8-LTS-86 (release)
[2024-03-22T23:36:28.853+0400][gc,init] CPUs: 8 total, 8 available
[2024-03-22T23:36:28.853+0400][gc,init] Memory: 16384M
[2024-03-22T23:36:28.854+0400][gc,init] Large Page Support: Disabled
[2024-03-22T23:36:28.854+0400][gc,init] NUMA Support: Disabled
[2024-03-22T23:36:28.854+0400][gc,init] Compressed Oops: Enabled (Zero based)
[2024-03-22T23:36:28.854+0400][gc,init] Heap Region Size: 1M
[2024-03-22T23:36:28.854+0400][gc,init] Heap Min Capacity: 1G
[2024-03-22T23:36:28.854+0400][gc,init] Heap Initial Capacity: 1G
[2024-03-22T23:36:28.854+0400][gc,init] Heap Max Capacity: 1G
[2024-03-22T23:36:28.854+0400][gc,init] Pre-touch: Disabled
[2024-03-22T23:36:28.854+0400][gc,init] Parallel Workers: 8
[2024-03-22T23:36:28.854+0400][gc,init] Concurrent Workers: 2
[2024-03-22T23:36:28.854+0400][gc,init] Concurrent Refinement Workers: 8
[2024-03-22T23:36:28.854+0400][gc,init] Periodic GC: Disabled
[2024-03-22T23:36:28.854+0400][gc,metaspace] CDS archive(s) mapped at: [0x0000000800000000-0x0000000800bd8000-0x0000000800bd8000), size 12419072, SharedBaseAddress: 0x0000000800000000, ArchiveRelocationMode: 0.
[2024-03-22T23:36:28.854+0400][gc,metaspace] Compressed class space mapped at: 0x0000000800c00000-0x0000000840c00000, reserved size: 1073741824
[2024-03-22T23:36:28.854+0400][gc,metaspace] Narrow klass base: 0x0000000800000000, Narrow klass shift: 0, Narrow klass range: 0x100000000
[2024-03-22T23:36:29.615+0400][gc,start    ] GC(0) Pause Young (Normal) (G1 Evacuation Pause)
[2024-03-22T23:36:29.615+0400][gc,task     ] GC(0) Using 8 workers of 8 for evacuation
[2024-03-22T23:36:29.618+0400][gc,phases   ] GC(0)   Pre Evacuate Collection Set: 0.1ms
[2024-03-22T23:36:29.619+0400][gc,phases   ] GC(0)   Merge Heap Roots: 0.0ms
[2024-03-22T23:36:29.619+0400][gc,phases   ] GC(0)   Evacuate Collection Set: 3.0ms
[2024-03-22T23:36:29.619+0400][gc,phases   ] GC(0)   Post Evacuate Collection Set: 0.3ms
[2024-03-22T23:36:29.619+0400][gc,phases   ] GC(0)   Other: 0.3ms
[2024-03-22T23:36:29.619+0400][gc,heap     ] GC(0) Eden regions: 51->0(44)
[2024-03-22T23:36:29.619+0400][gc,heap     ] GC(0) Survivor regions: 0->7(7)
[2024-03-22T23:36:29.619+0400][gc,heap     ] GC(0) Old regions: 0->1
[2024-03-22T23:36:29.619+0400][gc,heap     ] GC(0) Archive regions: 2->2
[2024-03-22T23:36:29.619+0400][gc,heap     ] GC(0) Humongous regions: 0->0
[2024-03-22T23:36:29.619+0400][gc,metaspace] GC(0) Metaspace: 17933K(18112K)->17933K(18112K) NonClass: 15791K(15872K)->15791K(15872K) Class: 2142K(2240K)->2142K(2240K)
[2024-03-22T23:36:29.619+0400][gc          ] GC(0) Pause Young (Normal) (G1 Evacuation Pause) 51M->8M(1024M) 3.831ms
[2024-03-22T23:36:29.619+0400][gc,cpu      ] GC(0) User=0.02s Sys=0.01s Real=0.00s
[2024-03-22T23:36:29.734+0400][gc,start    ] GC(1) Pause Young (Concurrent Start) (Metadata GC Threshold)
[2024-03-22T23:36:29.734+0400][gc,task     ] GC(1) Using 8 workers of 8 for evacuation
[2024-03-22T23:36:29.737+0400][gc,phases   ] GC(1)   Pre Evacuate Collection Set: 0.1ms
[2024-03-22T23:36:29.737+0400][gc,phases   ] GC(1)   Merge Heap Roots: 0.0ms
[2024-03-22T23:36:29.737+0400][gc,phases   ] GC(1)   Evacuate Collection Set: 2.0ms
[2024-03-22T23:36:29.737+0400][gc,phases   ] GC(1)   Post Evacuate Collection Set: 0.2ms
[2024-03-22T23:36:29.737+0400][gc,phases   ] GC(1)   Other: 0.1ms
[2024-03-22T23:36:29.737+0400][gc,heap     ] GC(1) Eden regions: 14->0(49)
[2024-03-22T23:36:29.737+0400][gc,heap     ] GC(1) Survivor regions: 7->2(7)
[2024-03-22T23:36:29.737+0400][gc,heap     ] GC(1) Old regions: 1->9
[2024-03-22T23:36:29.737+0400][gc,heap     ] GC(1) Archive regions: 2->2
[2024-03-22T23:36:29.737+0400][gc,heap     ] GC(1) Humongous regions: 0->0
[2024-03-22T23:36:29.737+0400][gc,metaspace] GC(1) Metaspace: 21289K(21504K)->21289K(21504K) NonClass: 18699K(18816K)->18699K(18816K) Class: 2590K(2688K)->2590K(2688K)
[2024-03-22T23:36:29.737+0400][gc          ] GC(1) Pause Young (Concurrent Start) (Metadata GC Threshold) 21M->10M(1024M) 2.544ms
[2024-03-22T23:36:29.737+0400][gc,cpu      ] GC(1) User=0.01s Sys=0.00s Real=0.00s
[2024-03-22T23:36:29.737+0400][gc          ] GC(2) Concurrent Mark Cycle
[2024-03-22T23:36:29.737+0400][gc,marking  ] GC(2) Concurrent Clear Claimed Marks
[2024-03-22T23:36:29.737+0400][gc,marking  ] GC(2) Concurrent Clear Claimed Marks 0.009ms
[2024-03-22T23:36:29.737+0400][gc,marking  ] GC(2) Concurrent Scan Root Regions
[2024-03-22T23:36:29.738+0400][gc,marking  ] GC(2) Concurrent Scan Root Regions 1.277ms
[2024-03-22T23:36:29.738+0400][gc,marking  ] GC(2) Concurrent Mark
[2024-03-22T23:36:29.738+0400][gc,marking  ] GC(2) Concurrent Mark From Roots
[2024-03-22T23:36:29.738+0400][gc,task     ] GC(2) Using 2 workers of 2 for marking
[2024-03-22T23:36:29.739+0400][gc,marking  ] GC(2) Concurrent Mark From Roots 0.713ms
[2024-03-22T23:36:29.739+0400][gc,marking  ] GC(2) Concurrent Preclean
[2024-03-22T23:36:29.739+0400][gc,marking  ] GC(2) Concurrent Preclean 0.012ms
[2024-03-22T23:36:29.739+0400][gc,start    ] GC(2) Pause Remark
[2024-03-22T23:36:29.740+0400][gc          ] GC(2) Pause Remark 10M->10M(1024M) 0.739ms
[2024-03-22T23:36:29.740+0400][gc,cpu      ] GC(2) User=0.00s Sys=0.01s Real=0.01s
[2024-03-22T23:36:29.740+0400][gc,marking  ] GC(2) Concurrent Mark 1.563ms
[2024-03-22T23:36:29.740+0400][gc,marking  ] GC(2) Concurrent Rebuild Remembered Sets
[2024-03-22T23:36:29.741+0400][gc,marking  ] GC(2) Concurrent Rebuild Remembered Sets 1.429ms
[2024-03-22T23:36:29.741+0400][gc,start    ] GC(2) Pause Cleanup
[2024-03-22T23:36:29.741+0400][gc          ] GC(2) Pause Cleanup 10M->10M(1024M) 0.062ms
[2024-03-22T23:36:29.741+0400][gc,cpu      ] GC(2) User=0.00s Sys=0.00s Real=0.00s
[2024-03-22T23:36:29.741+0400][gc,marking  ] GC(2) Concurrent Cleanup for Next Mark
[2024-03-22T23:36:29.743+0400][gc,marking  ] GC(2) Concurrent Cleanup for Next Mark 1.315ms
[2024-03-22T23:36:29.743+0400][gc          ] GC(2) Concurrent Mark Cycle 5.863ms
[2024-03-22T23:36:30.146+0400][gc,start    ] GC(3) Pause Young (Normal) (G1 Evacuation Pause)
[2024-03-22T23:36:30.146+0400][gc,task     ] GC(3) Using 8 workers of 8 for evacuation
[2024-03-22T23:36:30.149+0400][gc,phases   ] GC(3)   Pre Evacuate Collection Set: 0.1ms
[2024-03-22T23:36:30.149+0400][gc,phases   ] GC(3)   Merge Heap Roots: 0.1ms
[2024-03-22T23:36:30.149+0400][gc,phases   ] GC(3)   Evacuate Collection Set: 2.4ms
[2024-03-22T23:36:30.149+0400][gc,phases   ] GC(3)   Post Evacuate Collection Set: 0.3ms
[2024-03-22T23:36:30.149+0400][gc,phases   ] GC(3)   Other: 0.1ms
[2024-03-22T23:36:30.149+0400][gc,heap     ] GC(3) Eden regions: 49->0(45)
[2024-03-22T23:36:30.149+0400][gc,heap     ] GC(3) Survivor regions: 2->6(7)
[2024-03-22T23:36:30.149+0400][gc,heap     ] GC(3) Old regions: 9->9
[2024-03-22T23:36:30.149+0400][gc,heap     ] GC(3) Archive regions: 2->2
[2024-03-22T23:36:30.149+0400][gc,heap     ] GC(3) Humongous regions: 129->129
[2024-03-22T23:36:30.149+0400][gc,metaspace] GC(3) Metaspace: 30450K(30720K)->30450K(30720K) NonClass: 26969K(27136K)->26969K(27136K) Class: 3481K(3584K)->3481K(3584K)
[2024-03-22T23:36:30.149+0400][gc          ] GC(3) Pause Young (Normal) (G1 Evacuation Pause) 188M->143M(1024M) 3.195ms
[2024-03-22T23:36:30.149+0400][gc,cpu      ] GC(3) User=0.01s Sys=0.00s Real=0.00s
[2024-03-22T23:36:30.273+0400][gc,start    ] GC(4) Pause Young (Concurrent Start) (Metadata GC Threshold)
[2024-03-22T23:36:30.273+0400][gc,task     ] GC(4) Using 8 workers of 8 for evacuation
[2024-03-22T23:36:30.276+0400][gc,phases   ] GC(4)   Pre Evacuate Collection Set: 0.1ms
[2024-03-22T23:36:30.276+0400][gc,phases   ] GC(4)   Merge Heap Roots: 0.0ms
[2024-03-22T23:36:30.276+0400][gc,phases   ] GC(4)   Evacuate Collection Set: 2.2ms
[2024-03-22T23:36:30.276+0400][gc,phases   ] GC(4)   Post Evacuate Collection Set: 0.2ms
[2024-03-22T23:36:30.276+0400][gc,phases   ] GC(4)   Other: 0.1ms
[2024-03-22T23:36:30.276+0400][gc,heap     ] GC(4) Eden regions: 22->0(49)
[2024-03-22T23:36:30.276+0400][gc,heap     ] GC(4) Survivor regions: 6->2(7)
[2024-03-22T23:36:30.276+0400][gc,heap     ] GC(4) Old regions: 9->14
[2024-03-22T23:36:30.276+0400][gc,heap     ] GC(4) Archive regions: 2->2
[2024-03-22T23:36:30.276+0400][gc,heap     ] GC(4) Humongous regions: 129->129
[2024-03-22T23:36:30.276+0400][gc,metaspace] GC(4) Metaspace: 35711K(35968K)->35711K(35968K) NonClass: 31653K(31808K)->31653K(31808K) Class: 4057K(4160K)->4057K(4160K)
[2024-03-22T23:36:30.276+0400][gc          ] GC(4) Pause Young (Concurrent Start) (Metadata GC Threshold) 165M->145M(1024M) 2.684ms
[2024-03-22T23:36:30.276+0400][gc,cpu      ] GC(4) User=0.02s Sys=0.00s Real=0.00s
[2024-03-22T23:36:30.276+0400][gc          ] GC(5) Concurrent Mark Cycle
[2024-03-22T23:36:30.276+0400][gc,marking  ] GC(5) Concurrent Clear Claimed Marks
[2024-03-22T23:36:30.276+0400][gc,marking  ] GC(5) Concurrent Clear Claimed Marks 0.011ms
[2024-03-22T23:36:30.276+0400][gc,marking  ] GC(5) Concurrent Scan Root Regions
[2024-03-22T23:36:30.278+0400][gc,marking  ] GC(5) Concurrent Scan Root Regions 1.583ms
[2024-03-22T23:36:30.278+0400][gc,marking  ] GC(5) Concurrent Mark
[2024-03-22T23:36:30.278+0400][gc,marking  ] GC(5) Concurrent Mark From Roots
[2024-03-22T23:36:30.278+0400][gc,task     ] GC(5) Using 2 workers of 2 for marking
[2024-03-22T23:36:30.280+0400][gc,marking  ] GC(5) Concurrent Mark From Roots 2.878ms
[2024-03-22T23:36:30.282+0400][gc,marking  ] GC(5) Concurrent Preclean
[2024-03-22T23:36:30.282+0400][gc,marking  ] GC(5) Concurrent Preclean 0.183ms
[2024-03-22T23:36:30.282+0400][gc,start    ] GC(5) Pause Remark
[2024-03-22T23:36:30.284+0400][gc          ] GC(5) Pause Remark 146M->146M(1024M) 2.102ms
[2024-03-22T23:36:30.284+0400][gc,cpu      ] GC(5) User=0.01s Sys=0.00s Real=0.00s
[2024-03-22T23:36:30.285+0400][gc,marking  ] GC(5) Concurrent Mark 6.948ms
[2024-03-22T23:36:30.285+0400][gc,marking  ] GC(5) Concurrent Rebuild Remembered Sets
[2024-03-22T23:36:30.289+0400][gc,marking  ] GC(5) Concurrent Rebuild Remembered Sets 4.544ms
[2024-03-22T23:36:30.289+0400][gc,start    ] GC(5) Pause Cleanup
[2024-03-22T23:36:30.289+0400][gc          ] GC(5) Pause Cleanup 146M->146M(1024M) 0.099ms
[2024-03-22T23:36:30.289+0400][gc,cpu      ] GC(5) User=0.00s Sys=0.00s Real=0.00s
[2024-03-22T23:36:30.289+0400][gc,marking  ] GC(5) Concurrent Cleanup for Next Mark
[2024-03-22T23:36:30.292+0400][gc,marking  ] GC(5) Concurrent Cleanup for Next Mark 3.044ms
[2024-03-22T23:36:30.292+0400][gc          ] GC(5) Concurrent Mark Cycle 16.584ms
[2024-03-22T23:40:16.881+0400][gc,start    ] GC(6) Pause Young (Prepare Mixed) (G1 Evacuation Pause)
[2024-03-22T23:40:16.882+0400][gc,task     ] GC(6) Using 8 workers of 8 for evacuation
[2024-03-22T23:40:16.904+0400][gc,mmu      ] GC(6) MMU target violated: 21.0ms (20.0ms/21.0ms)
[2024-03-22T23:40:16.904+0400][gc,phases   ] GC(6)   Pre Evacuate Collection Set: 0.7ms
[2024-03-22T23:40:16.904+0400][gc,phases   ] GC(6)   Merge Heap Roots: 0.2ms
[2024-03-22T23:40:16.904+0400][gc,phases   ] GC(6)   Evacuate Collection Set: 20.0ms
[2024-03-22T23:40:16.904+0400][gc,phases   ] GC(6)   Post Evacuate Collection Set: 0.9ms
[2024-03-22T23:40:16.904+0400][gc,phases   ] GC(6)   Other: 1.4ms
[2024-03-22T23:40:16.904+0400][gc,heap     ] GC(6) Eden regions: 49->0(45)
[2024-03-22T23:40:16.904+0400][gc,heap     ] GC(6) Survivor regions: 2->6(7)
[2024-03-22T23:40:16.904+0400][gc,heap     ] GC(6) Old regions: 14->14
[2024-03-22T23:40:16.904+0400][gc,heap     ] GC(6) Archive regions: 2->2
[2024-03-22T23:40:16.904+0400][gc,heap     ] GC(6) Humongous regions: 141->129
[2024-03-22T23:40:16.904+0400][gc,metaspace] GC(6) Metaspace: 41133K(41728K)->41133K(41728K) NonClass: 36260K(36608K)->36260K(36608K) Class: 4873K(5120K)->4873K(5120K)
[2024-03-22T23:40:16.904+0400][gc          ] GC(6) Pause Young (Prepare Mixed) (G1 Evacuation Pause) 206M->149M(1024M) 23.287ms
[2024-03-22T23:40:16.904+0400][gc,cpu      ] GC(6) User=0.04s Sys=0.04s Real=0.02s
[2024-03-22T23:43:00.875+0400][gc,heap,exit] Heap
[2024-03-22T23:43:00.876+0400][gc,heap,exit]  garbage-first heap   total 1048576K, used 181051K [0x00000007c0000000, 0x0000000800000000)
[2024-03-22T23:43:00.876+0400][gc,heap,exit]   region size 1024K, 34 young (34816K), 6 survivors (6144K)
[2024-03-22T23:43:00.876+0400][gc,heap,exit]  Metaspace       used 42186K, committed 42688K, reserved 1089536K
[2024-03-22T23:43:00.876+0400][gc,heap,exit]   class space    used 5077K, committed 5312K, reserved 1048576K
