[2024-03-21T13:21:20.315+0400][gc] Using G1
[2024-03-21T13:21:20.317+0400][gc,init] Version: 17.0.2+8-LTS-86 (release)
[2024-03-21T13:21:20.317+0400][gc,init] CPUs: 8 total, 8 available
[2024-03-21T13:21:20.317+0400][gc,init] Memory: 16384M
[2024-03-21T13:21:20.317+0400][gc,init] Large Page Support: Disabled
[2024-03-21T13:21:20.317+0400][gc,init] NUMA Support: Disabled
[2024-03-21T13:21:20.317+0400][gc,init] Compressed Oops: Enabled (Zero based)
[2024-03-21T13:21:20.317+0400][gc,init] Heap Region Size: 1M
[2024-03-21T13:21:20.317+0400][gc,init] Heap Min Capacity: 1G
[2024-03-21T13:21:20.317+0400][gc,init] Heap Initial Capacity: 1G
[2024-03-21T13:21:20.317+0400][gc,init] Heap Max Capacity: 1G
[2024-03-21T13:21:20.317+0400][gc,init] Pre-touch: Disabled
[2024-03-21T13:21:20.317+0400][gc,init] Parallel Workers: 8
[2024-03-21T13:21:20.317+0400][gc,init] Concurrent Workers: 2
[2024-03-21T13:21:20.317+0400][gc,init] Concurrent Refinement Workers: 8
[2024-03-21T13:21:20.317+0400][gc,init] Periodic GC: Disabled
[2024-03-21T13:21:20.317+0400][gc,metaspace] CDS archive(s) mapped at: [0x0000000800000000-0x0000000800bd8000-0x0000000800bd8000), size 12419072, SharedBaseAddress: 0x0000000800000000, ArchiveRelocationMode: 0.
[2024-03-21T13:21:20.317+0400][gc,metaspace] Compressed class space mapped at: 0x0000000800c00000-0x0000000840c00000, reserved size: 1073741824
[2024-03-21T13:21:20.317+0400][gc,metaspace] Narrow klass base: 0x0000000800000000, Narrow klass shift: 0, Narrow klass range: 0x100000000
[2024-03-21T13:21:20.909+0400][gc,start    ] GC(0) Pause Young (Normal) (G1 Evacuation Pause)
[2024-03-21T13:21:20.909+0400][gc,task     ] GC(0) Using 8 workers of 8 for evacuation
[2024-03-21T13:21:20.912+0400][gc,phases   ] GC(0)   Pre Evacuate Collection Set: 0.1ms
[2024-03-21T13:21:20.912+0400][gc,phases   ] GC(0)   Merge Heap Roots: 0.0ms
[2024-03-21T13:21:20.912+0400][gc,phases   ] GC(0)   Evacuate Collection Set: 2.0ms
[2024-03-21T13:21:20.912+0400][gc,phases   ] GC(0)   Post Evacuate Collection Set: 0.2ms
[2024-03-21T13:21:20.912+0400][gc,phases   ] GC(0)   Other: 0.2ms
[2024-03-21T13:21:20.912+0400][gc,heap     ] GC(0) Eden regions: 51->0(44)
[2024-03-21T13:21:20.912+0400][gc,heap     ] GC(0) Survivor regions: 0->7(7)
[2024-03-21T13:21:20.912+0400][gc,heap     ] GC(0) Old regions: 0->1
[2024-03-21T13:21:20.912+0400][gc,heap     ] GC(0) Archive regions: 2->2
[2024-03-21T13:21:20.912+0400][gc,heap     ] GC(0) Humongous regions: 0->0
[2024-03-21T13:21:20.912+0400][gc,metaspace] GC(0) Metaspace: 18258K(18432K)->18258K(18432K) NonClass: 16077K(16192K)->16077K(16192K) Class: 2181K(2240K)->2181K(2240K)
[2024-03-21T13:21:20.912+0400][gc          ] GC(0) Pause Young (Normal) (G1 Evacuation Pause) 51M->8M(1024M) 2.621ms
[2024-03-21T13:21:20.912+0400][gc,cpu      ] GC(0) User=0.01s Sys=0.00s Real=0.01s
[2024-03-21T13:21:21.055+0400][gc,start    ] GC(1) Pause Young (Concurrent Start) (Metadata GC Threshold)
[2024-03-21T13:21:21.055+0400][gc,task     ] GC(1) Using 8 workers of 8 for evacuation
[2024-03-21T13:21:21.058+0400][gc,phases   ] GC(1)   Pre Evacuate Collection Set: 0.1ms
[2024-03-21T13:21:21.058+0400][gc,phases   ] GC(1)   Merge Heap Roots: 0.0ms
[2024-03-21T13:21:21.058+0400][gc,phases   ] GC(1)   Evacuate Collection Set: 2.8ms
[2024-03-21T13:21:21.058+0400][gc,phases   ] GC(1)   Post Evacuate Collection Set: 0.2ms
[2024-03-21T13:21:21.058+0400][gc,phases   ] GC(1)   Other: 0.1ms
[2024-03-21T13:21:21.058+0400][gc,heap     ] GC(1) Eden regions: 13->0(49)
[2024-03-21T13:21:21.058+0400][gc,heap     ] GC(1) Survivor regions: 7->2(7)
[2024-03-21T13:21:21.058+0400][gc,heap     ] GC(1) Old regions: 1->8
[2024-03-21T13:21:21.058+0400][gc,heap     ] GC(1) Archive regions: 2->2
[2024-03-21T13:21:21.058+0400][gc,heap     ] GC(1) Humongous regions: 129->129
[2024-03-21T13:21:21.058+0400][gc,metaspace] GC(1) Metaspace: 21299K(21504K)->21299K(21504K) NonClass: 18727K(18816K)->18727K(18816K) Class: 2571K(2688K)->2571K(2688K)
[2024-03-21T13:21:21.058+0400][gc          ] GC(1) Pause Young (Concurrent Start) (Metadata GC Threshold) 150M->139M(1024M) 3.345ms
[2024-03-21T13:21:21.058+0400][gc,cpu      ] GC(1) User=0.01s Sys=0.01s Real=0.00s
[2024-03-21T13:21:21.058+0400][gc          ] GC(2) Concurrent Mark Cycle
[2024-03-21T13:21:21.058+0400][gc,marking  ] GC(2) Concurrent Clear Claimed Marks
[2024-03-21T13:21:21.058+0400][gc,marking  ] GC(2) Concurrent Clear Claimed Marks 0.010ms
[2024-03-21T13:21:21.058+0400][gc,marking  ] GC(2) Concurrent Scan Root Regions
[2024-03-21T13:21:21.060+0400][gc,marking  ] GC(2) Concurrent Scan Root Regions 1.306ms
[2024-03-21T13:21:21.060+0400][gc,marking  ] GC(2) Concurrent Mark
[2024-03-21T13:21:21.060+0400][gc,marking  ] GC(2) Concurrent Mark From Roots
[2024-03-21T13:21:21.060+0400][gc,task     ] GC(2) Using 2 workers of 2 for marking
[2024-03-21T13:21:21.061+0400][gc,marking  ] GC(2) Concurrent Mark From Roots 1.428ms
[2024-03-21T13:21:21.061+0400][gc,marking  ] GC(2) Concurrent Preclean
[2024-03-21T13:21:21.061+0400][gc,marking  ] GC(2) Concurrent Preclean 0.013ms
[2024-03-21T13:21:21.061+0400][gc,start    ] GC(2) Pause Remark
[2024-03-21T13:21:21.062+0400][gc          ] GC(2) Pause Remark 140M->140M(1024M) 0.806ms
[2024-03-21T13:21:21.062+0400][gc,cpu      ] GC(2) User=0.01s Sys=0.00s Real=0.00s
[2024-03-21T13:21:21.062+0400][gc,marking  ] GC(2) Concurrent Mark 2.341ms
[2024-03-21T13:21:21.062+0400][gc,marking  ] GC(2) Concurrent Rebuild Remembered Sets
[2024-03-21T13:21:21.063+0400][gc,marking  ] GC(2) Concurrent Rebuild Remembered Sets 1.279ms
[2024-03-21T13:21:21.063+0400][gc,start    ] GC(2) Pause Cleanup
[2024-03-21T13:21:21.064+0400][gc          ] GC(2) Pause Cleanup 140M->140M(1024M) 0.053ms
[2024-03-21T13:21:21.064+0400][gc,cpu      ] GC(2) User=0.00s Sys=0.00s Real=0.00s
[2024-03-21T13:21:21.064+0400][gc,marking  ] GC(2) Concurrent Cleanup for Next Mark
[2024-03-21T13:21:21.065+0400][gc,marking  ] GC(2) Concurrent Cleanup for Next Mark 1.286ms
[2024-03-21T13:21:21.065+0400][gc          ] GC(2) Concurrent Mark Cycle 6.443ms
[2024-03-21T13:21:21.326+0400][gc,start    ] GC(3) Pause Young (Normal) (G1 Evacuation Pause)
[2024-03-21T13:21:21.326+0400][gc,task     ] GC(3) Using 8 workers of 8 for evacuation
[2024-03-21T13:21:21.328+0400][gc,phases   ] GC(3)   Pre Evacuate Collection Set: 0.1ms
[2024-03-21T13:21:21.328+0400][gc,phases   ] GC(3)   Merge Heap Roots: 0.0ms
[2024-03-21T13:21:21.328+0400][gc,phases   ] GC(3)   Evacuate Collection Set: 1.9ms
[2024-03-21T13:21:21.328+0400][gc,phases   ] GC(3)   Post Evacuate Collection Set: 0.2ms
[2024-03-21T13:21:21.328+0400][gc,phases   ] GC(3)   Other: 0.1ms
[2024-03-21T13:21:21.328+0400][gc,heap     ] GC(3) Eden regions: 49->0(44)
[2024-03-21T13:21:21.328+0400][gc,heap     ] GC(3) Survivor regions: 2->7(7)
[2024-03-21T13:21:21.328+0400][gc,heap     ] GC(3) Old regions: 8->8
[2024-03-21T13:21:21.328+0400][gc,heap     ] GC(3) Archive regions: 2->2
[2024-03-21T13:21:21.328+0400][gc,heap     ] GC(3) Humongous regions: 129->129
[2024-03-21T13:21:21.328+0400][gc,metaspace] GC(3) Metaspace: 32700K(32960K)->32700K(32960K) NonClass: 29067K(29248K)->29067K(29248K) Class: 3632K(3712K)->3632K(3712K)
[2024-03-21T13:21:21.328+0400][gc          ] GC(3) Pause Young (Normal) (G1 Evacuation Pause) 188M->143M(1024M) 2.268ms
[2024-03-21T13:21:21.328+0400][gc,cpu      ] GC(3) User=0.01s Sys=0.00s Real=0.00s
[2024-03-21T14:41:16.288+0400][gc,start    ] GC(4) Pause Young (Concurrent Start) (Metadata GC Threshold)
[2024-03-21T14:41:16.289+0400][gc,task     ] GC(4) Using 8 workers of 8 for evacuation
[2024-03-21T14:41:16.305+0400][gc,phases   ] GC(4)   Pre Evacuate Collection Set: 0.5ms
[2024-03-21T14:41:16.305+0400][gc,phases   ] GC(4)   Merge Heap Roots: 0.1ms
[2024-03-21T14:41:16.305+0400][gc,phases   ] GC(4)   Evacuate Collection Set: 14.5ms
[2024-03-21T14:41:16.305+0400][gc,phases   ] GC(4)   Post Evacuate Collection Set: 0.5ms
[2024-03-21T14:41:16.305+0400][gc,phases   ] GC(4)   Other: 1.7ms
[2024-03-21T14:41:16.305+0400][gc,heap     ] GC(4) Eden regions: 34->0(49)
[2024-03-21T14:41:16.305+0400][gc,heap     ] GC(4) Survivor regions: 7->2(7)
[2024-03-21T14:41:16.305+0400][gc,heap     ] GC(4) Old regions: 8->14
[2024-03-21T14:41:16.305+0400][gc,heap     ] GC(4) Archive regions: 2->2
[2024-03-21T14:41:16.305+0400][gc,heap     ] GC(4) Humongous regions: 129->129
[2024-03-21T14:41:16.305+0400][gc,metaspace] GC(4) Metaspace: 35890K(36160K)->35890K(36160K) NonClass: 31818K(31936K)->31818K(31936K) Class: 4071K(4224K)->4071K(4224K)
[2024-03-21T14:41:16.305+0400][gc          ] GC(4) Pause Young (Concurrent Start) (Metadata GC Threshold) 177M->144M(1024M) 17.657ms
[2024-03-21T14:41:16.305+0400][gc,cpu      ] GC(4) User=0.03s Sys=0.02s Real=0.02s
[2024-03-21T14:41:16.305+0400][gc          ] GC(5) Concurrent Mark Cycle
[2024-03-21T14:41:16.305+0400][gc,marking  ] GC(5) Concurrent Clear Claimed Marks
[2024-03-21T14:41:16.305+0400][gc,marking  ] GC(5) Concurrent Clear Claimed Marks 0.050ms
[2024-03-21T14:41:16.306+0400][gc,marking  ] GC(5) Concurrent Scan Root Regions
[2024-03-21T14:41:16.309+0400][gc,marking  ] GC(5) Concurrent Scan Root Regions 3.942ms
[2024-03-21T14:41:16.310+0400][gc,marking  ] GC(5) Concurrent Mark
[2024-03-21T14:41:16.310+0400][gc,marking  ] GC(5) Concurrent Mark From Roots
[2024-03-21T14:41:16.310+0400][gc,task     ] GC(5) Using 2 workers of 2 for marking
[2024-03-21T14:41:16.317+0400][gc,marking  ] GC(5) Concurrent Mark From Roots 7.201ms
[2024-03-21T14:41:16.317+0400][gc,marking  ] GC(5) Concurrent Preclean
[2024-03-21T14:41:16.317+0400][gc,marking  ] GC(5) Concurrent Preclean 0.181ms
[2024-03-21T14:41:16.317+0400][gc,start    ] GC(5) Pause Remark
[2024-03-21T14:41:16.332+0400][gc          ] GC(5) Pause Remark 145M->145M(1024M) 14.794ms
[2024-03-21T14:41:16.332+0400][gc,cpu      ] GC(5) User=0.01s Sys=0.05s Real=0.02s
[2024-03-21T14:41:16.332+0400][gc,marking  ] GC(5) Concurrent Mark 22.702ms
[2024-03-21T14:41:16.332+0400][gc,marking  ] GC(5) Concurrent Rebuild Remembered Sets
[2024-03-21T14:41:16.338+0400][gc,marking  ] GC(5) Concurrent Rebuild Remembered Sets 5.808ms
[2024-03-21T14:41:16.339+0400][gc,start    ] GC(5) Pause Cleanup
[2024-03-21T14:41:16.339+0400][gc          ] GC(5) Pause Cleanup 145M->145M(1024M) 0.155ms
[2024-03-21T14:41:16.339+0400][gc,cpu      ] GC(5) User=0.00s Sys=0.00s Real=0.00s
[2024-03-21T14:41:16.339+0400][gc,marking  ] GC(5) Concurrent Cleanup for Next Mark
[2024-03-21T14:41:16.341+0400][gc,marking  ] GC(5) Concurrent Cleanup for Next Mark 2.053ms
[2024-03-21T14:41:16.342+0400][gc          ] GC(5) Concurrent Mark Cycle 36.804ms
[2024-03-21T17:33:00.429+0400][gc,start    ] GC(6) Pause Young (Normal) (G1 Evacuation Pause)
[2024-03-21T17:33:00.431+0400][gc,task     ] GC(6) Using 8 workers of 8 for evacuation
[2024-03-21T17:33:00.439+0400][gc,phases   ] GC(6)   Pre Evacuate Collection Set: 0.8ms
[2024-03-21T17:33:00.439+0400][gc,phases   ] GC(6)   Merge Heap Roots: 0.4ms
[2024-03-21T17:33:00.439+0400][gc,phases   ] GC(6)   Evacuate Collection Set: 6.2ms
[2024-03-21T17:33:00.439+0400][gc,phases   ] GC(6)   Post Evacuate Collection Set: 0.6ms
[2024-03-21T17:33:00.439+0400][gc,phases   ] GC(6)   Other: 1.8ms
[2024-03-21T17:33:00.439+0400][gc,heap     ] GC(6) Eden regions: 49->0(50)
[2024-03-21T17:33:00.439+0400][gc,heap     ] GC(6) Survivor regions: 2->1(7)
[2024-03-21T17:33:00.439+0400][gc,heap     ] GC(6) Old regions: 14->14
[2024-03-21T17:33:00.439+0400][gc,heap     ] GC(6) Archive regions: 2->2
[2024-03-21T17:33:00.439+0400][gc,heap     ] GC(6) Humongous regions: 129->129
[2024-03-21T17:33:00.439+0400][gc,metaspace] GC(6) Metaspace: 36106K(36416K)->36106K(36416K) NonClass: 32039K(32192K)->32039K(32192K) Class: 4066K(4224K)->4066K(4224K)
[2024-03-21T17:33:00.439+0400][gc          ] GC(6) Pause Young (Normal) (G1 Evacuation Pause) 193M->144M(1024M) 10.059ms
[2024-03-21T17:33:00.439+0400][gc,cpu      ] GC(6) User=0.01s Sys=0.01s Real=0.01s
[2024-03-22T06:01:56.841+0400][gc,start    ] GC(7) Pause Young (Normal) (G1 Evacuation Pause)
[2024-03-22T06:01:56.842+0400][gc,task     ] GC(7) Using 8 workers of 8 for evacuation
[2024-03-22T06:01:56.849+0400][gc,phases   ] GC(7)   Pre Evacuate Collection Set: 0.9ms
[2024-03-22T06:01:56.849+0400][gc,phases   ] GC(7)   Merge Heap Roots: 0.4ms
[2024-03-22T06:01:56.849+0400][gc,phases   ] GC(7)   Evacuate Collection Set: 4.6ms
[2024-03-22T06:01:56.849+0400][gc,phases   ] GC(7)   Post Evacuate Collection Set: 0.6ms
[2024-03-22T06:01:56.849+0400][gc,phases   ] GC(7)   Other: 1.8ms
[2024-03-22T06:01:56.849+0400][gc,heap     ] GC(7) Eden regions: 50->0(50)
[2024-03-22T06:01:56.849+0400][gc,heap     ] GC(7) Survivor regions: 1->1(7)
[2024-03-22T06:01:56.849+0400][gc,heap     ] GC(7) Old regions: 14->14
[2024-03-22T06:01:56.849+0400][gc,heap     ] GC(7) Archive regions: 2->2
[2024-03-22T06:01:56.849+0400][gc,heap     ] GC(7) Humongous regions: 129->129
[2024-03-22T06:01:56.849+0400][gc,metaspace] GC(7) Metaspace: 36181K(36480K)->36181K(36480K) NonClass: 32114K(32256K)->32114K(32256K) Class: 4066K(4224K)->4066K(4224K)
[2024-03-22T06:01:56.849+0400][gc          ] GC(7) Pause Young (Normal) (G1 Evacuation Pause) 194M->144M(1024M) 8.450ms
[2024-03-22T06:01:56.850+0400][gc,cpu      ] GC(7) User=0.01s Sys=0.02s Real=0.00s
[2024-03-22T19:57:26.775+0400][gc,start    ] GC(8) Pause Young (Normal) (G1 Evacuation Pause)
[2024-03-22T19:57:26.776+0400][gc,task     ] GC(8) Using 8 workers of 8 for evacuation
[2024-03-22T19:57:26.781+0400][gc,phases   ] GC(8)   Pre Evacuate Collection Set: 0.4ms
[2024-03-22T19:57:26.781+0400][gc,phases   ] GC(8)   Merge Heap Roots: 0.1ms
[2024-03-22T19:57:26.781+0400][gc,phases   ] GC(8)   Evacuate Collection Set: 3.4ms
[2024-03-22T19:57:26.781+0400][gc,phases   ] GC(8)   Post Evacuate Collection Set: 0.5ms
[2024-03-22T19:57:26.781+0400][gc,phases   ] GC(8)   Other: 0.7ms
[2024-03-22T19:57:26.781+0400][gc,heap     ] GC(8) Eden regions: 50->0(70)
[2024-03-22T19:57:26.781+0400][gc,heap     ] GC(8) Survivor regions: 1->1(7)
[2024-03-22T19:57:26.781+0400][gc,heap     ] GC(8) Old regions: 14->14
[2024-03-22T19:57:26.781+0400][gc,heap     ] GC(8) Archive regions: 2->2
[2024-03-22T19:57:26.781+0400][gc,heap     ] GC(8) Humongous regions: 129->129
[2024-03-22T19:57:26.781+0400][gc,metaspace] GC(8) Metaspace: 36211K(36544K)->36211K(36544K) NonClass: 32145K(32320K)->32145K(32320K) Class: 4066K(4224K)->4066K(4224K)
[2024-03-22T19:57:26.781+0400][gc          ] GC(8) Pause Young (Normal) (G1 Evacuation Pause) 194M->144M(1024M) 5.305ms
[2024-03-22T19:57:26.781+0400][gc,cpu      ] GC(8) User=0.00s Sys=0.01s Real=0.01s
[2024-03-22T20:18:29.938+0400][gc,start    ] GC(9) Pause Young (Normal) (G1 Evacuation Pause)
[2024-03-22T20:18:29.940+0400][gc,task     ] GC(9) Using 8 workers of 8 for evacuation
[2024-03-22T20:18:29.946+0400][gc,phases   ] GC(9)   Pre Evacuate Collection Set: 0.6ms
[2024-03-22T20:18:29.946+0400][gc,phases   ] GC(9)   Merge Heap Roots: 0.2ms
[2024-03-22T20:18:29.946+0400][gc,phases   ] GC(9)   Evacuate Collection Set: 4.6ms
[2024-03-22T20:18:29.946+0400][gc,phases   ] GC(9)   Post Evacuate Collection Set: 0.6ms
[2024-03-22T20:18:29.946+0400][gc,phases   ] GC(9)   Other: 1.6ms
[2024-03-22T20:18:29.946+0400][gc,heap     ] GC(9) Eden regions: 70->0(150)
[2024-03-22T20:18:29.946+0400][gc,heap     ] GC(9) Survivor regions: 1->2(9)
[2024-03-22T20:18:29.946+0400][gc,heap     ] GC(9) Old regions: 14->14
[2024-03-22T20:18:29.946+0400][gc,heap     ] GC(9) Archive regions: 2->2
[2024-03-22T20:18:29.946+0400][gc,heap     ] GC(9) Humongous regions: 129->129
[2024-03-22T20:18:29.946+0400][gc,metaspace] GC(9) Metaspace: 37247K(37568K)->37247K(37568K) NonClass: 32969K(33152K)->32969K(33152K) Class: 4277K(4416K)->4277K(4416K)
[2024-03-22T20:18:29.946+0400][gc          ] GC(9) Pause Young (Normal) (G1 Evacuation Pause) 214M->144M(1024M) 7.602ms
[2024-03-22T20:18:29.946+0400][gc,cpu      ] GC(9) User=0.02s Sys=0.01s Real=0.01s
[2024-03-22T20:37:24.343+0400][gc,start    ] GC(10) Pause Young (Normal) (G1 Evacuation Pause)
[2024-03-22T20:37:24.344+0400][gc,task     ] GC(10) Using 8 workers of 8 for evacuation
[2024-03-22T20:37:24.350+0400][gc,phases   ] GC(10)   Pre Evacuate Collection Set: 0.4ms
[2024-03-22T20:37:24.350+0400][gc,phases   ] GC(10)   Merge Heap Roots: 0.2ms
[2024-03-22T20:37:24.350+0400][gc,phases   ] GC(10)   Evacuate Collection Set: 3.8ms
[2024-03-22T20:37:24.350+0400][gc,phases   ] GC(10)   Post Evacuate Collection Set: 0.6ms
[2024-03-22T20:37:24.350+0400][gc,phases   ] GC(10)   Other: 1.3ms
[2024-03-22T20:37:24.350+0400][gc,heap     ] GC(10) Eden regions: 150->0(612)
[2024-03-22T20:37:24.350+0400][gc,heap     ] GC(10) Survivor regions: 2->2(19)
[2024-03-22T20:37:24.350+0400][gc,heap     ] GC(10) Old regions: 14->14
[2024-03-22T20:37:24.350+0400][gc,heap     ] GC(10) Archive regions: 2->2
[2024-03-22T20:37:24.350+0400][gc,heap     ] GC(10) Humongous regions: 129->129
[2024-03-22T20:37:24.350+0400][gc,metaspace] GC(10) Metaspace: 37279K(37568K)->37279K(37568K) NonClass: 33001K(33152K)->33001K(33152K) Class: 4277K(4416K)->4277K(4416K)
[2024-03-22T20:37:24.350+0400][gc          ] GC(10) Pause Young (Normal) (G1 Evacuation Pause) 294M->144M(1024M) 6.444ms
[2024-03-22T20:37:24.350+0400][gc,cpu      ] GC(10) User=0.01s Sys=0.01s Real=0.01s
[2024-03-22T20:45:11.527+0400][gc,heap,exit] Heap
[2024-03-22T20:45:11.527+0400][gc,heap,exit]  garbage-first heap   total 1048576K, used 227674K [0x00000007c0000000, 0x0000000800000000)
[2024-03-22T20:45:11.527+0400][gc,heap,exit]   region size 1024K, 80 young (81920K), 2 survivors (2048K)
[2024-03-22T20:45:11.527+0400][gc,heap,exit]  Metaspace       used 38175K, committed 38528K, reserved 1089536K
[2024-03-22T20:45:11.527+0400][gc,heap,exit]   class space    used 4445K, committed 4608K, reserved 1048576K
