[2024-03-24T19:08:46.514+0400][gc] Using G1
[2024-03-24T19:08:46.515+0400][gc,init] Version: 17.0.2+8-LTS-86 (release)
[2024-03-24T19:08:46.515+0400][gc,init] CPUs: 8 total, 8 available
[2024-03-24T19:08:46.515+0400][gc,init] Memory: 16384M
[2024-03-24T19:08:46.515+0400][gc,init] Large Page Support: Disabled
[2024-03-24T19:08:46.515+0400][gc,init] NUMA Support: Disabled
[2024-03-24T19:08:46.515+0400][gc,init] Compressed Oops: Enabled (Zero based)
[2024-03-24T19:08:46.515+0400][gc,init] Heap Region Size: 1M
[2024-03-24T19:08:46.515+0400][gc,init] Heap Min Capacity: 512M
[2024-03-24T19:08:46.515+0400][gc,init] Heap Initial Capacity: 512M
[2024-03-24T19:08:46.515+0400][gc,init] Heap Max Capacity: 512M
[2024-03-24T19:08:46.515+0400][gc,init] Pre-touch: Disabled
[2024-03-24T19:08:46.515+0400][gc,init] Parallel Workers: 8
[2024-03-24T19:08:46.515+0400][gc,init] Concurrent Workers: 2
[2024-03-24T19:08:46.515+0400][gc,init] Concurrent Refinement Workers: 8
[2024-03-24T19:08:46.515+0400][gc,init] Periodic GC: Disabled
[2024-03-24T19:08:46.515+0400][gc,metaspace] CDS archive(s) mapped at: [0x0000000800000000-0x0000000800bd8000-0x0000000800bd8000), size 12419072, SharedBaseAddress: 0x0000000800000000, ArchiveRelocationMode: 0.
[2024-03-24T19:08:46.515+0400][gc,metaspace] Compressed class space mapped at: 0x0000000800c00000-0x0000000840c00000, reserved size: 1073741824
[2024-03-24T19:08:46.515+0400][gc,metaspace] Narrow klass base: 0x0000000800000000, Narrow klass shift: 0, Narrow klass range: 0x100000000
[2024-03-24T19:08:58.869+0400][gc,start    ] GC(0) Pause Young (Normal) (G1 Evacuation Pause)
[2024-03-24T19:08:58.869+0400][gc,task     ] GC(0) Using 8 workers of 8 for evacuation
[2024-03-24T19:08:58.872+0400][gc,phases   ] GC(0)   Pre Evacuate Collection Set: 0.1ms
[2024-03-24T19:08:58.872+0400][gc,phases   ] GC(0)   Merge Heap Roots: 0.0ms
[2024-03-24T19:08:58.872+0400][gc,phases   ] GC(0)   Evacuate Collection Set: 2.9ms
[2024-03-24T19:08:58.872+0400][gc,phases   ] GC(0)   Post Evacuate Collection Set: 0.3ms
[2024-03-24T19:08:58.872+0400][gc,phases   ] GC(0)   Other: 0.3ms
[2024-03-24T19:08:58.872+0400][gc,heap     ] GC(0) Eden regions: 25->0(21)
[2024-03-24T19:08:58.872+0400][gc,heap     ] GC(0) Survivor regions: 0->4(4)
[2024-03-24T19:08:58.872+0400][gc,heap     ] GC(0) Old regions: 0->4
[2024-03-24T19:08:58.872+0400][gc,heap     ] GC(0) Archive regions: 2->2
[2024-03-24T19:08:58.872+0400][gc,heap     ] GC(0) Humongous regions: 0->0
[2024-03-24T19:08:58.872+0400][gc,metaspace] GC(0) Metaspace: 7875K(8064K)->7875K(8064K) NonClass: 6975K(7040K)->6975K(7040K) Class: 900K(1024K)->900K(1024K)
[2024-03-24T19:08:58.872+0400][gc          ] GC(0) Pause Young (Normal) (G1 Evacuation Pause) 25M->8M(512M) 3.616ms
[2024-03-24T19:08:58.872+0400][gc,cpu      ] GC(0) User=0.02s Sys=0.01s Real=0.01s
[2024-03-25T00:27:21.195+0400][gc,start    ] GC(1) Pause Young (Normal) (G1 Evacuation Pause)
[2024-03-25T00:27:21.197+0400][gc,task     ] GC(1) Using 8 workers of 8 for evacuation
[2024-03-25T00:27:21.206+0400][gc,phases   ] GC(1)   Pre Evacuate Collection Set: 0.3ms
[2024-03-25T00:27:21.206+0400][gc,phases   ] GC(1)   Merge Heap Roots: 0.2ms
[2024-03-25T00:27:21.206+0400][gc,phases   ] GC(1)   Evacuate Collection Set: 8.1ms
[2024-03-25T00:27:21.206+0400][gc,phases   ] GC(1)   Post Evacuate Collection Set: 0.4ms
[2024-03-25T00:27:21.206+0400][gc,phases   ] GC(1)   Other: 1.6ms
[2024-03-25T00:27:21.206+0400][gc,heap     ] GC(1) Eden regions: 21->0(24)
[2024-03-25T00:27:21.206+0400][gc,heap     ] GC(1) Survivor regions: 4->1(4)
[2024-03-25T00:27:21.206+0400][gc,heap     ] GC(1) Old regions: 4->8
[2024-03-25T00:27:21.206+0400][gc,heap     ] GC(1) Archive regions: 2->2
[2024-03-25T00:27:21.206+0400][gc,heap     ] GC(1) Humongous regions: 0->0
[2024-03-25T00:27:21.206+0400][gc,metaspace] GC(1) Metaspace: 8653K(8832K)->8653K(8832K) NonClass: 7728K(7808K)->7728K(7808K) Class: 925K(1024K)->925K(1024K)
[2024-03-25T00:27:21.206+0400][gc          ] GC(1) Pause Young (Normal) (G1 Evacuation Pause) 29M->9M(512M) 10.785ms
[2024-03-25T00:27:21.206+0400][gc,cpu      ] GC(1) User=0.02s Sys=0.01s Real=0.01s
[2024-03-25T00:48:10.458+0400][gc,heap,exit] Heap
[2024-03-25T00:48:10.459+0400][gc,heap,exit]  garbage-first heap   total 524288K, used 12756K [0x00000007e0000000, 0x0000000800000000)
[2024-03-25T00:48:10.459+0400][gc,heap,exit]   region size 1024K, 5 young (5120K), 1 survivors (1024K)
[2024-03-25T00:48:10.459+0400][gc,heap,exit]  Metaspace       used 8657K, committed 8832K, reserved 1064960K
[2024-03-25T00:48:10.459+0400][gc,heap,exit]   class space    used 925K, committed 1024K, reserved 1048576K
