[2024-03-21T13:19:00.839+0400][gc] Using G1
[2024-03-21T13:19:00.840+0400][gc,init] Version: 17.0.2+8-LTS-86 (release)
[2024-03-21T13:19:00.840+0400][gc,init] CPUs: 8 total, 8 available
[2024-03-21T13:19:00.840+0400][gc,init] Memory: 16384M
[2024-03-21T13:19:00.840+0400][gc,init] Large Page Support: Disabled
[2024-03-21T13:19:00.840+0400][gc,init] NUMA Support: Disabled
[2024-03-21T13:19:00.840+0400][gc,init] Compressed Oops: Enabled (Zero based)
[2024-03-21T13:19:00.840+0400][gc,init] Heap Region Size: 1M
[2024-03-21T13:19:00.840+0400][gc,init] Heap Min Capacity: 512M
[2024-03-21T13:19:00.840+0400][gc,init] Heap Initial Capacity: 512M
[2024-03-21T13:19:00.840+0400][gc,init] Heap Max Capacity: 512M
[2024-03-21T13:19:00.840+0400][gc,init] Pre-touch: Disabled
[2024-03-21T13:19:00.840+0400][gc,init] Parallel Workers: 8
[2024-03-21T13:19:00.840+0400][gc,init] Concurrent Workers: 2
[2024-03-21T13:19:00.840+0400][gc,init] Concurrent Refinement Workers: 8
[2024-03-21T13:19:00.840+0400][gc,init] Periodic GC: Disabled
[2024-03-21T13:19:00.841+0400][gc,metaspace] CDS archive(s) mapped at: [0x0000000800000000-0x0000000800bd8000-0x0000000800bd8000), size 12419072, SharedBaseAddress: 0x0000000800000000, ArchiveRelocationMode: 0.
[2024-03-21T13:19:00.841+0400][gc,metaspace] Compressed class space mapped at: 0x0000000800c00000-0x0000000840c00000, reserved size: 1073741824
[2024-03-21T13:19:00.841+0400][gc,metaspace] Narrow klass base: 0x0000000800000000, Narrow klass shift: 0, Narrow klass range: 0x100000000
[2024-03-21T13:21:20.722+0400][gc,start    ] GC(0) Pause Young (Normal) (G1 Evacuation Pause)
[2024-03-21T13:21:20.722+0400][gc,task     ] GC(0) Using 8 workers of 8 for evacuation
[2024-03-21T13:21:20.725+0400][gc,phases   ] GC(0)   Pre Evacuate Collection Set: 0.1ms
[2024-03-21T13:21:20.725+0400][gc,phases   ] GC(0)   Merge Heap Roots: 0.0ms
[2024-03-21T13:21:20.725+0400][gc,phases   ] GC(0)   Evacuate Collection Set: 2.1ms
[2024-03-21T13:21:20.725+0400][gc,phases   ] GC(0)   Post Evacuate Collection Set: 0.2ms
[2024-03-21T13:21:20.725+0400][gc,phases   ] GC(0)   Other: 0.4ms
[2024-03-21T13:21:20.725+0400][gc,heap     ] GC(0) Eden regions: 25->0(21)
[2024-03-21T13:21:20.725+0400][gc,heap     ] GC(0) Survivor regions: 0->4(4)
[2024-03-21T13:21:20.725+0400][gc,heap     ] GC(0) Old regions: 0->4
[2024-03-21T13:21:20.725+0400][gc,heap     ] GC(0) Archive regions: 2->2
[2024-03-21T13:21:20.725+0400][gc,heap     ] GC(0) Humongous regions: 0->0
[2024-03-21T13:21:20.725+0400][gc,metaspace] GC(0) Metaspace: 7735K(7936K)->7735K(7936K) NonClass: 6858K(6976K)->6858K(6976K) Class: 877K(960K)->877K(960K)
[2024-03-21T13:21:20.725+0400][gc          ] GC(0) Pause Young (Normal) (G1 Evacuation Pause) 25M->8M(512M) 2.836ms
[2024-03-21T13:21:20.725+0400][gc,cpu      ] GC(0) User=0.01s Sys=0.00s Real=0.00s
[2024-03-22T10:44:18.839+0400][gc,start    ] GC(1) Pause Young (Normal) (G1 Evacuation Pause)
[2024-03-22T10:44:18.840+0400][gc,task     ] GC(1) Using 8 workers of 8 for evacuation
[2024-03-22T10:44:18.851+0400][gc,phases   ] GC(1)   Pre Evacuate Collection Set: 0.5ms
[2024-03-22T10:44:18.851+0400][gc,phases   ] GC(1)   Merge Heap Roots: 0.3ms
[2024-03-22T10:44:18.851+0400][gc,phases   ] GC(1)   Evacuate Collection Set: 9.6ms
[2024-03-22T10:44:18.851+0400][gc,phases   ] GC(1)   Post Evacuate Collection Set: 0.5ms
[2024-03-22T10:44:18.851+0400][gc,phases   ] GC(1)   Other: 1.1ms
[2024-03-22T10:44:18.851+0400][gc,heap     ] GC(1) Eden regions: 21->0(24)
[2024-03-22T10:44:18.851+0400][gc,heap     ] GC(1) Survivor regions: 4->1(4)
[2024-03-22T10:44:18.851+0400][gc,heap     ] GC(1) Old regions: 4->9
[2024-03-22T10:44:18.851+0400][gc,heap     ] GC(1) Archive regions: 2->2
[2024-03-22T10:44:18.851+0400][gc,heap     ] GC(1) Humongous regions: 0->0
[2024-03-22T10:44:18.851+0400][gc,metaspace] GC(1) Metaspace: 8531K(8704K)->8531K(8704K) NonClass: 7606K(7680K)->7606K(7680K) Class: 925K(1024K)->925K(1024K)
[2024-03-22T10:44:18.851+0400][gc          ] GC(1) Pause Young (Normal) (G1 Evacuation Pause) 29M->9M(512M) 12.228ms
[2024-03-22T10:44:18.851+0400][gc,cpu      ] GC(1) User=0.02s Sys=0.02s Real=0.02s
[2024-03-22T23:43:04.206+0400][gc,start    ] GC(2) Pause Young (Normal) (G1 Evacuation Pause)
[2024-03-22T23:43:04.206+0400][gc,task     ] GC(2) Using 8 workers of 8 for evacuation
[2024-03-22T23:43:04.210+0400][gc,phases   ] GC(2)   Pre Evacuate Collection Set: 0.2ms
[2024-03-22T23:43:04.210+0400][gc,phases   ] GC(2)   Merge Heap Roots: 0.1ms
[2024-03-22T23:43:04.210+0400][gc,phases   ] GC(2)   Evacuate Collection Set: 2.7ms
[2024-03-22T23:43:04.210+0400][gc,phases   ] GC(2)   Post Evacuate Collection Set: 0.3ms
[2024-03-22T23:43:04.210+0400][gc,phases   ] GC(2)   Other: 0.4ms
[2024-03-22T23:43:04.210+0400][gc,heap     ] GC(2) Eden regions: 24->0(24)
[2024-03-22T23:43:04.210+0400][gc,heap     ] GC(2) Survivor regions: 1->1(4)
[2024-03-22T23:43:04.210+0400][gc,heap     ] GC(2) Old regions: 9->9
[2024-03-22T23:43:04.210+0400][gc,heap     ] GC(2) Archive regions: 2->2
[2024-03-22T23:43:04.210+0400][gc,heap     ] GC(2) Humongous regions: 0->0
[2024-03-22T23:43:04.210+0400][gc,metaspace] GC(2) Metaspace: 8693K(8832K)->8693K(8832K) NonClass: 7767K(7808K)->7767K(7808K) Class: 925K(1024K)->925K(1024K)
[2024-03-22T23:43:04.210+0400][gc          ] GC(2) Pause Young (Normal) (G1 Evacuation Pause) 33M->9M(512M) 3.703ms
[2024-03-22T23:43:04.210+0400][gc,cpu      ] GC(2) User=0.00s Sys=0.02s Real=0.01s
[2024-03-23T23:11:55.504+0400][gc,start    ] GC(3) Pause Young (Normal) (G1 Evacuation Pause)
[2024-03-23T23:11:55.504+0400][gc,task     ] GC(3) Using 8 workers of 8 for evacuation
[2024-03-23T23:11:55.510+0400][gc,phases   ] GC(3)   Pre Evacuate Collection Set: 0.6ms
[2024-03-23T23:11:55.510+0400][gc,phases   ] GC(3)   Merge Heap Roots: 0.2ms
[2024-03-23T23:11:55.510+0400][gc,phases   ] GC(3)   Evacuate Collection Set: 4.0ms
[2024-03-23T23:11:55.510+0400][gc,phases   ] GC(3)   Post Evacuate Collection Set: 0.4ms
[2024-03-23T23:11:55.510+0400][gc,phases   ] GC(3)   Other: 1.0ms
[2024-03-23T23:11:55.510+0400][gc,heap     ] GC(3) Eden regions: 24->0(24)
[2024-03-23T23:11:55.510+0400][gc,heap     ] GC(3) Survivor regions: 1->1(4)
[2024-03-23T23:11:55.510+0400][gc,heap     ] GC(3) Old regions: 9->9
[2024-03-23T23:11:55.510+0400][gc,heap     ] GC(3) Archive regions: 2->2
[2024-03-23T23:11:55.510+0400][gc,heap     ] GC(3) Humongous regions: 0->0
[2024-03-23T23:11:55.510+0400][gc,metaspace] GC(3) Metaspace: 8693K(8832K)->8693K(8832K) NonClass: 7767K(7808K)->7767K(7808K) Class: 925K(1024K)->925K(1024K)
[2024-03-23T23:11:55.510+0400][gc          ] GC(3) Pause Young (Normal) (G1 Evacuation Pause) 33M->9M(512M) 6.762ms
[2024-03-23T23:11:55.510+0400][gc,cpu      ] GC(3) User=0.00s Sys=0.01s Real=0.01s
[2024-03-24T12:33:26.167+0400][gc,heap,exit] Heap
[2024-03-24T12:33:26.169+0400][gc,heap,exit]  garbage-first heap   total 524288K, used 20320K [0x00000007e0000000, 0x0000000800000000)
[2024-03-24T12:33:26.169+0400][gc,heap,exit]   region size 1024K, 12 young (12288K), 1 survivors (1024K)
[2024-03-24T12:33:26.169+0400][gc,heap,exit]  Metaspace       used 8717K, committed 8960K, reserved 1064960K
[2024-03-24T12:33:26.169+0400][gc,heap,exit]   class space    used 926K, committed 1024K, reserved 1048576K
